Archive member included to satisfy reference by file (symbol)

D:/Installations/NXP/MCUXpressoIDE_11.10.0_3148/ide/plugins/com.nxp.mcuxpresso.tools.win32_11.10.0.202311280810/tools/bin/../lib/gcc/arm-none-eabi/13.2.1/../../../../arm-none-eabi/lib/thumb/v8-m.main+fp/hard\libcr_semihost_nf.a(_cr__main.o)
                              ./startup/startup_lpc55s69_cm33_core0.o (__main)
D:/Installations/NXP/MCUXpressoIDE_11.10.0_3148/ide/plugins/com.nxp.mcuxpresso.tools.win32_11.10.0.202311280810/tools/bin/../lib/gcc/arm-none-eabi/13.2.1/../../../../arm-none-eabi/lib/thumb/v8-m.main+fp/hard\libcr_c.a(memcpy.o)
                              ./utilities/fsl_str.o (memcpy)
D:/Installations/NXP/MCUXpressoIDE_11.10.0_3148/ide/plugins/com.nxp.mcuxpresso.tools.win32_11.10.0.202311280810/tools/bin/../lib/gcc/arm-none-eabi/13.2.1/../../../../arm-none-eabi/lib/thumb/v8-m.main+fp/hard\libcr_c.a(memset.o)
                              ./drivers/fsl_clock.o (memset)
D:/Installations/NXP/MCUXpressoIDE_11.10.0_3148/ide/plugins/com.nxp.mcuxpresso.tools.win32_11.10.0.202311280810/tools/bin/../lib/gcc/arm-none-eabi/13.2.1/../../../../arm-none-eabi/lib/thumb/v8-m.main+fp/hard\libcr_c.a(alloc.o)
                              ./drivers/fsl_common.o (malloc)
D:/Installations/NXP/MCUXpressoIDE_11.10.0_3148/ide/plugins/com.nxp.mcuxpresso.tools.win32_11.10.0.202311280810/tools/bin/../lib/gcc/arm-none-eabi/13.2.1/../../../../arm-none-eabi/lib/thumb/v8-m.main+fp/hard\libcr_c.a(errno.o)
                              ./utilities/fsl_str.o (errno)
D:/Installations/NXP/MCUXpressoIDE_11.10.0_3148/ide/plugins/com.nxp.mcuxpresso.tools.win32_11.10.0.202311280810/tools/bin/../lib/gcc/arm-none-eabi/13.2.1/../../../../arm-none-eabi/lib/thumb/v8-m.main+fp/hard\libcr_c.a(initio.o)
                              D:/Installations/NXP/MCUXpressoIDE_11.10.0_3148/ide/plugins/com.nxp.mcuxpresso.tools.win32_11.10.0.202311280810/tools/bin/../lib/gcc/arm-none-eabi/13.2.1/../../../../arm-none-eabi/lib/thumb/v8-m.main+fp/hard\libcr_semihost_nf.a(_cr__main.o) (_initio)
D:/Installations/NXP/MCUXpressoIDE_11.10.0_3148/ide/plugins/com.nxp.mcuxpresso.tools.win32_11.10.0.202311280810/tools/bin/../lib/gcc/arm-none-eabi/13.2.1/../../../../arm-none-eabi/lib/thumb/v8-m.main+fp/hard\libcr_c.a(printf.o)
                              ./utilities/fsl_assert.o (_printf)
D:/Installations/NXP/MCUXpressoIDE_11.10.0_3148/ide/plugins/com.nxp.mcuxpresso.tools.win32_11.10.0.202311280810/tools/bin/../lib/gcc/arm-none-eabi/13.2.1/../../../../arm-none-eabi/lib/thumb/v8-m.main+fp/hard\libcr_c.a(scanf.o)
                              ./utilities/fsl_str.o (strtoul)
D:/Installations/NXP/MCUXpressoIDE_11.10.0_3148/ide/plugins/com.nxp.mcuxpresso.tools.win32_11.10.0.202311280810/tools/bin/../lib/gcc/arm-none-eabi/13.2.1/../../../../arm-none-eabi/lib/thumb/v8-m.main+fp/hard\libcr_c.a(setvbuf.o)
                              D:/Installations/NXP/MCUXpressoIDE_11.10.0_3148/ide/plugins/com.nxp.mcuxpresso.tools.win32_11.10.0.202311280810/tools/bin/../lib/gcc/arm-none-eabi/13.2.1/../../../../arm-none-eabi/lib/thumb/v8-m.main+fp/hard\libcr_c.a(initio.o) (setvbuf)
D:/Installations/NXP/MCUXpressoIDE_11.10.0_3148/ide/plugins/com.nxp.mcuxpresso.tools.win32_11.10.0.202311280810/tools/bin/../lib/gcc/arm-none-eabi/13.2.1/../../../../arm-none-eabi/lib/thumb/v8-m.main+fp/hard\libcr_c.a(strlen.o)
                              ./utilities/fsl_str.o (strlen)
D:/Installations/NXP/MCUXpressoIDE_11.10.0_3148/ide/plugins/com.nxp.mcuxpresso.tools.win32_11.10.0.202311280810/tools/bin/../lib/gcc/arm-none-eabi/13.2.1/../../../../arm-none-eabi/lib/thumb/v8-m.main+fp/hard\libcr_c.a(ungetc.o)
                              D:/Installations/NXP/MCUXpressoIDE_11.10.0_3148/ide/plugins/com.nxp.mcuxpresso.tools.win32_11.10.0.202311280810/tools/bin/../lib/gcc/arm-none-eabi/13.2.1/../../../../arm-none-eabi/lib/thumb/v8-m.main+fp/hard\libcr_c.a(scanf.o) (ungetc)
D:/Installations/NXP/MCUXpressoIDE_11.10.0_3148/ide/plugins/com.nxp.mcuxpresso.tools.win32_11.10.0.202311280810/tools/bin/../lib/gcc/arm-none-eabi/13.2.1/../../../../arm-none-eabi/lib/thumb/v8-m.main+fp/hard\libcr_c.a(__fillbuf.o)
                              D:/Installations/NXP/MCUXpressoIDE_11.10.0_3148/ide/plugins/com.nxp.mcuxpresso.tools.win32_11.10.0.202311280810/tools/bin/../lib/gcc/arm-none-eabi/13.2.1/../../../../arm-none-eabi/lib/thumb/v8-m.main+fp/hard\libcr_c.a(scanf.o) (__filbuf)
D:/Installations/NXP/MCUXpressoIDE_11.10.0_3148/ide/plugins/com.nxp.mcuxpresso.tools.win32_11.10.0.202311280810/tools/bin/../lib/gcc/arm-none-eabi/13.2.1/../../../../arm-none-eabi/lib/thumb/v8-m.main+fp/hard\libcr_c.a(__init_alloc.o)
                              D:/Installations/NXP/MCUXpressoIDE_11.10.0_3148/ide/plugins/com.nxp.mcuxpresso.tools.win32_11.10.0.202311280810/tools/bin/../lib/gcc/arm-none-eabi/13.2.1/../../../../arm-none-eabi/lib/thumb/v8-m.main+fp/hard\libcr_c.a(alloc.o) (__heaps)
[...]
Memory Configuration

Name             Origin             Length             Attributes
PROGRAM_FLASH    0x00000000         0x0009d800         xr
SRAM             0x20000000         0x00040000         xrw
SRAMX            0x04000000         0x00008000         xrw
USB_RAM          0x40100000         0x00004000         xrw
SRAM4            0x20040000         0x00004000         xrw
*default*        0x00000000         0xffffffff

Linker script and memory map

LOAD ./utilities/fsl_assert.o
LOAD ./utilities/fsl_debug_console.o
LOAD ./utilities/fsl_str.o
LOAD ./startup/boot_multicore_slave.o
LOAD ./startup/startup_lpc55s69_cm33_core0.o
LOAD ./source/Lab3.o
LOAD ./source/semihost_hardfault.o
LOAD ./drivers/fsl_clock.o
LOAD ./drivers/fsl_common.o
LOAD ./drivers/fsl_common_arm.o
LOAD ./drivers/fsl_flexcomm.o
LOAD ./drivers/fsl_gpio.o
LOAD ./drivers/fsl_i2c.o
LOAD ./drivers/fsl_inputmux.o
LOAD ./drivers/fsl_pint.o
LOAD ./drivers/fsl_power.o
LOAD ./drivers/fsl_reset.o
LOAD ./drivers/fsl_usart.o
LOAD ./device/system_LPC55S69_cm33_core0.o
LOAD ./component/uart/fsl_adapter_usart.o
LOAD ./component/serial_manager/fsl_component_serial_manager.o
LOAD ./component/serial_manager/fsl_component_serial_port_uart.o
LOAD ./component/lists/fsl_component_generic_list.o
LOAD ./board/board.o
LOAD ./board/clock_config.o
LOAD ./board/peripherals.o
LOAD ./board/pin_mux.o
START GROUP
LOAD D:/Installations/NXP/MCUXpressoIDE_11.10.0_3148/ide/plugins/com.nxp.mcuxpresso.tools.win32_11.10.0.202311280810/tools/bin/../lib/gcc/arm-none-eabi/13.2.1/../../../../arm-none-eabi/lib/thumb/v8-m.main+fp/hard\libcr_semihost_nf.a
LOAD D:/Installations/NXP/MCUXpressoIDE_11.10.0_3148/ide/plugins/com.nxp.mcuxpresso.tools.win32_11.10.0.202311280810/tools/bin/../lib/gcc/arm-none-eabi/13.2.1/../../../../arm-none-eabi/lib/thumb/v8-m.main+fp/hard\libcr_c.a
LOAD D:/Installations/NXP/MCUXpressoIDE_11.10.0_3148/ide/plugins/com.nxp.mcuxpresso.tools.win32_11.10.0.202311280810/tools/bin/../lib/gcc/arm-none-eabi/13.2.1/thumb/v8-m.main+fp/hard\libcr_eabihelpers.a
LOAD D:/Installations/NXP/MCUXpressoIDE_11.10.0_3148/ide/plugins/com.nxp.mcuxpresso.tools.win32_11.10.0.202311280810/tools/bin/../lib/gcc/arm-none-eabi/13.2.1/thumb/v8-m.main+fp/hard\libgcc.a
END GROUP
                0x00000000                        __base_PROGRAM_FLASH = 0x0
                0x00000000                        __base_Flash = 0x0
                0x0009d800                        __top_PROGRAM_FLASH = 0x9d800
                0x0009d800                        __top_Flash = 0x9d800
                0x20000000                        __base_SRAM = 0x20000000
                0x20000000                        __base_RAM = 0x20000000
                0x20040000                        __top_SRAM = 0x20040000
                0x20040000                        __top_RAM = 0x20040000
                0x04000000                        __base_SRAMX = 0x4000000
                0x04000000                        __base_RAM2 = 0x4000000
                0x04008000                        __top_SRAMX = 0x4008000
                0x04008000                        __top_RAM2 = 0x4008000
                0x40100000                        __base_USB_RAM = 0x40100000
                0x40100000                        __base_RAM3 = 0x40100000
                0x40104000                        __top_USB_RAM = 0x40104000
                0x40104000                        __top_RAM3 = 0x40104000
                0x20040000                        __base_SRAM4 = 0x20040000
                0x20040000                        __base_RAM4 = 0x20040000
                0x20044000                        __top_SRAM4 = 0x20044000
                0x20044000                        __top_RAM4 = 0x20044000

.text           0x00000000     0x3794
 FILL mask 0xff
                0x00000000                        __vectors_start__ = ABSOLUTE (.)
 *(SORT_BY_ALIGNMENT(.isr_vector))
 .isr_vector    0x00000000      0x130 ./startup/startup_lpc55s69_cm33_core0.o
                0x00000000                g_pfnVectors
                0x00000000                __Vectors
                0x00000130                        . = ALIGN (0x4)
                0x00000130                        __section_table_start = .
                0x00000130                        __data_section_table = .
                0x00000130        0x4 LONG 0x3794 LOADADDR (.data)
                0x00000134        0x4 LONG 0x20000000 ADDR (.data)
                0x00000138        0x4 LONG 0x8 SIZEOF (.data)
                0x0000013c        0x4 LONG 0x3794 LOADADDR (.data_RAM2)
                0x00000140        0x4 LONG 0x4000000 ADDR (.data_RAM2)
                0x00000144        0x4 LONG 0x0 SIZEOF (.data_RAM2)
                0x00000148        0x4 LONG 0x3794 LOADADDR (.data_RAM3)
                0x0000014c        0x4 LONG 0x40100000 ADDR (.data_RAM3)
                0x00000150        0x4 LONG 0x0 SIZEOF (.data_RAM3)
                0x00000154        0x4 LONG 0x3794 LOADADDR (.data_RAM4)
                0x00000158        0x4 LONG 0x20040000 ADDR (.data_RAM4)
                0x0000015c        0x4 LONG 0x0 SIZEOF (.data_RAM4)
                0x00000160                        __data_section_table_end = .
                0x00000160                        __bss_section_table = .
                0x00000160        0x4 LONG 0x20000008 ADDR (.bss)
                0x00000164        0x4 LONG 0x138 SIZEOF (.bss)
                0x00000168        0x4 LONG 0x4000000 ADDR (.bss_RAM2)
                0x0000016c        0x4 LONG 0x0 SIZEOF (.bss_RAM2)
                0x00000170        0x4 LONG 0x40100000 ADDR (.bss_RAM3)
                0x00000174        0x4 LONG 0x0 SIZEOF (.bss_RAM3)
                0x00000178        0x4 LONG 0x20040000 ADDR (.bss_RAM4)
                0x0000017c        0x4 LONG 0x0 SIZEOF (.bss_RAM4)
                0x00000180                        __bss_section_table_end = .
                0x00000180                        __section_table_end = .
 *(SORT_BY_ALIGNMENT(.after_vectors*))
 .after_vectors.reset
                0x00000180       0x68 ./startup/startup_lpc55s69_cm33_core0.o
                0x00000180                ResetISR
 .after_vectors.init_data
                0x000001e8       0x1e ./startup/startup_lpc55s69_cm33_core0.o
                0x000001e8                data_init
 .after_vectors.init_bss
                0x00000206       0x12 ./startup/startup_lpc55s69_cm33_core0.o
                0x00000206                bss_init
 .after_vectors
                0x00000218       0x16 ./startup/startup_lpc55s69_cm33_core0.o
                0x00000218                NMI_Handler
                0x0000021c                MemManage_Handler
                0x0000021e                BusFault_Handler
                0x00000220                UsageFault_Handler
                0x00000222                SecureFault_Handler
                0x00000224                SVC_Handler
                0x00000226                DebugMon_Handler
                0x00000228                PendSV_Handler
                0x0000022a                SysTick_Handler
                0x0000022c                CTIMER2_DriverIRQHandler
                0x0000022c                Reserved56_DriverIRQHandler
                0x0000022c                IntDefaultHandler
                0x0000022c                USB0_DriverIRQHandler
                0x0000022c                CASER_DriverIRQHandler
                0x0000022c                MRT0_DriverIRQHandler
                0x0000022c                UTICK0_DriverIRQHandler
                0x0000022c                Reserved41_DriverIRQHandler
                0x0000022c                CTIMER4_DriverIRQHandler
                0x0000022c                GINT1_DriverIRQHandler
                0x0000022c                Reserved55_DriverIRQHandler
                0x0000022c                HASHCRYPT_DriverIRQHandler
                0x0000022c                USB0_NEEDCLK_DriverIRQHandler
                0x0000022c                SEC_VIO_DriverIRQHandler
                0x0000022c                CTIMER1_DriverIRQHandler
                0x0000022c                Reserved42_DriverIRQHandler
                0x0000022c                PQ_DriverIRQHandler
                0x0000022c                MAILBOX_DriverIRQHandler
                0x0000022c                CTIMER3_DriverIRQHandler
                0x0000022c                Reserved61_DriverIRQHandler
                0x0000022c                PUF_DriverIRQHandler
                0x0000022c                RTC_DriverIRQHandler
                0x0000022c                DMA0_DriverIRQHandler
                0x0000022c                Reserved39_DriverIRQHandler
                0x0000022c                USB1_DriverIRQHandler
                0x0000022c                Reserved60_DriverIRQHandler
                0x0000022c                DMA1_DriverIRQHandler
                0x0000022c                ADC0_DriverIRQHandler
                0x0000022c                USB1_NEEDCLK_DriverIRQHandler
                0x0000022c                Reserved59_DriverIRQHandler
                0x0000022c                SDIO_DriverIRQHandler
                0x0000022c                GINT0_DriverIRQHandler
                0x0000022c                USB1_PHY_DriverIRQHandler
                0x0000022c                ACMP_DriverIRQHandler
                0x0000022c                Reserved57_DriverIRQHandler
                0x0000022c                CTIMER0_DriverIRQHandler
                0x0000022c                Reserved46_DriverIRQHandler
                0x0000022c                WDT_BOD_DriverIRQHandler
                0x0000022c                SCT0_DriverIRQHandler
                0x0000022c                PLU_DriverIRQHandler
                0x0000022c                OS_EVENT_DriverIRQHandler
                0x0000022c                SEC_HYPERVISOR_CALL_DriverIRQHandler
 *(SORT_BY_ALIGNMENT(.text*))
 *fill*         0x0000022e        0x2 ff
 .text.__assertion_failed
                0x00000230       0x2c ./utilities/fsl_assert.o
                0x00000230                __assertion_failed
 .text.cbPint   0x0000025c       0x24 ./source/Lab3.o
                0x0000025c                cbPint
 .text.main     0x00000280       0x34 ./source/Lab3.o
                0x00000280                main
 .text.POWER_EnablePD
                0x000002b4       0x20 ./drivers/fsl_clock.o
 .text.POWER_DisablePD
                0x000002d4       0x20 ./drivers/fsl_clock.o
 .text.CLOCK_AttachClk
                0x000002f4       0xa0 ./drivers/fsl_clock.o
                0x000002f4                CLOCK_AttachClk
 .text.CLOCK_SetClkDiv
                0x00000394       0x80 ./drivers/fsl_clock.o
                0x00000394                CLOCK_SetClkDiv
 .text.CLOCK_SetupFROClocking
                0x00000414       0x80 ./drivers/fsl_clock.o
                0x00000414                CLOCK_SetupFROClocking
 .text.CLOCK_SetFLASHAccessCyclesForFreq
                0x00000494      0x17c ./drivers/fsl_clock.o
                0x00000494                CLOCK_SetFLASHAccessCyclesForFreq
 .text.CLOCK_SetupExtClocking
                0x00000610       0x64 ./drivers/fsl_clock.o
                0x00000610                CLOCK_SetupExtClocking
 .text.CLOCK_GetFro1MFreq
                0x00000674       0x28 ./drivers/fsl_clock.o
                0x00000674                CLOCK_GetFro1MFreq
 .text.CLOCK_GetExtClkFreq
                0x0000069c       0x2c ./drivers/fsl_clock.o
                0x0000069c                CLOCK_GetExtClkFreq
 .text.CLOCK_GetOsc32KFreq
                0x000006c8       0x58 ./drivers/fsl_clock.o
                0x000006c8                CLOCK_GetOsc32KFreq
 .text.CLOCK_GetPLL0InClockRate
                0x00000720       0x64 ./drivers/fsl_clock.o
                0x00000720                CLOCK_GetPLL0InClockRate
 .text.CLOCK_SetPLL0Freq
                0x00000784      0x14c ./drivers/fsl_clock.o
                0x00000784                CLOCK_SetPLL0Freq
 .text.SDK_DelayAtLeastUs
                0x000008d0       0x8c ./drivers/fsl_common_arm.o
                0x000008d0                SDK_DelayAtLeastUs
 .text.FLEXCOMM_GetInstance
                0x0000095c       0x4c ./drivers/fsl_flexcomm.o
                0x0000095c                FLEXCOMM_GetInstance
 .text.FLEXCOMM0_DriverIRQHandler
                0x000009a8       0x5c ./drivers/fsl_flexcomm.o
                0x000009a8                FLEXCOMM0_DriverIRQHandler
 .text.FLEXCOMM1_DriverIRQHandler
                0x00000a04       0x5c ./drivers/fsl_flexcomm.o
                0x00000a04                FLEXCOMM1_DriverIRQHandler
 .text.FLEXCOMM2_DriverIRQHandler
                0x00000a60       0x5c ./drivers/fsl_flexcomm.o
                0x00000a60                FLEXCOMM2_DriverIRQHandler
 .text.FLEXCOMM3_DriverIRQHandler
                0x00000abc       0x5c ./drivers/fsl_flexcomm.o
                0x00000abc                FLEXCOMM3_DriverIRQHandler
 .text.FLEXCOMM4_DriverIRQHandler
                0x00000b18       0x5c ./drivers/fsl_flexcomm.o
                0x00000b18                FLEXCOMM4_DriverIRQHandler
 .text.FLEXCOMM5_DriverIRQHandler
                0x00000b74       0x5c ./drivers/fsl_flexcomm.o
                0x00000b74                FLEXCOMM5_DriverIRQHandler
 .text.FLEXCOMM6_DriverIRQHandler
                0x00000bd0       0x5c ./drivers/fsl_flexcomm.o
                0x00000bd0                FLEXCOMM6_DriverIRQHandler
 .text.FLEXCOMM7_DriverIRQHandler
                0x00000c2c       0x5c ./drivers/fsl_flexcomm.o
                0x00000c2c                FLEXCOMM7_DriverIRQHandler
 .text.FLEXCOMM8_DriverIRQHandler
                0x00000c88       0x5c ./drivers/fsl_flexcomm.o
                0x00000c88                FLEXCOMM8_DriverIRQHandler
 .text.__NVIC_EnableIRQ
                0x00000ce4       0x3c ./drivers/fsl_pint.o
 .text.__NVIC_ClearPendingIRQ
                0x00000d20       0x3c ./drivers/fsl_pint.o
 .text.PINT_GetInstance
                0x00000d5c       0x4c ./drivers/fsl_pint.o
 .text.PINT_Init
                0x00000da8       0xd8 ./drivers/fsl_pint.o
                0x00000da8                PINT_Init
 .text.PINT_PinInterruptConfig
                0x00000e80       0xd8 ./drivers/fsl_pint.o
                0x00000e80                PINT_PinInterruptConfig
 .text.PINT_EnableCallbackByIndex
                0x00000f58       0x64 ./drivers/fsl_pint.o
                0x00000f58                PINT_EnableCallbackByIndex
 .text.SEC_GPIO_INT0_IRQ0_DriverIRQHandler
                0x00000fbc       0x64 ./drivers/fsl_pint.o
                0x00000fbc                SEC_GPIO_INT0_IRQ0_DriverIRQHandler
 .text.SEC_GPIO_INT0_IRQ1_DriverIRQHandler
                0x00001020       0x60 ./drivers/fsl_pint.o
                0x00001020                SEC_GPIO_INT0_IRQ1_DriverIRQHandler
 .text.PIN_INT0_DriverIRQHandler
                0x00001080       0x4c ./drivers/fsl_pint.o
                0x00001080                PIN_INT0_DriverIRQHandler
 .text.PIN_INT1_DriverIRQHandler
                0x000010cc       0x4c ./drivers/fsl_pint.o
                0x000010cc                PIN_INT1_DriverIRQHandler
 .text.PIN_INT2_DriverIRQHandler
                0x00001118       0x4c ./drivers/fsl_pint.o
                0x00001118                PIN_INT2_DriverIRQHandler
 .text.PIN_INT3_DriverIRQHandler
                0x00001164       0x4c ./drivers/fsl_pint.o
                0x00001164                PIN_INT3_DriverIRQHandler
 .text.PIN_INT4_DriverIRQHandler
                0x000011b0       0x4c ./drivers/fsl_pint.o
                0x000011b0                PIN_INT4_DriverIRQHandler
 .text.PIN_INT5_DriverIRQHandler
                0x000011fc       0x4c ./drivers/fsl_pint.o
                0x000011fc                PIN_INT5_DriverIRQHandler
 .text.PIN_INT6_DriverIRQHandler
                0x00001248       0x4c ./drivers/fsl_pint.o
                0x00001248                PIN_INT6_DriverIRQHandler
 .text.PIN_INT7_DriverIRQHandler
                0x00001294       0x4c ./drivers/fsl_pint.o
                0x00001294                PIN_INT7_DriverIRQHandler
 .text.lowpower_set_system_voltage
                0x000012e0      0x154 ./drivers/fsl_power.o
 .text.lowpower_set_dcdc_power_profile
                0x00001434       0xec ./drivers/fsl_power.o
 .text.lowpower_get_part_process_corner
                0x00001520       0x94 ./drivers/fsl_power.o
 .text.POWER_SetVoltageForFreq
                0x000015b4       0x50 ./drivers/fsl_power.o
                0x000015b4                POWER_SetVoltageForFreq
 .text.RESET_ClearPeripheralReset
                0x00001604       0x60 ./drivers/fsl_reset.o
                0x00001604                RESET_ClearPeripheralReset
 .text.SystemInit
                0x00001664       0x64 ./device/system_LPC55S69_cm33_core0.o
                0x00001664                SystemInit
 .text.BOARD_InitDebugConsole
                0x000016c8       0x38 ./board/board.o
                0x000016c8                BOARD_InitDebugConsole
 .text.POWER_DisablePD
                0x00001700       0x20 ./board/clock_config.o
 .text.BOARD_BootClockPLL150M
                0x00001720       0xe0 ./board/clock_config.o
                0x00001720                BOARD_BootClockPLL150M
 .text.PINT_init
                0x00001800       0x2c ./board/peripherals.o
 .text.BOARD_InitPins
                0x0000182c       0x68 ./board/pin_mux.o
                0x0000182c                BOARD_InitPins
 .text.malloc   0x00001894       0xc8 D:/Installations/NXP/MCUXpressoIDE_11.10.0_3148/ide/plugins/com.nxp.mcuxpresso.tools.win32_11.10.0.202311280810/tools/bin/../lib/gcc/arm-none-eabi/13.2.1/../../../../arm-none-eabi/lib/thumb/v8-m.main+fp/hard\libcr_c.a(alloc.o)
                0x00001894                malloc
 .text._Csys_alloc
                0x0000195c       0x20 D:/Installations/NXP/MCUXpressoIDE_11.10.0_3148/ide/plugins/com.nxp.mcuxpresso.tools.win32_11.10.0.202311280810/tools/bin/../lib/gcc/arm-none-eabi/13.2.1/../../../../arm-none-eabi/lib/thumb/v8-m.main+fp/hard\libcr_c.a(alloc.o)
                0x0000195c                _Csys_alloc
 .text._initio  0x0000197c       0x78 D:/Installations/NXP/MCUXpressoIDE_11.10.0_3148/ide/plugins/com.nxp.mcuxpresso.tools.win32_11.10.0.202311280810/tools/bin/../lib/gcc/arm-none-eabi/13.2.1/../../../../arm-none-eabi/lib/thumb/v8-m.main+fp/hard\libcr_c.a(initio.o)
                0x0000197c                _initio
 .text.__vfprintf
                0x000019f4      0xb70 D:/Installations/NXP/MCUXpressoIDE_11.10.0_3148/ide/plugins/com.nxp.mcuxpresso.tools.win32_11.10.0.202311280810/tools/bin/../lib/gcc/arm-none-eabi/13.2.1/../../../../arm-none-eabi/lib/thumb/v8-m.main+fp/hard\libcr_c.a(printf.o)
                0x000019f4                __vfprintf
 .text._vsnprintf
                0x00002564       0x68 D:/Installations/NXP/MCUXpressoIDE_11.10.0_3148/ide/plugins/com.nxp.mcuxpresso.tools.win32_11.10.0.202311280810/tools/bin/../lib/gcc/arm-none-eabi/13.2.1/../../../../arm-none-eabi/lib/thumb/v8-m.main+fp/hard\libcr_c.a(printf.o)
                0x00002564                _vsnprintf
 .text._printf  0x000025cc       0x54 D:/Installations/NXP/MCUXpressoIDE_11.10.0_3148/ide/plugins/com.nxp.mcuxpresso.tools.win32_11.10.0.202311280810/tools/bin/../lib/gcc/arm-none-eabi/13.2.1/../../../../arm-none-eabi/lib/thumb/v8-m.main+fp/hard\libcr_c.a(printf.o)
                0x000025cc                _printf
 .text._sbrk    0x00002620       0x3c D:/Installations/NXP/MCUXpressoIDE_11.10.0_3148/ide/plugins/com.nxp.mcuxpresso.tools.win32_11.10.0.202311280810/tools/bin/../lib/gcc/arm-none-eabi/13.2.1/../../../../arm-none-eabi/lib/thumb/v8-m.main+fp/hard\libcr_c.a(_cr_sbrk.o)
                0x00002620                _sbrk
 .text._Cwritebuf
                0x0000265c       0x6c D:/Installations/NXP/MCUXpressoIDE_11.10.0_3148/ide/plugins/com.nxp.mcuxpresso.tools.win32_11.10.0.202311280810/tools/bin/../lib/gcc/arm-none-eabi/13.2.1/../../../../arm-none-eabi/lib/thumb/v8-m.main+fp/hard\libcr_c.a(_writebuf.o)
                0x0000265c                _Cwritebuf
 .text.fflush   0x000026c8       0x3c D:/Installations/NXP/MCUXpressoIDE_11.10.0_3148/ide/plugins/com.nxp.mcuxpresso.tools.win32_11.10.0.202311280810/tools/bin/../lib/gcc/arm-none-eabi/13.2.1/../../../../arm-none-eabi/lib/thumb/v8-m.main+fp/hard\libcr_c.a(fflush.o)
                0x000026c8                fflush
 .text.fseek    0x00002704       0xf8 D:/Installations/NXP/MCUXpressoIDE_11.10.0_3148/ide/plugins/com.nxp.mcuxpresso.tools.win32_11.10.0.202311280810/tools/bin/../lib/gcc/arm-none-eabi/13.2.1/../../../../arm-none-eabi/lib/thumb/v8-m.main+fp/hard\libcr_c.a(fseek.o)
                0x00002704                fseek
 .text.ftell    0x000027fc       0x44 D:/Installations/NXP/MCUXpressoIDE_11.10.0_3148/ide/plugins/com.nxp.mcuxpresso.tools.win32_11.10.0.202311280810/tools/bin/../lib/gcc/arm-none-eabi/13.2.1/../../../../arm-none-eabi/lib/thumb/v8-m.main+fp/hard\libcr_c.a(ftell.o)
                0x000027fc                ftell
 .text.__check_heap_overflow
                0x00002840       0x18 D:/Installations/NXP/MCUXpressoIDE_11.10.0_3148/ide/plugins/com.nxp.mcuxpresso.tools.win32_11.10.0.202311280810/tools/bin/../lib/gcc/arm-none-eabi/13.2.1/../../../../arm-none-eabi/lib/thumb/v8-m.main+fp/hard\libcr_c.a(_cr_check_heap.o)
                0x00002840                __check_heap_overflow
 .text.__sys_appexit
                0x00002858        0xc D:/Installations/NXP/MCUXpressoIDE_11.10.0_3148/ide/plugins/com.nxp.mcuxpresso.tools.win32_11.10.0.202311280810/tools/bin/../lib/gcc/arm-none-eabi/13.2.1/../../../../arm-none-eabi/lib/thumb/v8-m.main+fp/hard\libcr_semihost_nf.a(__sys_appexit.o)
                0x00002858                __sys_appexit
                0x00002858                __exit
 .text.fsl_assert_hook
                0x00002864       0x1a ./utilities/fsl_assert.o
                0x00002864                fsl_assert_hook
 .text.WDT_BOD_IRQHandler
                0x0000287e        0x8 ./startup/startup_lpc55s69_cm33_core0.o
                0x0000287e                WDT_BOD_IRQHandler
 .text.DMA0_IRQHandler
                0x00002886        0x8 ./startup/startup_lpc55s69_cm33_core0.o
                0x00002886                DMA0_IRQHandler
 .text.GINT0_IRQHandler
                0x0000288e        0x8 ./startup/startup_lpc55s69_cm33_core0.o
                0x0000288e                GINT0_IRQHandler
 .text.GINT1_IRQHandler
                0x00002896        0x8 ./startup/startup_lpc55s69_cm33_core0.o
                0x00002896                GINT1_IRQHandler
 .text.PIN_INT0_IRQHandler
                0x0000289e        0x8 ./startup/startup_lpc55s69_cm33_core0.o
                0x0000289e                PIN_INT0_IRQHandler
 .text.PIN_INT1_IRQHandler
                0x000028a6        0x8 ./startup/startup_lpc55s69_cm33_core0.o
                0x000028a6                PIN_INT1_IRQHandler
 .text.PIN_INT2_IRQHandler
                0x000028ae        0x8 ./startup/startup_lpc55s69_cm33_core0.o
                0x000028ae                PIN_INT2_IRQHandler
 .text.PIN_INT3_IRQHandler
                0x000028b6        0x8 ./startup/startup_lpc55s69_cm33_core0.o
                0x000028b6                PIN_INT3_IRQHandler
 .text.UTICK0_IRQHandler
                0x000028be        0x8 ./startup/startup_lpc55s69_cm33_core0.o
                0x000028be                UTICK0_IRQHandler
 .text.MRT0_IRQHandler
                0x000028c6        0x8 ./startup/startup_lpc55s69_cm33_core0.o
                0x000028c6                MRT0_IRQHandler
 .text.CTIMER0_IRQHandler
                0x000028ce        0x8 ./startup/startup_lpc55s69_cm33_core0.o
                0x000028ce                CTIMER0_IRQHandler
 .text.CTIMER1_IRQHandler
                0x000028d6        0x8 ./startup/startup_lpc55s69_cm33_core0.o
                0x000028d6                CTIMER1_IRQHandler
 .text.SCT0_IRQHandler
                0x000028de        0x8 ./startup/startup_lpc55s69_cm33_core0.o
                0x000028de                SCT0_IRQHandler
 .text.CTIMER3_IRQHandler
                0x000028e6        0x8 ./startup/startup_lpc55s69_cm33_core0.o
                0x000028e6                CTIMER3_IRQHandler
 .text.FLEXCOMM0_IRQHandler
                0x000028ee        0x8 ./startup/startup_lpc55s69_cm33_core0.o
                0x000028ee                FLEXCOMM0_IRQHandler
 .text.FLEXCOMM1_IRQHandler
                0x000028f6        0x8 ./startup/startup_lpc55s69_cm33_core0.o
                0x000028f6                FLEXCOMM1_IRQHandler
 .text.FLEXCOMM2_IRQHandler
                0x000028fe        0x8 ./startup/startup_lpc55s69_cm33_core0.o
                0x000028fe                FLEXCOMM2_IRQHandler
 .text.FLEXCOMM3_IRQHandler
                0x00002906        0x8 ./startup/startup_lpc55s69_cm33_core0.o
                0x00002906                FLEXCOMM3_IRQHandler
 .text.FLEXCOMM4_IRQHandler
                0x0000290e        0x8 ./startup/startup_lpc55s69_cm33_core0.o
                0x0000290e                FLEXCOMM4_IRQHandler
 .text.FLEXCOMM5_IRQHandler
                0x00002916        0x8 ./startup/startup_lpc55s69_cm33_core0.o
                0x00002916                FLEXCOMM5_IRQHandler
 .text.FLEXCOMM6_IRQHandler
                0x0000291e        0x8 ./startup/startup_lpc55s69_cm33_core0.o
                0x0000291e                FLEXCOMM6_IRQHandler
 .text.FLEXCOMM7_IRQHandler
                0x00002926        0x8 ./startup/startup_lpc55s69_cm33_core0.o
                0x00002926                FLEXCOMM7_IRQHandler
 .text.ADC0_IRQHandler
                0x0000292e        0x8 ./startup/startup_lpc55s69_cm33_core0.o
                0x0000292e                ADC0_IRQHandler
 .text.Reserved39_IRQHandler
                0x00002936        0x8 ./startup/startup_lpc55s69_cm33_core0.o
                0x00002936                Reserved39_IRQHandler
 .text.ACMP_IRQHandler
                0x0000293e        0x8 ./startup/startup_lpc55s69_cm33_core0.o
                0x0000293e                ACMP_IRQHandler
 .text.Reserved41_IRQHandler
                0x00002946        0x8 ./startup/startup_lpc55s69_cm33_core0.o
                0x00002946                Reserved41_IRQHandler
 .text.Reserved42_IRQHandler
                0x0000294e        0x8 ./startup/startup_lpc55s69_cm33_core0.o
                0x0000294e                Reserved42_IRQHandler
 .text.USB0_NEEDCLK_IRQHandler
                0x00002956        0x8 ./startup/startup_lpc55s69_cm33_core0.o
                0x00002956                USB0_NEEDCLK_IRQHandler
 .text.USB0_IRQHandler
                0x0000295e        0x8 ./startup/startup_lpc55s69_cm33_core0.o
                0x0000295e                USB0_IRQHandler
 .text.RTC_IRQHandler
                0x00002966        0x8 ./startup/startup_lpc55s69_cm33_core0.o
                0x00002966                RTC_IRQHandler
 .text.Reserved46_IRQHandler
                0x0000296e        0x8 ./startup/startup_lpc55s69_cm33_core0.o
                0x0000296e                Reserved46_IRQHandler
 .text.MAILBOX_IRQHandler
                0x00002976        0x8 ./startup/startup_lpc55s69_cm33_core0.o
                0x00002976                MAILBOX_IRQHandler
 .text.PIN_INT4_IRQHandler
                0x0000297e        0x8 ./startup/startup_lpc55s69_cm33_core0.o
                0x0000297e                PIN_INT4_IRQHandler
 .text.PIN_INT5_IRQHandler
                0x00002986        0x8 ./startup/startup_lpc55s69_cm33_core0.o
                0x00002986                PIN_INT5_IRQHandler
 .text.PIN_INT6_IRQHandler
                0x0000298e        0x8 ./startup/startup_lpc55s69_cm33_core0.o
                0x0000298e                PIN_INT6_IRQHandler
 .text.PIN_INT7_IRQHandler
                0x00002996        0x8 ./startup/startup_lpc55s69_cm33_core0.o
                0x00002996                PIN_INT7_IRQHandler
 .text.CTIMER2_IRQHandler
                0x0000299e        0x8 ./startup/startup_lpc55s69_cm33_core0.o
                0x0000299e                CTIMER2_IRQHandler
 .text.CTIMER4_IRQHandler
                0x000029a6        0x8 ./startup/startup_lpc55s69_cm33_core0.o
                0x000029a6                CTIMER4_IRQHandler
 .text.OS_EVENT_IRQHandler
                0x000029ae        0x8 ./startup/startup_lpc55s69_cm33_core0.o
                0x000029ae                OS_EVENT_IRQHandler
 .text.Reserved55_IRQHandler
                0x000029b6        0x8 ./startup/startup_lpc55s69_cm33_core0.o
                0x000029b6                Reserved55_IRQHandler
 .text.Reserved56_IRQHandler
                0x000029be        0x8 ./startup/startup_lpc55s69_cm33_core0.o
                0x000029be                Reserved56_IRQHandler
 .text.Reserved57_IRQHandler
                0x000029c6        0x8 ./startup/startup_lpc55s69_cm33_core0.o
                0x000029c6                Reserved57_IRQHandler
 .text.SDIO_IRQHandler
                0x000029ce        0x8 ./startup/startup_lpc55s69_cm33_core0.o
                0x000029ce                SDIO_IRQHandler
 .text.Reserved59_IRQHandler
                0x000029d6        0x8 ./startup/startup_lpc55s69_cm33_core0.o
                0x000029d6                Reserved59_IRQHandler
 .text.Reserved60_IRQHandler
                0x000029de        0x8 ./startup/startup_lpc55s69_cm33_core0.o
                0x000029de                Reserved60_IRQHandler
 .text.Reserved61_IRQHandler
                0x000029e6        0x8 ./startup/startup_lpc55s69_cm33_core0.o
                0x000029e6                Reserved61_IRQHandler
 .text.USB1_PHY_IRQHandler
                0x000029ee        0x8 ./startup/startup_lpc55s69_cm33_core0.o
                0x000029ee                USB1_PHY_IRQHandler
 .text.USB1_IRQHandler
                0x000029f6        0x8 ./startup/startup_lpc55s69_cm33_core0.o
                0x000029f6                USB1_IRQHandler
 .text.USB1_NEEDCLK_IRQHandler
                0x000029fe        0x8 ./startup/startup_lpc55s69_cm33_core0.o
                0x000029fe                USB1_NEEDCLK_IRQHandler
 .text.SEC_HYPERVISOR_CALL_IRQHandler
                0x00002a06        0x8 ./startup/startup_lpc55s69_cm33_core0.o
                0x00002a06                SEC_HYPERVISOR_CALL_IRQHandler
 .text.SEC_GPIO_INT0_IRQ0_IRQHandler
                0x00002a0e        0x8 ./startup/startup_lpc55s69_cm33_core0.o
                0x00002a0e                SEC_GPIO_INT0_IRQ0_IRQHandler
 .text.SEC_GPIO_INT0_IRQ1_IRQHandler
                0x00002a16        0x8 ./startup/startup_lpc55s69_cm33_core0.o
                0x00002a16                SEC_GPIO_INT0_IRQ1_IRQHandler
 .text.PLU_IRQHandler
                0x00002a1e        0x8 ./startup/startup_lpc55s69_cm33_core0.o
                0x00002a1e                PLU_IRQHandler
 .text.SEC_VIO_IRQHandler
                0x00002a26        0x8 ./startup/startup_lpc55s69_cm33_core0.o
                0x00002a26                SEC_VIO_IRQHandler
 .text.HASHCRYPT_IRQHandler
                0x00002a2e        0x8 ./startup/startup_lpc55s69_cm33_core0.o
                0x00002a2e                HASHCRYPT_IRQHandler
 .text.CASER_IRQHandler
                0x00002a36        0x8 ./startup/startup_lpc55s69_cm33_core0.o
                0x00002a36                CASER_IRQHandler
 .text.PUF_IRQHandler
                0x00002a3e        0x8 ./startup/startup_lpc55s69_cm33_core0.o
                0x00002a3e                PUF_IRQHandler
 .text.PQ_IRQHandler
                0x00002a46        0x8 ./startup/startup_lpc55s69_cm33_core0.o
                0x00002a46                PQ_IRQHandler
 .text.DMA1_IRQHandler
                0x00002a4e        0x8 ./startup/startup_lpc55s69_cm33_core0.o
                0x00002a4e                DMA1_IRQHandler
 .text.FLEXCOMM8_IRQHandler
                0x00002a56        0x8 ./startup/startup_lpc55s69_cm33_core0.o
                0x00002a56                FLEXCOMM8_IRQHandler
 .text.HardFault_Handler
                0x00002a5e       0x36 ./source/semihost_hardfault.o
                0x00002a5e                HardFault_Handler
 .text.CLOCK_IsPLL0Locked
                0x00002a94       0x24 ./drivers/fsl_clock.o
 .text.findPll0PreDiv
                0x00002ab8       0x3e ./drivers/fsl_clock.o
 .text.DelayLoop
                0x00002af6       0x20 ./drivers/fsl_common_arm.o
 .text.INPUTMUX_AttachSignal
                0x00002b16       0x38 ./drivers/fsl_inputmux.o
                0x00002b16                INPUTMUX_AttachSignal
 .text.CLOCK_EnableClock
                0x00002b4e       0x30 ./drivers/fsl_pint.o
 .text.RESET_ReleasePeripheralReset
                0x00002b7e       0x16 ./drivers/fsl_pint.o
 .text.EnableIRQ
                0x00002b94       0x32 ./drivers/fsl_pint.o
 .text.PINT_PinInterruptClrFallFlag
                0x00002bc6       0x22 ./drivers/fsl_pint.o
 .text.PINT_PinInterruptClrRiseFlag
                0x00002be8       0x22 ./drivers/fsl_pint.o
 .text.PINT_PatternMatchResetDetectLogic
                0x00002c0a       0x34 ./drivers/fsl_pint.o
                0x00002c0a                PINT_PatternMatchResetDetectLogic
 .text.PINT_PinInterruptClrStatus
                0x00002c3e       0x4e ./drivers/fsl_pint.o
                0x00002c3e                PINT_PinInterruptClrStatus
 .text.lowpower_set_voltage_for_process
                0x00002c8c       0xaa ./drivers/fsl_power.o
 .text.SystemInitHook
                0x00002d36        0xe ./device/system_LPC55S69_cm33_core0.o
                0x00002d36                SystemInitHook
 .text.DbgConsole_Init
                0x00002d44       0x20 ./board/board.o
 .text.BOARD_InitBootClocks
                0x00002d64        0xc ./board/clock_config.o
                0x00002d64                BOARD_InitBootClocks
 .text.BOARD_InitPeripherals_cm33_core0
                0x00002d70        0xc ./board/peripherals.o
                0x00002d70                BOARD_InitPeripherals_cm33_core0
 .text.BOARD_InitBootPeripherals
                0x00002d7c        0xc ./board/peripherals.o
                0x00002d7c                BOARD_InitBootPeripherals
 .text.Chip_GetVersion
                0x00002d88       0x36 ./board/pin_mux.o
 .text.CLOCK_EnableClock
                0x00002dbe       0x30 ./board/pin_mux.o
 .text.BOARD_InitBootPins
                0x00002dee        0xc ./board/pin_mux.o
                0x00002dee                BOARD_InitBootPins
 .text.__main   0x00002dfa        0xe D:/Installations/NXP/MCUXpressoIDE_11.10.0_3148/ide/plugins/com.nxp.mcuxpresso.tools.win32_11.10.0.202311280810/tools/bin/../lib/gcc/arm-none-eabi/13.2.1/../../../../arm-none-eabi/lib/thumb/v8-m.main+fp/hard\libcr_semihost_nf.a(_cr__main.o)
                0x00002dfa                __CR_SEMIHOST
                0x00002dfa                __main
 .text.memset   0x00002e08        0x4 D:/Installations/NXP/MCUXpressoIDE_11.10.0_3148/ide/plugins/com.nxp.mcuxpresso.tools.win32_11.10.0.202311280810/tools/bin/../lib/gcc/arm-none-eabi/13.2.1/../../../../arm-none-eabi/lib/thumb/v8-m.main+fp/hard\libcr_c.a(memset.o)
                0x00002e08                memset
 .text.free     0x00002e0c       0x30 D:/Installations/NXP/MCUXpressoIDE_11.10.0_3148/ide/plugins/com.nxp.mcuxpresso.tools.win32_11.10.0.202311280810/tools/bin/../lib/gcc/arm-none-eabi/13.2.1/../../../../arm-none-eabi/lib/thumb/v8-m.main+fp/hard\libcr_c.a(alloc.o)
                0x00002e0c                free
 .text.no_fp_display
                0x00002e3c        0x4 D:/Installations/NXP/MCUXpressoIDE_11.10.0_3148/ide/plugins/com.nxp.mcuxpresso.tools.win32_11.10.0.202311280810/tools/bin/../lib/gcc/arm-none-eabi/13.2.1/../../../../arm-none-eabi/lib/thumb/v8-m.main+fp/hard\libcr_c.a(printf.o)
 .text.setvbuf  0x00002e40       0x3e D:/Installations/NXP/MCUXpressoIDE_11.10.0_3148/ide/plugins/com.nxp.mcuxpresso.tools.win32_11.10.0.202311280810/tools/bin/../lib/gcc/arm-none-eabi/13.2.1/../../../../arm-none-eabi/lib/thumb/v8-m.main+fp/hard\libcr_c.a(setvbuf.o)
                0x00002e40                setvbuf
 .text.strlen   0x00002e7e       0x4e D:/Installations/NXP/MCUXpressoIDE_11.10.0_3148/ide/plugins/com.nxp.mcuxpresso.tools.win32_11.10.0.202311280810/tools/bin/../lib/gcc/arm-none-eabi/13.2.1/../../../../arm-none-eabi/lib/thumb/v8-m.main+fp/hard\libcr_c.a(strlen.o)
                0x00002e7e                strlen
 .text._deferredlazyseek
                0x00002ecc       0x40 D:/Installations/NXP/MCUXpressoIDE_11.10.0_3148/ide/plugins/com.nxp.mcuxpresso.tools.win32_11.10.0.202311280810/tools/bin/../lib/gcc/arm-none-eabi/13.2.1/../../../../arm-none-eabi/lib/thumb/v8-m.main+fp/hard\libcr_c.a(_deferredlazyseek.o)
                0x00002ecc                _deferredlazyseek
 .text.__flsbuf
                0x00002f0c      0x126 D:/Installations/NXP/MCUXpressoIDE_11.10.0_3148/ide/plugins/com.nxp.mcuxpresso.tools.win32_11.10.0.202311280810/tools/bin/../lib/gcc/arm-none-eabi/13.2.1/../../../../arm-none-eabi/lib/thumb/v8-m.main+fp/hard\libcr_c.a(_deferredlazyseek.o)
                0x00002f0c                __flsbuf
 .text._fdopen  0x00003032       0x68 D:/Installations/NXP/MCUXpressoIDE_11.10.0_3148/ide/plugins/com.nxp.mcuxpresso.tools.win32_11.10.0.202311280810/tools/bin/../lib/gcc/arm-none-eabi/13.2.1/../../../../arm-none-eabi/lib/thumb/v8-m.main+fp/hard\libcr_c.a(_fdopen.o)
                0x00003032                _fdopen
 .text._fflush  0x0000309a       0x52 D:/Installations/NXP/MCUXpressoIDE_11.10.0_3148/ide/plugins/com.nxp.mcuxpresso.tools.win32_11.10.0.202311280810/tools/bin/../lib/gcc/arm-none-eabi/13.2.1/../../../../arm-none-eabi/lib/thumb/v8-m.main+fp/hard\libcr_c.a(_fflush.o)
                0x0000309a                _fflush
 .text.fclose   0x000030ec       0x58 D:/Installations/NXP/MCUXpressoIDE_11.10.0_3148/ide/plugins/com.nxp.mcuxpresso.tools.win32_11.10.0.202311280810/tools/bin/../lib/gcc/arm-none-eabi/13.2.1/../../../../arm-none-eabi/lib/thumb/v8-m.main+fp/hard\libcr_c.a(fclose.o)
                0x000030ec                fclose
 .text.remove   0x00003144       0x14 D:/Installations/NXP/MCUXpressoIDE_11.10.0_3148/ide/plugins/com.nxp.mcuxpresso.tools.win32_11.10.0.202311280810/tools/bin/../lib/gcc/arm-none-eabi/13.2.1/../../../../arm-none-eabi/lib/thumb/v8-m.main+fp/hard\libcr_c.a(remove.o)
                0x00003144                remove
 .text._do_fflush
                0x00003158       0x40 D:/Installations/NXP/MCUXpressoIDE_11.10.0_3148/ide/plugins/com.nxp.mcuxpresso.tools.win32_11.10.0.202311280810/tools/bin/../lib/gcc/arm-none-eabi/13.2.1/../../../../arm-none-eabi/lib/thumb/v8-m.main+fp/hard\libcr_c.a(_do_fflush.o)
                0x00003158                _do_fflush
 .text.__aeabi_division_uldivmod
                0x00003198      0x174 D:/Installations/NXP/MCUXpressoIDE_11.10.0_3148/ide/plugins/com.nxp.mcuxpresso.tools.win32_11.10.0.202311280810/tools/bin/../lib/gcc/arm-none-eabi/13.2.1/thumb/v8-m.main+fp/hard\libcr_eabihelpers.a(division_64.o)
                0x00003198                __aeabi_uldivmod
                0x0000319c                __bhs_ldivmod1
 .text.__aeabi_division_idiv0
                0x0000330c        0x2 D:/Installations/NXP/MCUXpressoIDE_11.10.0_3148/ide/plugins/com.nxp.mcuxpresso.tools.win32_11.10.0.202311280810/tools/bin/../lib/gcc/arm-none-eabi/13.2.1/thumb/v8-m.main+fp/hard\libcr_eabihelpers.a(division_idiv0.o)
                0x0000330c                __aeabi_idiv0
 .text.__aeabi_memset_lowlevel
                0x0000330e       0x32 D:/Installations/NXP/MCUXpressoIDE_11.10.0_3148/ide/plugins/com.nxp.mcuxpresso.tools.win32_11.10.0.202311280810/tools/bin/../lib/gcc/arm-none-eabi/13.2.1/thumb/v8-m.main+fp/hard\libcr_eabihelpers.a(memcpy.o)
                0x0000330e                __aeabi_lowlevel_memset
 .text.__sys_close
                0x00003340        0xc D:/Installations/NXP/MCUXpressoIDE_11.10.0_3148/ide/plugins/com.nxp.mcuxpresso.tools.win32_11.10.0.202311280810/tools/bin/../lib/gcc/arm-none-eabi/13.2.1/../../../../arm-none-eabi/lib/thumb/v8-m.main+fp/hard\libcr_semihost_nf.a(__sys_close.o)
                0x00003340                __sys_close
 .text.__sys_flen
                0x0000334c        0xc D:/Installations/NXP/MCUXpressoIDE_11.10.0_3148/ide/plugins/com.nxp.mcuxpresso.tools.win32_11.10.0.202311280810/tools/bin/../lib/gcc/arm-none-eabi/13.2.1/../../../../arm-none-eabi/lib/thumb/v8-m.main+fp/hard\libcr_semihost_nf.a(__sys_flen.o)
                0x0000334c                __sys_flen
 .text.__sys_istty
                0x00003358        0xc D:/Installations/NXP/MCUXpressoIDE_11.10.0_3148/ide/plugins/com.nxp.mcuxpresso.tools.win32_11.10.0.202311280810/tools/bin/../lib/gcc/arm-none-eabi/13.2.1/../../../../arm-none-eabi/lib/thumb/v8-m.main+fp/hard\libcr_semihost_nf.a(__sys_istty.o)
                0x00003358                __sys_istty
 .text.__sys_remove
                0x00003364        0xc D:/Installations/NXP/MCUXpressoIDE_11.10.0_3148/ide/plugins/com.nxp.mcuxpresso.tools.win32_11.10.0.202311280810/tools/bin/../lib/gcc/arm-none-eabi/13.2.1/../../../../arm-none-eabi/lib/thumb/v8-m.main+fp/hard\libcr_semihost_nf.a(__sys_remove.o)
                0x00003364                __sys_remove
 .text.__sys_seek
                0x00003370        0xc D:/Installations/NXP/MCUXpressoIDE_11.10.0_3148/ide/plugins/com.nxp.mcuxpresso.tools.win32_11.10.0.202311280810/tools/bin/../lib/gcc/arm-none-eabi/13.2.1/../../../../arm-none-eabi/lib/thumb/v8-m.main+fp/hard\libcr_semihost_nf.a(__sys_seek.o)
                0x00003370                __sys_seek
 .text.__sys_tmpnam
                0x0000337c        0xc D:/Installations/NXP/MCUXpressoIDE_11.10.0_3148/ide/plugins/com.nxp.mcuxpresso.tools.win32_11.10.0.202311280810/tools/bin/../lib/gcc/arm-none-eabi/13.2.1/../../../../arm-none-eabi/lib/thumb/v8-m.main+fp/hard\libcr_semihost_nf.a(__sys_tmpnam.o)
                0x0000337c                __sys_tmpnam
 .text.__sys_write
                0x00003388        0xc D:/Installations/NXP/MCUXpressoIDE_11.10.0_3148/ide/plugins/com.nxp.mcuxpresso.tools.win32_11.10.0.202311280810/tools/bin/../lib/gcc/arm-none-eabi/13.2.1/../../../../arm-none-eabi/lib/thumb/v8-m.main+fp/hard\libcr_semihost_nf.a(__sys_write.o)
                0x00003388                __sys_write
 *(SORT_BY_ALIGNMENT(.rodata) SORT_BY_ALIGNMENT(.rodata.*) SORT_BY_ALIGNMENT(.constdata) SORT_BY_ALIGNMENT(.constdata.*))
 .rodata.__assertion_failed.str1.4
                0x00003394      0x366 ./utilities/fsl_assert.o
                                 0x14 (size before relaxing)
 .rodata.cbPint.str1.4
                0x000036fa        0x3 ./source/Lab3.o
 .rodata.main.str1.4
                0x000036fa        0xe ./source/Lab3.o
 .rodata.SDK_DelayAtLeastUs.str1.4
                0x000036fa       0x2b ./drivers/fsl_common_arm.o
 *fill*         0x000036fa        0x2 ff
 .rodata.s_flexcommBaseAddrs
                0x000036fc       0x24 ./drivers/fsl_flexcomm.o
 .rodata.FLEXCOMM_GetInstance.str1.4
                0x00003720       0x41 ./drivers/fsl_flexcomm.o
 .rodata.FLEXCOMM0_DriverIRQHandler.str1.4
                0x00003720       0x3c ./drivers/fsl_flexcomm.o
 .rodata.FLEXCOMM1_DriverIRQHandler.str1.4
                0x00003720       0x3c ./drivers/fsl_flexcomm.o
 .rodata.FLEXCOMM2_DriverIRQHandler.str1.4
                0x00003720       0x3c ./drivers/fsl_flexcomm.o
 .rodata.FLEXCOMM3_DriverIRQHandler.str1.4
                0x00003720       0x3c ./drivers/fsl_flexcomm.o
 .rodata.FLEXCOMM4_DriverIRQHandler.str1.4
                0x00003720       0x3c ./drivers/fsl_flexcomm.o
 .rodata.FLEXCOMM5_DriverIRQHandler.str1.4
                0x00003720       0x3c ./drivers/fsl_flexcomm.o
 .rodata.FLEXCOMM6_DriverIRQHandler.str1.4
                0x00003720       0x3c ./drivers/fsl_flexcomm.o
 .rodata.FLEXCOMM7_DriverIRQHandler.str1.4
                0x00003720       0x3c ./drivers/fsl_flexcomm.o
 .rodata.FLEXCOMM8_DriverIRQHandler.str1.4
                0x00003720       0x3c ./drivers/fsl_flexcomm.o
 .rodata.s_pintBases
                0x00003720        0x8 ./drivers/fsl_pint.o
 .rodata.s_pintResets
                0x00003728        0x8 ./drivers/fsl_pint.o
 .rodata.s_pintIRQ
                0x00003730        0xa ./drivers/fsl_pint.o
 .rodata.PINT_GetInstance.str1.4
                0x0000373a       0x33 ./drivers/fsl_pint.o
 .rodata.PINT_Init.str1.4
                0x0000373a       0x1e ./drivers/fsl_pint.o
 .rodata.PINT_PinInterruptConfig.str1.4
                0x0000373a       0x1e ./drivers/fsl_pint.o
 .rodata.PINT_EnableCallbackByIndex.str1.4
                0x0000373a       0x1e ./drivers/fsl_pint.o
 .rodata.RESET_ClearPeripheralReset.str1.4
                0x0000373a       0x1e ./drivers/fsl_reset.o
 *fill*         0x0000373a        0x2 ff
 .rodata.__num_Ciob_streams
                0x0000373c        0x4 D:/Installations/NXP/MCUXpressoIDE_11.10.0_3148/ide/plugins/com.nxp.mcuxpresso.tools.win32_11.10.0.202311280810/tools/bin/../lib/gcc/arm-none-eabi/13.2.1/../../../../arm-none-eabi/lib/thumb/v8-m.main+fp/hard\libcr_semihost_nf.a(__ciob.o)
                0x0000373c                __num_Ciob_streams
 .rodata._Csys_alloc.str1.1
                0x00003740       0x53 D:/Installations/NXP/MCUXpressoIDE_11.10.0_3148/ide/plugins/com.nxp.mcuxpresso.tools.win32_11.10.0.202311280810/tools/bin/../lib/gcc/arm-none-eabi/13.2.1/../../../../arm-none-eabi/lib/thumb/v8-m.main+fp/hard\libcr_c.a(alloc.o)
                                 0x18 (size before relaxing)
 .rodata._initio.str1.1
                0x00003793        0x4 D:/Installations/NXP/MCUXpressoIDE_11.10.0_3148/ide/plugins/com.nxp.mcuxpresso.tools.win32_11.10.0.202311280810/tools/bin/../lib/gcc/arm-none-eabi/13.2.1/../../../../arm-none-eabi/lib/thumb/v8-m.main+fp/hard\libcr_c.a(initio.o)
 .rodata.__vfprintf.str1.1
                0x00003793       0x38 D:/Installations/NXP/MCUXpressoIDE_11.10.0_3148/ide/plugins/com.nxp.mcuxpresso.tools.win32_11.10.0.202311280810/tools/bin/../lib/gcc/arm-none-eabi/13.2.1/../../../../arm-none-eabi/lib/thumb/v8-m.main+fp/hard\libcr_c.a(printf.o)
                0x000037cc                        . = ALIGN (0x4)
 *fill*         0x00003793        0x1 ff

.glue_7         0x00003794        0x0
 .glue_7        0x00003794        0x0 linker stubs

.glue_7t        0x00003794        0x0
 .glue_7t       0x00003794        0x0 linker stubs

.vfp11_veneer   0x00003794        0x0
 .vfp11_veneer  0x00003794        0x0 linker stubs

.v4_bx          0x00003794        0x0
 .v4_bx         0x00003794        0x0 linker stubs

.iplt           0x00003794        0x0
 .iplt          0x00003794        0x0 ./utilities/fsl_assert.o

.rel.dyn        0x00003794        0x0
 .rel.iplt      0x00003794        0x0 ./utilities/fsl_assert.o

.ARM.extab
 *(SORT_BY_ALIGNMENT(.ARM.extab*) SORT_BY_ALIGNMENT(.gnu.linkonce.armextab.*))

.ARM.exidx      0x00003794        0x0
                0x00003794                        __exidx_start = .
 *(SORT_BY_ALIGNMENT(.ARM.exidx*) SORT_BY_ALIGNMENT(.gnu.linkonce.armexidx.*))
                0x00003794                        __exidx_end = .
                0x00003794                        _etext = .

.m_usb_data
 *(SORT_BY_ALIGNMENT(m_usb_global))

.data_RAM2      0x04000000        0x0 load address 0x00003794
 FILL mask 0xff
                [!provide]                        PROVIDE (__start_data_RAM2 = .)
                [!provide]                        PROVIDE (__start_data_SRAMX = .)
 *(SORT_BY_ALIGNMENT(.ramfunc.$RAM2))
 *(SORT_BY_ALIGNMENT(.ramfunc.$SRAMX))
 *(SORT_BY_ALIGNMENT(.data.$RAM2))
 *(SORT_BY_ALIGNMENT(.data.$SRAMX))
 *(SORT_BY_ALIGNMENT(.data.$RAM2.*))
 *(SORT_BY_ALIGNMENT(.data.$SRAMX.*))
                0x04000000                        . = ALIGN (0x4)
                [!provide]                        PROVIDE (__end_data_RAM2 = .)
                [!provide]                        PROVIDE (__end_data_SRAMX = .)

.data_RAM3      0x40100000        0x0 load address 0x00003794
 FILL mask 0xff
                [!provide]                        PROVIDE (__start_data_RAM3 = .)
                [!provide]                        PROVIDE (__start_data_USB_RAM = .)
 *(SORT_BY_ALIGNMENT(.ramfunc.$RAM3))
 *(SORT_BY_ALIGNMENT(.ramfunc.$USB_RAM))
 *(SORT_BY_ALIGNMENT(.data.$RAM3))
 *(SORT_BY_ALIGNMENT(.data.$USB_RAM))
 *(SORT_BY_ALIGNMENT(.data.$RAM3.*))
 *(SORT_BY_ALIGNMENT(.data.$USB_RAM.*))
                0x40100000                        . = ALIGN (0x4)
                [!provide]                        PROVIDE (__end_data_RAM3 = .)
                [!provide]                        PROVIDE (__end_data_USB_RAM = .)

.data_RAM4      0x20040000        0x0 load address 0x00003794
 FILL mask 0xff
                [!provide]                        PROVIDE (__start_data_RAM4 = .)
                [!provide]                        PROVIDE (__start_data_SRAM4 = .)
 *(SORT_BY_ALIGNMENT(.ramfunc.$RAM4))
 *(SORT_BY_ALIGNMENT(.ramfunc.$SRAM4))
 *(SORT_BY_ALIGNMENT(.data.$RAM4))
 *(SORT_BY_ALIGNMENT(.data.$SRAM4))
 *(SORT_BY_ALIGNMENT(.data.$RAM4.*))
 *(SORT_BY_ALIGNMENT(.data.$SRAM4.*))
                0x20040000                        . = ALIGN (0x4)
                [!provide]                        PROVIDE (__end_data_RAM4 = .)
                [!provide]                        PROVIDE (__end_data_SRAM4 = .)

.uninit_RESERVED
                0x20000000        0x0
                0x20000000                        _start_uninit_RESERVED = .
 *(SORT_BY_ALIGNMENT(.bss.$RESERVED*))
                0x20000000                        . = ALIGN (0x4)
                0x20000000                        _end_uninit_RESERVED = .

.data           0x20000000        0x8 load address 0x00003794
 FILL mask 0xff
                0x20000000                        _data = .
                [!provide]                        PROVIDE (__start_data_RAM = .)
                [!provide]                        PROVIDE (__start_data_SRAM = .)
 *(SORT_BY_ALIGNMENT(vtable))
 *(SORT_BY_ALIGNMENT(.ramfunc*))
 *(SORT_BY_ALIGNMENT(CodeQuickAccess))
 *(SORT_BY_ALIGNMENT(DataQuickAccess))
 *(SORT_BY_ALIGNMENT(RamFunction))
 *(SORT_BY_ALIGNMENT(.data*))
 .data.s_Ext_Clk_Freq
                0x20000000        0x4 ./drivers/fsl_clock.o
 .data.SystemCoreClock
                0x20000004        0x4 ./device/system_LPC55S69_cm33_core0.o
                0x20000004                SystemCoreClock
                0x20000008                        . = ALIGN (0x4)
                0x20000008                        _edata = .
                [!provide]                        PROVIDE (__end_data_RAM = .)
                [!provide]                        PROVIDE (__end_data_SRAM = .)

.igot.plt       0x20000008        0x0 load address 0x0000379c
 .igot.plt      0x20000008        0x0 ./utilities/fsl_assert.o

.bss_RAM2       0x04000000        0x0
                [!provide]                        PROVIDE (__start_bss_RAM2 = .)
                [!provide]                        PROVIDE (__start_bss_SRAMX = .)
 *(SORT_BY_ALIGNMENT(.bss.$RAM2))
 *(SORT_BY_ALIGNMENT(.bss.$SRAMX))
 *(SORT_BY_ALIGNMENT(.bss.$RAM2.*))
 *(SORT_BY_ALIGNMENT(.bss.$SRAMX.*))
                0x04000000                        . = ALIGN ((. != 0x0)?0x4:0x1)
                [!provide]                        PROVIDE (__end_bss_RAM2 = .)
                [!provide]                        PROVIDE (__end_bss_SRAMX = .)

.bss_RAM3       0x40100000        0x0
                [!provide]                        PROVIDE (__start_bss_RAM3 = .)
                [!provide]                        PROVIDE (__start_bss_USB_RAM = .)
 *(SORT_BY_ALIGNMENT(.bss.$RAM3))
 *(SORT_BY_ALIGNMENT(.bss.$USB_RAM))
 *(SORT_BY_ALIGNMENT(.bss.$RAM3.*))
 *(SORT_BY_ALIGNMENT(.bss.$USB_RAM.*))
                0x40100000                        . = ALIGN ((. != 0x0)?0x4:0x1)
                [!provide]                        PROVIDE (__end_bss_RAM3 = .)
                [!provide]                        PROVIDE (__end_bss_USB_RAM = .)

.bss_RAM4       0x20040000        0x0
                [!provide]                        PROVIDE (__start_bss_RAM4 = .)
                [!provide]                        PROVIDE (__start_bss_SRAM4 = .)
 *(SORT_BY_ALIGNMENT(.bss.$RAM4))
 *(SORT_BY_ALIGNMENT(.bss.$SRAM4))
 *(SORT_BY_ALIGNMENT(.bss.$RAM4.*))
 *(SORT_BY_ALIGNMENT(.bss.$SRAM4.*))
                0x20040000                        . = ALIGN ((. != 0x0)?0x4:0x1)
                [!provide]                        PROVIDE (__end_bss_RAM4 = .)
                [!provide]                        PROVIDE (__end_bss_SRAM4 = .)

.bss            0x20000008      0x138
                0x20000008                        _bss = .
                [!provide]                        PROVIDE (__start_bss_RAM = .)
                [!provide]                        PROVIDE (__start_bss_SRAM = .)
 *(SORT_BY_ALIGNMENT(.bss*))
 .bss.i.0       0x20000008        0x4 ./source/Lab3.o
 .bss.s_Pll0_Freq
                0x2000000c        0x4 ./drivers/fsl_clock.o
 .bss.s_flexcommIrqHandler
                0x20000010       0x24 ./drivers/fsl_flexcomm.o
 .bss.s_flexcommHandle
                0x20000034       0x24 ./drivers/fsl_flexcomm.o
 .bss.s_secpintCallback
                0x20000058        0x8 ./drivers/fsl_pint.o
 .bss.s_pintCallback
                0x20000060       0x20 ./drivers/fsl_pint.o
 .bss.errno     0x20000080        0x4 D:/Installations/NXP/MCUXpressoIDE_11.10.0_3148/ide/plugins/com.nxp.mcuxpresso.tools.win32_11.10.0.202311280810/tools/bin/../lib/gcc/arm-none-eabi/13.2.1/../../../../arm-none-eabi/lib/thumb/v8-m.main+fp/hard\libcr_c.a(errno.o)
                0x20000080                errno
 .bss.__end_of_heap
                0x20000084        0x4 D:/Installations/NXP/MCUXpressoIDE_11.10.0_3148/ide/plugins/com.nxp.mcuxpresso.tools.win32_11.10.0.202311280810/tools/bin/../lib/gcc/arm-none-eabi/13.2.1/../../../../arm-none-eabi/lib/thumb/v8-m.main+fp/hard\libcr_c.a(__init_alloc.o)
                0x20000084                __end_of_heap
 .bss.__heaps   0x20000088        0x4 D:/Installations/NXP/MCUXpressoIDE_11.10.0_3148/ide/plugins/com.nxp.mcuxpresso.tools.win32_11.10.0.202311280810/tools/bin/../lib/gcc/arm-none-eabi/13.2.1/../../../../arm-none-eabi/lib/thumb/v8-m.main+fp/hard\libcr_c.a(__init_alloc.o)
                0x20000088                __heaps
 .bss.__Ciob    0x2000008c       0xb4 D:/Installations/NXP/MCUXpressoIDE_11.10.0_3148/ide/plugins/com.nxp.mcuxpresso.tools.win32_11.10.0.202311280810/tools/bin/../lib/gcc/arm-none-eabi/13.2.1/../../../../arm-none-eabi/lib/thumb/v8-m.main+fp/hard\libcr_semihost_nf.a(__ciob.o)
                0x2000008c                __Ciob
 *(SORT_BY_ALIGNMENT(COMMON))
                0x20000140                        . = ALIGN (0x4)
                0x20000140                        _ebss = .
                [!provide]                        PROVIDE (__end_bss_RAM = .)
                [!provide]                        PROVIDE (__end_bss_SRAM = .)
                [!provide]                        PROVIDE (end = .)

.noinit_RAM2    0x04000000        0x0
                [!provide]                        PROVIDE (__start_noinit_RAM2 = .)
                [!provide]                        PROVIDE (__start_noinit_SRAMX = .)
 *(SORT_BY_ALIGNMENT(.noinit.$RAM2))
 *(SORT_BY_ALIGNMENT(.noinit.$SRAMX))
 *(SORT_BY_ALIGNMENT(.noinit.$RAM2.*))
 *(SORT_BY_ALIGNMENT(.noinit.$SRAMX.*))
                0x04000000                        . = ALIGN (0x4)
                [!provide]                        PROVIDE (__end_noinit_RAM2 = .)
                [!provide]                        PROVIDE (__end_noinit_SRAMX = .)

.noinit_RAM3    0x40100000        0x0
                [!provide]                        PROVIDE (__start_noinit_RAM3 = .)
                [!provide]                        PROVIDE (__start_noinit_USB_RAM = .)
 *(SORT_BY_ALIGNMENT(.noinit.$RAM3))
 *(SORT_BY_ALIGNMENT(.noinit.$USB_RAM))
 *(SORT_BY_ALIGNMENT(.noinit.$RAM3.*))
 *(SORT_BY_ALIGNMENT(.noinit.$USB_RAM.*))
                0x40100000                        . = ALIGN (0x4)
                [!provide]                        PROVIDE (__end_noinit_RAM3 = .)
                [!provide]                        PROVIDE (__end_noinit_USB_RAM = .)

.noinit_RAM4    0x20040000        0x0
                [!provide]                        PROVIDE (__start_noinit_RAM4 = .)
                [!provide]                        PROVIDE (__start_noinit_SRAM4 = .)
 *(SORT_BY_ALIGNMENT(.noinit.$RAM4))
 *(SORT_BY_ALIGNMENT(.noinit.$SRAM4))
 *(SORT_BY_ALIGNMENT(.noinit.$RAM4.*))
 *(SORT_BY_ALIGNMENT(.noinit.$SRAM4.*))
                0x20040000                        . = ALIGN (0x4)
                [!provide]                        PROVIDE (__end_noinit_RAM4 = .)
                [!provide]                        PROVIDE (__end_noinit_SRAM4 = .)

.noinit         0x20000140        0x0
                0x20000140                        _noinit = .
                [!provide]                        PROVIDE (__start_noinit_RAM = .)
                [!provide]                        PROVIDE (__start_noinit_SRAM = .)
 *(SORT_BY_ALIGNMENT(.noinit*))
                0x20000140                        . = ALIGN (0x4)
                0x20000140                        _end_noinit = .
                [!provide]                        PROVIDE (__end_noinit_RAM = .)
                [!provide]                        PROVIDE (__end_noinit_SRAM = .)
                0x00001000                        _HeapSize = 0x1000

.heap           0x20000140     0x1000
                0x20000140                        _pvHeapStart = .
                0x20001140                        . = (. + _HeapSize)
 *fill*         0x20000140     0x1000 
                0x20001140                        . = ALIGN (0x4)
                0x20001140                        _pvHeapLimit = .
                0x00001000                        _StackSize = 0x1000

.heap2stackfill
                0x20001140     0x1000
                0x20002140                        . = (. + _StackSize)
 *fill*         0x20001140     0x1000 

.stack          0x2003f000        0x0
                0x2003f000                        _vStackBase = .
                0x2003f000                        . = ALIGN (0x4)
                0x20040000                        _vStackTop = (. + _StackSize)
                [!provide]                        PROVIDE (__valid_user_code_checksum = (0x0 - ((((((_vStackTop + (ResetISR + 0x1)) + (NMI_Handler + 0x1)) + (HardFault_Handler + 0x1)) + (DEFINED (MemManage_Handler)?MemManage_Handler:0x0 + 0x1)) + (DEFINED (BusFault_Handler)?BusFault_Handler:0x0 + 0x1)) + (DEFINED (UsageFault_Handler)?UsageFault_Handler:0x0 + 0x1))))
                0x00000000                        _image_start = LOADADDR (.text)
                0x0000379c                        _image_end = (LOADADDR (.data) + SIZEOF (.data))
                0x0000379c                        _image_size = (_image_end - _image_start)
OUTPUT(Lab3.axf elf32-littlearm)
LOAD linker stubs

.debug_info     0x00000000    0x17b3d
 .debug_info    0x00000000      0x135 ./utilities/fsl_assert.o
 .debug_info    0x00000135      0x9d0 ./startup/startup_lpc55s69_cm33_core0.o
 .debug_info    0x00000b05      0x18f ./source/Lab3.o
 .debug_info    0x00000c94       0x3c ./source/semihost_hardfault.o
 .debug_info    0x00000cd0     0x340f ./drivers/fsl_clock.o
 .debug_info    0x000040df      0x623 ./drivers/fsl_common_arm.o
 .debug_info    0x00004702     0x1b2e ./drivers/fsl_flexcomm.o
 .debug_info    0x00006230     0x27e4 ./drivers/fsl_inputmux.o
 .debug_info    0x00008a14     0x2523 ./drivers/fsl_pint.o
 .debug_info    0x0000af37     0x2b16 ./drivers/fsl_power.o
 .debug_info    0x0000da4d      0xf02 ./drivers/fsl_reset.o
 .debug_info    0x0000e94f     0x14f8 ./device/system_LPC55S69_cm33_core0.o
 .debug_info    0x0000fe47      0x94e ./board/board.o
 .debug_info    0x00010795     0x181c ./board/clock_config.o
 .debug_info    0x00011fb1      0x2b4 ./board/peripherals.o
 .debug_info    0x00012265     0x1e1b ./board/pin_mux.o
 .debug_info    0x00014080       0x85 D:/Installations/NXP/MCUXpressoIDE_11.10.0_3148/ide/plugins/com.nxp.mcuxpresso.tools.win32_11.10.0.202311280810/tools/bin/../lib/gcc/arm-none-eabi/13.2.1/../../../../arm-none-eabi/lib/thumb/v8-m.main+fp/hard\libcr_semihost_nf.a(_cr__main.o)
 .debug_info    0x00014105       0xfc D:/Installations/NXP/MCUXpressoIDE_11.10.0_3148/ide/plugins/com.nxp.mcuxpresso.tools.win32_11.10.0.202311280810/tools/bin/../lib/gcc/arm-none-eabi/13.2.1/../../../../arm-none-eabi/lib/thumb/v8-m.main+fp/hard\libcr_c.a(memset.o)
 .debug_info    0x00014201      0x520 D:/Installations/NXP/MCUXpressoIDE_11.10.0_3148/ide/plugins/com.nxp.mcuxpresso.tools.win32_11.10.0.202311280810/tools/bin/../lib/gcc/arm-none-eabi/13.2.1/../../../../arm-none-eabi/lib/thumb/v8-m.main+fp/hard\libcr_c.a(alloc.o)
 .debug_info    0x00014721       0x44 D:/Installations/NXP/MCUXpressoIDE_11.10.0_3148/ide/plugins/com.nxp.mcuxpresso.tools.win32_11.10.0.202311280810/tools/bin/../lib/gcc/arm-none-eabi/13.2.1/../../../../arm-none-eabi/lib/thumb/v8-m.main+fp/hard\libcr_c.a(errno.o)
 .debug_info    0x00014765      0x339 D:/Installations/NXP/MCUXpressoIDE_11.10.0_3148/ide/plugins/com.nxp.mcuxpresso.tools.win32_11.10.0.202311280810/tools/bin/../lib/gcc/arm-none-eabi/13.2.1/../../../../arm-none-eabi/lib/thumb/v8-m.main+fp/hard\libcr_c.a(initio.o)
 .debug_info    0x00014a9e     0x1284 D:/Installations/NXP/MCUXpressoIDE_11.10.0_3148/ide/plugins/com.nxp.mcuxpresso.tools.win32_11.10.0.202311280810/tools/bin/../lib/gcc/arm-none-eabi/13.2.1/../../../../arm-none-eabi/lib/thumb/v8-m.main+fp/hard\libcr_c.a(printf.o)
 .debug_info    0x00015d22      0x1fd D:/Installations/NXP/MCUXpressoIDE_11.10.0_3148/ide/plugins/com.nxp.mcuxpresso.tools.win32_11.10.0.202311280810/tools/bin/../lib/gcc/arm-none-eabi/13.2.1/../../../../arm-none-eabi/lib/thumb/v8-m.main+fp/hard\libcr_c.a(setvbuf.o)
 .debug_info    0x00015f1f       0xe1 D:/Installations/NXP/MCUXpressoIDE_11.10.0_3148/ide/plugins/com.nxp.mcuxpresso.tools.win32_11.10.0.202311280810/tools/bin/../lib/gcc/arm-none-eabi/13.2.1/../../../../arm-none-eabi/lib/thumb/v8-m.main+fp/hard\libcr_c.a(strlen.o)
 .debug_info    0x00016000       0xd4 D:/Installations/NXP/MCUXpressoIDE_11.10.0_3148/ide/plugins/com.nxp.mcuxpresso.tools.win32_11.10.0.202311280810/tools/bin/../lib/gcc/arm-none-eabi/13.2.1/../../../../arm-none-eabi/lib/thumb/v8-m.main+fp/hard\libcr_c.a(__init_alloc.o)
 .debug_info    0x000160d4      0x107 D:/Installations/NXP/MCUXpressoIDE_11.10.0_3148/ide/plugins/com.nxp.mcuxpresso.tools.win32_11.10.0.202311280810/tools/bin/../lib/gcc/arm-none-eabi/13.2.1/../../../../arm-none-eabi/lib/thumb/v8-m.main+fp/hard\libcr_c.a(_cr_sbrk.o)
 .debug_info    0x000161db      0x369 D:/Installations/NXP/MCUXpressoIDE_11.10.0_3148/ide/plugins/com.nxp.mcuxpresso.tools.win32_11.10.0.202311280810/tools/bin/../lib/gcc/arm-none-eabi/13.2.1/../../../../arm-none-eabi/lib/thumb/v8-m.main+fp/hard\libcr_c.a(_deferredlazyseek.o)
 .debug_info    0x00016544      0x24b D:/Installations/NXP/MCUXpressoIDE_11.10.0_3148/ide/plugins/com.nxp.mcuxpresso.tools.win32_11.10.0.202311280810/tools/bin/../lib/gcc/arm-none-eabi/13.2.1/../../../../arm-none-eabi/lib/thumb/v8-m.main+fp/hard\libcr_c.a(_fdopen.o)
 .debug_info    0x0001678f      0x1e3 D:/Installations/NXP/MCUXpressoIDE_11.10.0_3148/ide/plugins/com.nxp.mcuxpresso.tools.win32_11.10.0.202311280810/tools/bin/../lib/gcc/arm-none-eabi/13.2.1/../../../../arm-none-eabi/lib/thumb/v8-m.main+fp/hard\libcr_c.a(_fflush.o)
 .debug_info    0x00016972      0x289 D:/Installations/NXP/MCUXpressoIDE_11.10.0_3148/ide/plugins/com.nxp.mcuxpresso.tools.win32_11.10.0.202311280810/tools/bin/../lib/gcc/arm-none-eabi/13.2.1/../../../../arm-none-eabi/lib/thumb/v8-m.main+fp/hard\libcr_c.a(_writebuf.o)
 .debug_info    0x00016bfb      0x318 D:/Installations/NXP/MCUXpressoIDE_11.10.0_3148/ide/plugins/com.nxp.mcuxpresso.tools.win32_11.10.0.202311280810/tools/bin/../lib/gcc/arm-none-eabi/13.2.1/../../../../arm-none-eabi/lib/thumb/v8-m.main+fp/hard\libcr_c.a(fclose.o)
 .debug_info    0x00016f13      0x209 D:/Installations/NXP/MCUXpressoIDE_11.10.0_3148/ide/plugins/com.nxp.mcuxpresso.tools.win32_11.10.0.202311280810/tools/bin/../lib/gcc/arm-none-eabi/13.2.1/../../../../arm-none-eabi/lib/thumb/v8-m.main+fp/hard\libcr_c.a(fflush.o)
 .debug_info    0x0001711c      0x276 D:/Installations/NXP/MCUXpressoIDE_11.10.0_3148/ide/plugins/com.nxp.mcuxpresso.tools.win32_11.10.0.202311280810/tools/bin/../lib/gcc/arm-none-eabi/13.2.1/../../../../arm-none-eabi/lib/thumb/v8-m.main+fp/hard\libcr_c.a(fseek.o)
 .debug_info    0x00017392      0x197 D:/Installations/NXP/MCUXpressoIDE_11.10.0_3148/ide/plugins/com.nxp.mcuxpresso.tools.win32_11.10.0.202311280810/tools/bin/../lib/gcc/arm-none-eabi/13.2.1/../../../../arm-none-eabi/lib/thumb/v8-m.main+fp/hard\libcr_c.a(ftell.o)
 .debug_info    0x00017529      0x1d7 D:/Installations/NXP/MCUXpressoIDE_11.10.0_3148/ide/plugins/com.nxp.mcuxpresso.tools.win32_11.10.0.202311280810/tools/bin/../lib/gcc/arm-none-eabi/13.2.1/../../../../arm-none-eabi/lib/thumb/v8-m.main+fp/hard\libcr_c.a(remove.o)
 .debug_info    0x00017700       0x78 D:/Installations/NXP/MCUXpressoIDE_11.10.0_3148/ide/plugins/com.nxp.mcuxpresso.tools.win32_11.10.0.202311280810/tools/bin/../lib/gcc/arm-none-eabi/13.2.1/../../../../arm-none-eabi/lib/thumb/v8-m.main+fp/hard\libcr_c.a(_cr_check_heap.o)
 .debug_info    0x00017778      0x23a D:/Installations/NXP/MCUXpressoIDE_11.10.0_3148/ide/plugins/com.nxp.mcuxpresso.tools.win32_11.10.0.202311280810/tools/bin/../lib/gcc/arm-none-eabi/13.2.1/../../../../arm-none-eabi/lib/thumb/v8-m.main+fp/hard\libcr_c.a(_do_fflush.o)
 .debug_info    0x000179b2      0x18b D:/Installations/NXP/MCUXpressoIDE_11.10.0_3148/ide/plugins/com.nxp.mcuxpresso.tools.win32_11.10.0.202311280810/tools/bin/../lib/gcc/arm-none-eabi/13.2.1/../../../../arm-none-eabi/lib/thumb/v8-m.main+fp/hard\libcr_semihost_nf.a(__ciob.o)

.debug_abbrev   0x00000000     0x3627
 .debug_abbrev  0x00000000       0xbd ./utilities/fsl_assert.o
 .debug_abbrev  0x000000bd      0x147 ./startup/startup_lpc55s69_cm33_core0.o
 .debug_abbrev  0x00000204      0x101 ./source/Lab3.o
 .debug_abbrev  0x00000305       0x31 ./source/semihost_hardfault.o
 .debug_abbrev  0x00000336      0x3a8 ./drivers/fsl_clock.o
 .debug_abbrev  0x000006de      0x17b ./drivers/fsl_common_arm.o
 .debug_abbrev  0x00000859      0x2be ./drivers/fsl_flexcomm.o
 .debug_abbrev  0x00000b17      0x252 ./drivers/fsl_inputmux.o
 .debug_abbrev  0x00000d69      0x362 ./drivers/fsl_pint.o
 .debug_abbrev  0x000010cb      0x368 ./drivers/fsl_power.o
 .debug_abbrev  0x00001433      0x182 ./drivers/fsl_reset.o
 .debug_abbrev  0x000015b5      0x216 ./device/system_LPC55S69_cm33_core0.o
 .debug_abbrev  0x000017cb      0x120 ./board/board.o
 .debug_abbrev  0x000018eb      0x226 ./board/clock_config.o
 .debug_abbrev  0x00001b11      0x116 ./board/peripherals.o
 .debug_abbrev  0x00001c27      0x1c6 ./board/pin_mux.o
 .debug_abbrev  0x00001ded       0x70 D:/Installations/NXP/MCUXpressoIDE_11.10.0_3148/ide/plugins/com.nxp.mcuxpresso.tools.win32_11.10.0.202311280810/tools/bin/../lib/gcc/arm-none-eabi/13.2.1/../../../../arm-none-eabi/lib/thumb/v8-m.main+fp/hard\libcr_semihost_nf.a(_cr__main.o)
 .debug_abbrev  0x00001e5d       0xa8 D:/Installations/NXP/MCUXpressoIDE_11.10.0_3148/ide/plugins/com.nxp.mcuxpresso.tools.win32_11.10.0.202311280810/tools/bin/../lib/gcc/arm-none-eabi/13.2.1/../../../../arm-none-eabi/lib/thumb/v8-m.main+fp/hard\libcr_c.a(memset.o)
 .debug_abbrev  0x00001f05      0x284 D:/Installations/NXP/MCUXpressoIDE_11.10.0_3148/ide/plugins/com.nxp.mcuxpresso.tools.win32_11.10.0.202311280810/tools/bin/../lib/gcc/arm-none-eabi/13.2.1/../../../../arm-none-eabi/lib/thumb/v8-m.main+fp/hard\libcr_c.a(alloc.o)
 .debug_abbrev  0x00002189       0x44 D:/Installations/NXP/MCUXpressoIDE_11.10.0_3148/ide/plugins/com.nxp.mcuxpresso.tools.win32_11.10.0.202311280810/tools/bin/../lib/gcc/arm-none-eabi/13.2.1/../../../../arm-none-eabi/lib/thumb/v8-m.main+fp/hard\libcr_c.a(errno.o)
 .debug_abbrev  0x000021cd      0x169 D:/Installations/NXP/MCUXpressoIDE_11.10.0_3148/ide/plugins/com.nxp.mcuxpresso.tools.win32_11.10.0.202311280810/tools/bin/../lib/gcc/arm-none-eabi/13.2.1/../../../../arm-none-eabi/lib/thumb/v8-m.main+fp/hard\libcr_c.a(initio.o)
 .debug_abbrev  0x00002336      0x3c7 D:/Installations/NXP/MCUXpressoIDE_11.10.0_3148/ide/plugins/com.nxp.mcuxpresso.tools.win32_11.10.0.202311280810/tools/bin/../lib/gcc/arm-none-eabi/13.2.1/../../../../arm-none-eabi/lib/thumb/v8-m.main+fp/hard\libcr_c.a(printf.o)
 .debug_abbrev  0x000026fd       0xe1 D:/Installations/NXP/MCUXpressoIDE_11.10.0_3148/ide/plugins/com.nxp.mcuxpresso.tools.win32_11.10.0.202311280810/tools/bin/../lib/gcc/arm-none-eabi/13.2.1/../../../../arm-none-eabi/lib/thumb/v8-m.main+fp/hard\libcr_c.a(setvbuf.o)
 .debug_abbrev  0x000027de       0xa7 D:/Installations/NXP/MCUXpressoIDE_11.10.0_3148/ide/plugins/com.nxp.mcuxpresso.tools.win32_11.10.0.202311280810/tools/bin/../lib/gcc/arm-none-eabi/13.2.1/../../../../arm-none-eabi/lib/thumb/v8-m.main+fp/hard\libcr_c.a(strlen.o)
 .debug_abbrev  0x00002885       0xaf D:/Installations/NXP/MCUXpressoIDE_11.10.0_3148/ide/plugins/com.nxp.mcuxpresso.tools.win32_11.10.0.202311280810/tools/bin/../lib/gcc/arm-none-eabi/13.2.1/../../../../arm-none-eabi/lib/thumb/v8-m.main+fp/hard\libcr_c.a(__init_alloc.o)
 .debug_abbrev  0x00002934       0xd3 D:/Installations/NXP/MCUXpressoIDE_11.10.0_3148/ide/plugins/com.nxp.mcuxpresso.tools.win32_11.10.0.202311280810/tools/bin/../lib/gcc/arm-none-eabi/13.2.1/../../../../arm-none-eabi/lib/thumb/v8-m.main+fp/hard\libcr_c.a(_cr_sbrk.o)
 .debug_abbrev  0x00002a07      0x152 D:/Installations/NXP/MCUXpressoIDE_11.10.0_3148/ide/plugins/com.nxp.mcuxpresso.tools.win32_11.10.0.202311280810/tools/bin/../lib/gcc/arm-none-eabi/13.2.1/../../../../arm-none-eabi/lib/thumb/v8-m.main+fp/hard\libcr_c.a(_deferredlazyseek.o)
 .debug_abbrev  0x00002b59      0x119 D:/Installations/NXP/MCUXpressoIDE_11.10.0_3148/ide/plugins/com.nxp.mcuxpresso.tools.win32_11.10.0.202311280810/tools/bin/../lib/gcc/arm-none-eabi/13.2.1/../../../../arm-none-eabi/lib/thumb/v8-m.main+fp/hard\libcr_c.a(_fdopen.o)
 .debug_abbrev  0x00002c72       0xf1 D:/Installations/NXP/MCUXpressoIDE_11.10.0_3148/ide/plugins/com.nxp.mcuxpresso.tools.win32_11.10.0.202311280810/tools/bin/../lib/gcc/arm-none-eabi/13.2.1/../../../../arm-none-eabi/lib/thumb/v8-m.main+fp/hard\libcr_c.a(_fflush.o)
 .debug_abbrev  0x00002d63      0x126 D:/Installations/NXP/MCUXpressoIDE_11.10.0_3148/ide/plugins/com.nxp.mcuxpresso.tools.win32_11.10.0.202311280810/tools/bin/../lib/gcc/arm-none-eabi/13.2.1/../../../../arm-none-eabi/lib/thumb/v8-m.main+fp/hard\libcr_c.a(_writebuf.o)
 .debug_abbrev  0x00002e89      0x155 D:/Installations/NXP/MCUXpressoIDE_11.10.0_3148/ide/plugins/com.nxp.mcuxpresso.tools.win32_11.10.0.202311280810/tools/bin/../lib/gcc/arm-none-eabi/13.2.1/../../../../arm-none-eabi/lib/thumb/v8-m.main+fp/hard\libcr_c.a(fclose.o)
 .debug_abbrev  0x00002fde      0x125 D:/Installations/NXP/MCUXpressoIDE_11.10.0_3148/ide/plugins/com.nxp.mcuxpresso.tools.win32_11.10.0.202311280810/tools/bin/../lib/gcc/arm-none-eabi/13.2.1/../../../../arm-none-eabi/lib/thumb/v8-m.main+fp/hard\libcr_c.a(fflush.o)
 .debug_abbrev  0x00003103      0x11b D:/Installations/NXP/MCUXpressoIDE_11.10.0_3148/ide/plugins/com.nxp.mcuxpresso.tools.win32_11.10.0.202311280810/tools/bin/../lib/gcc/arm-none-eabi/13.2.1/../../../../arm-none-eabi/lib/thumb/v8-m.main+fp/hard\libcr_c.a(fseek.o)
 .debug_abbrev  0x0000321e       0xc2 D:/Installations/NXP/MCUXpressoIDE_11.10.0_3148/ide/plugins/com.nxp.mcuxpresso.tools.win32_11.10.0.202311280810/tools/bin/../lib/gcc/arm-none-eabi/13.2.1/../../../../arm-none-eabi/lib/thumb/v8-m.main+fp/hard\libcr_c.a(ftell.o)
 .debug_abbrev  0x000032e0       0xfb D:/Installations/NXP/MCUXpressoIDE_11.10.0_3148/ide/plugins/com.nxp.mcuxpresso.tools.win32_11.10.0.202311280810/tools/bin/../lib/gcc/arm-none-eabi/13.2.1/../../../../arm-none-eabi/lib/thumb/v8-m.main+fp/hard\libcr_c.a(remove.o)
 .debug_abbrev  0x000033db       0x6b D:/Installations/NXP/MCUXpressoIDE_11.10.0_3148/ide/plugins/com.nxp.mcuxpresso.tools.win32_11.10.0.202311280810/tools/bin/../lib/gcc/arm-none-eabi/13.2.1/../../../../arm-none-eabi/lib/thumb/v8-m.main+fp/hard\libcr_c.a(_cr_check_heap.o)
 .debug_abbrev  0x00003446      0x12c D:/Installations/NXP/MCUXpressoIDE_11.10.0_3148/ide/plugins/com.nxp.mcuxpresso.tools.win32_11.10.0.202311280810/tools/bin/../lib/gcc/arm-none-eabi/13.2.1/../../../../arm-none-eabi/lib/thumb/v8-m.main+fp/hard\libcr_c.a(_do_fflush.o)
 .debug_abbrev  0x00003572       0xb5 D:/Installations/NXP/MCUXpressoIDE_11.10.0_3148/ide/plugins/com.nxp.mcuxpresso.tools.win32_11.10.0.202311280810/tools/bin/../lib/gcc/arm-none-eabi/13.2.1/../../../../arm-none-eabi/lib/thumb/v8-m.main+fp/hard\libcr_semihost_nf.a(__ciob.o)

.debug_aranges  0x00000000      0xcf8
 .debug_aranges
                0x00000000       0x28 ./utilities/fsl_assert.o
 .debug_aranges
                0x00000028      0x268 ./startup/startup_lpc55s69_cm33_core0.o
 .debug_aranges
                0x00000290       0x28 ./source/Lab3.o
 .debug_aranges
                0x000002b8       0x20 ./source/semihost_hardfault.o
 .debug_aranges
                0x000002d8      0x228 ./drivers/fsl_clock.o
 .debug_aranges
                0x00000500       0x38 ./drivers/fsl_common_arm.o
 .debug_aranges
                0x00000538       0x90 ./drivers/fsl_flexcomm.o
 .debug_aranges
                0x000005c8       0x58 ./drivers/fsl_inputmux.o
 .debug_aranges
                0x00000620      0x138 ./drivers/fsl_pint.o
 .debug_aranges
                0x00000758       0xc8 ./drivers/fsl_power.o
 .debug_aranges
                0x00000820       0x30 ./drivers/fsl_reset.o
 .debug_aranges
                0x00000850       0x88 ./device/system_LPC55S69_cm33_core0.o
 .debug_aranges
                0x000008d8       0x30 ./board/board.o
 .debug_aranges
                0x00000908       0x50 ./board/clock_config.o
 .debug_aranges
                0x00000958       0x30 ./board/peripherals.o
 .debug_aranges
                0x00000988       0x38 ./board/pin_mux.o
 .debug_aranges
                0x000009c0       0x20 D:/Installations/NXP/MCUXpressoIDE_11.10.0_3148/ide/plugins/com.nxp.mcuxpresso.tools.win32_11.10.0.202311280810/tools/bin/../lib/gcc/arm-none-eabi/13.2.1/../../../../arm-none-eabi/lib/thumb/v8-m.main+fp/hard\libcr_semihost_nf.a(_cr__main.o)
 .debug_aranges
                0x000009e0       0x20 D:/Installations/NXP/MCUXpressoIDE_11.10.0_3148/ide/plugins/com.nxp.mcuxpresso.tools.win32_11.10.0.202311280810/tools/bin/../lib/gcc/arm-none-eabi/13.2.1/../../../../arm-none-eabi/lib/thumb/v8-m.main+fp/hard\libcr_c.a(memset.o)
 .debug_aranges
                0x00000a00       0x40 D:/Installations/NXP/MCUXpressoIDE_11.10.0_3148/ide/plugins/com.nxp.mcuxpresso.tools.win32_11.10.0.202311280810/tools/bin/../lib/gcc/arm-none-eabi/13.2.1/../../../../arm-none-eabi/lib/thumb/v8-m.main+fp/hard\libcr_c.a(alloc.o)
 .debug_aranges
                0x00000a40       0x18 D:/Installations/NXP/MCUXpressoIDE_11.10.0_3148/ide/plugins/com.nxp.mcuxpresso.tools.win32_11.10.0.202311280810/tools/bin/../lib/gcc/arm-none-eabi/13.2.1/../../../../arm-none-eabi/lib/thumb/v8-m.main+fp/hard\libcr_c.a(errno.o)
 .debug_aranges
                0x00000a58       0x28 D:/Installations/NXP/MCUXpressoIDE_11.10.0_3148/ide/plugins/com.nxp.mcuxpresso.tools.win32_11.10.0.202311280810/tools/bin/../lib/gcc/arm-none-eabi/13.2.1/../../../../arm-none-eabi/lib/thumb/v8-m.main+fp/hard\libcr_c.a(initio.o)
 .debug_aranges
                0x00000a80       0x70 D:/Installations/NXP/MCUXpressoIDE_11.10.0_3148/ide/plugins/com.nxp.mcuxpresso.tools.win32_11.10.0.202311280810/tools/bin/../lib/gcc/arm-none-eabi/13.2.1/../../../../arm-none-eabi/lib/thumb/v8-m.main+fp/hard\libcr_c.a(printf.o)
 .debug_aranges
                0x00000af0       0x20 D:/Installations/NXP/MCUXpressoIDE_11.10.0_3148/ide/plugins/com.nxp.mcuxpresso.tools.win32_11.10.0.202311280810/tools/bin/../lib/gcc/arm-none-eabi/13.2.1/../../../../arm-none-eabi/lib/thumb/v8-m.main+fp/hard\libcr_c.a(setvbuf.o)
 .debug_aranges
                0x00000b10       0x20 D:/Installations/NXP/MCUXpressoIDE_11.10.0_3148/ide/plugins/com.nxp.mcuxpresso.tools.win32_11.10.0.202311280810/tools/bin/../lib/gcc/arm-none-eabi/13.2.1/../../../../arm-none-eabi/lib/thumb/v8-m.main+fp/hard\libcr_c.a(strlen.o)
 .debug_aranges
                0x00000b30       0x20 D:/Installations/NXP/MCUXpressoIDE_11.10.0_3148/ide/plugins/com.nxp.mcuxpresso.tools.win32_11.10.0.202311280810/tools/bin/../lib/gcc/arm-none-eabi/13.2.1/../../../../arm-none-eabi/lib/thumb/v8-m.main+fp/hard\libcr_c.a(__init_alloc.o)
 .debug_aranges
                0x00000b50       0x20 D:/Installations/NXP/MCUXpressoIDE_11.10.0_3148/ide/plugins/com.nxp.mcuxpresso.tools.win32_11.10.0.202311280810/tools/bin/../lib/gcc/arm-none-eabi/13.2.1/../../../../arm-none-eabi/lib/thumb/v8-m.main+fp/hard\libcr_c.a(_cr_sbrk.o)
 .debug_aranges
                0x00000b70       0x28 D:/Installations/NXP/MCUXpressoIDE_11.10.0_3148/ide/plugins/com.nxp.mcuxpresso.tools.win32_11.10.0.202311280810/tools/bin/../lib/gcc/arm-none-eabi/13.2.1/../../../../arm-none-eabi/lib/thumb/v8-m.main+fp/hard\libcr_c.a(_deferredlazyseek.o)
 .debug_aranges
                0x00000b98       0x20 D:/Installations/NXP/MCUXpressoIDE_11.10.0_3148/ide/plugins/com.nxp.mcuxpresso.tools.win32_11.10.0.202311280810/tools/bin/../lib/gcc/arm-none-eabi/13.2.1/../../../../arm-none-eabi/lib/thumb/v8-m.main+fp/hard\libcr_c.a(_fdopen.o)
 .debug_aranges
                0x00000bb8       0x20 D:/Installations/NXP/MCUXpressoIDE_11.10.0_3148/ide/plugins/com.nxp.mcuxpresso.tools.win32_11.10.0.202311280810/tools/bin/../lib/gcc/arm-none-eabi/13.2.1/../../../../arm-none-eabi/lib/thumb/v8-m.main+fp/hard\libcr_c.a(_fflush.o)
 .debug_aranges
                0x00000bd8       0x20 D:/Installations/NXP/MCUXpressoIDE_11.10.0_3148/ide/plugins/com.nxp.mcuxpresso.tools.win32_11.10.0.202311280810/tools/bin/../lib/gcc/arm-none-eabi/13.2.1/../../../../arm-none-eabi/lib/thumb/v8-m.main+fp/hard\libcr_c.a(_writebuf.o)
 .debug_aranges
                0x00000bf8       0x20 D:/Installations/NXP/MCUXpressoIDE_11.10.0_3148/ide/plugins/com.nxp.mcuxpresso.tools.win32_11.10.0.202311280810/tools/bin/../lib/gcc/arm-none-eabi/13.2.1/../../../../arm-none-eabi/lib/thumb/v8-m.main+fp/hard\libcr_c.a(fclose.o)
 .debug_aranges
                0x00000c18       0x20 D:/Installations/NXP/MCUXpressoIDE_11.10.0_3148/ide/plugins/com.nxp.mcuxpresso.tools.win32_11.10.0.202311280810/tools/bin/../lib/gcc/arm-none-eabi/13.2.1/../../../../arm-none-eabi/lib/thumb/v8-m.main+fp/hard\libcr_c.a(fflush.o)
 .debug_aranges
                0x00000c38       0x20 D:/Installations/NXP/MCUXpressoIDE_11.10.0_3148/ide/plugins/com.nxp.mcuxpresso.tools.win32_11.10.0.202311280810/tools/bin/../lib/gcc/arm-none-eabi/13.2.1/../../../../arm-none-eabi/lib/thumb/v8-m.main+fp/hard\libcr_c.a(fseek.o)
 .debug_aranges
                0x00000c58       0x20 D:/Installations/NXP/MCUXpressoIDE_11.10.0_3148/ide/plugins/com.nxp.mcuxpresso.tools.win32_11.10.0.202311280810/tools/bin/../lib/gcc/arm-none-eabi/13.2.1/../../../../arm-none-eabi/lib/thumb/v8-m.main+fp/hard\libcr_c.a(ftell.o)
 .debug_aranges
                0x00000c78       0x28 D:/Installations/NXP/MCUXpressoIDE_11.10.0_3148/ide/plugins/com.nxp.mcuxpresso.tools.win32_11.10.0.202311280810/tools/bin/../lib/gcc/arm-none-eabi/13.2.1/../../../../arm-none-eabi/lib/thumb/v8-m.main+fp/hard\libcr_c.a(remove.o)
 .debug_aranges
                0x00000ca0       0x20 D:/Installations/NXP/MCUXpressoIDE_11.10.0_3148/ide/plugins/com.nxp.mcuxpresso.tools.win32_11.10.0.202311280810/tools/bin/../lib/gcc/arm-none-eabi/13.2.1/../../../../arm-none-eabi/lib/thumb/v8-m.main+fp/hard\libcr_c.a(_cr_check_heap.o)
 .debug_aranges
                0x00000cc0       0x20 D:/Installations/NXP/MCUXpressoIDE_11.10.0_3148/ide/plugins/com.nxp.mcuxpresso.tools.win32_11.10.0.202311280810/tools/bin/../lib/gcc/arm-none-eabi/13.2.1/../../../../arm-none-eabi/lib/thumb/v8-m.main+fp/hard\libcr_c.a(_do_fflush.o)
 .debug_aranges
                0x00000ce0       0x18 D:/Installations/NXP/MCUXpressoIDE_11.10.0_3148/ide/plugins/com.nxp.mcuxpresso.tools.win32_11.10.0.202311280810/tools/bin/../lib/gcc/arm-none-eabi/13.2.1/../../../../arm-none-eabi/lib/thumb/v8-m.main+fp/hard\libcr_semihost_nf.a(__ciob.o)

.debug_ranges   0x00000000      0xc98
 .debug_ranges  0x00000000       0x18 ./utilities/fsl_assert.o
 .debug_ranges  0x00000018      0x258 ./startup/startup_lpc55s69_cm33_core0.o
 .debug_ranges  0x00000270       0x18 ./source/Lab3.o
 .debug_ranges  0x00000288       0x10 ./source/semihost_hardfault.o
 .debug_ranges  0x00000298      0x218 ./drivers/fsl_clock.o
 .debug_ranges  0x000004b0       0x28 ./drivers/fsl_common_arm.o
 .debug_ranges  0x000004d8       0x80 ./drivers/fsl_flexcomm.o
 .debug_ranges  0x00000558       0x48 ./drivers/fsl_inputmux.o
 .debug_ranges  0x000005a0      0x128 ./drivers/fsl_pint.o
 .debug_ranges  0x000006c8       0xb8 ./drivers/fsl_power.o
 .debug_ranges  0x00000780       0x20 ./drivers/fsl_reset.o
 .debug_ranges  0x000007a0       0x78 ./device/system_LPC55S69_cm33_core0.o
 .debug_ranges  0x00000818       0x20 ./board/board.o
 .debug_ranges  0x00000838       0x40 ./board/clock_config.o
 .debug_ranges  0x00000878       0x20 ./board/peripherals.o
 .debug_ranges  0x00000898       0x28 ./board/pin_mux.o
 .debug_ranges  0x000008c0       0x10 D:/Installations/NXP/MCUXpressoIDE_11.10.0_3148/ide/plugins/com.nxp.mcuxpresso.tools.win32_11.10.0.202311280810/tools/bin/../lib/gcc/arm-none-eabi/13.2.1/../../../../arm-none-eabi/lib/thumb/v8-m.main+fp/hard\libcr_semihost_nf.a(_cr__main.o)
 .debug_ranges  0x000008d0       0x10 D:/Installations/NXP/MCUXpressoIDE_11.10.0_3148/ide/plugins/com.nxp.mcuxpresso.tools.win32_11.10.0.202311280810/tools/bin/../lib/gcc/arm-none-eabi/13.2.1/../../../../arm-none-eabi/lib/thumb/v8-m.main+fp/hard\libcr_c.a(memset.o)
 .debug_ranges  0x000008e0       0x48 D:/Installations/NXP/MCUXpressoIDE_11.10.0_3148/ide/plugins/com.nxp.mcuxpresso.tools.win32_11.10.0.202311280810/tools/bin/../lib/gcc/arm-none-eabi/13.2.1/../../../../arm-none-eabi/lib/thumb/v8-m.main+fp/hard\libcr_c.a(alloc.o)
 .debug_ranges  0x00000928       0x18 D:/Installations/NXP/MCUXpressoIDE_11.10.0_3148/ide/plugins/com.nxp.mcuxpresso.tools.win32_11.10.0.202311280810/tools/bin/../lib/gcc/arm-none-eabi/13.2.1/../../../../arm-none-eabi/lib/thumb/v8-m.main+fp/hard\libcr_c.a(initio.o)
 .debug_ranges  0x00000940      0x210 D:/Installations/NXP/MCUXpressoIDE_11.10.0_3148/ide/plugins/com.nxp.mcuxpresso.tools.win32_11.10.0.202311280810/tools/bin/../lib/gcc/arm-none-eabi/13.2.1/../../../../arm-none-eabi/lib/thumb/v8-m.main+fp/hard\libcr_c.a(printf.o)
 .debug_ranges  0x00000b50       0x10 D:/Installations/NXP/MCUXpressoIDE_11.10.0_3148/ide/plugins/com.nxp.mcuxpresso.tools.win32_11.10.0.202311280810/tools/bin/../lib/gcc/arm-none-eabi/13.2.1/../../../../arm-none-eabi/lib/thumb/v8-m.main+fp/hard\libcr_c.a(setvbuf.o)
 .debug_ranges  0x00000b60       0x10 D:/Installations/NXP/MCUXpressoIDE_11.10.0_3148/ide/plugins/com.nxp.mcuxpresso.tools.win32_11.10.0.202311280810/tools/bin/../lib/gcc/arm-none-eabi/13.2.1/../../../../arm-none-eabi/lib/thumb/v8-m.main+fp/hard\libcr_c.a(strlen.o)
 .debug_ranges  0x00000b70       0x10 D:/Installations/NXP/MCUXpressoIDE_11.10.0_3148/ide/plugins/com.nxp.mcuxpresso.tools.win32_11.10.0.202311280810/tools/bin/../lib/gcc/arm-none-eabi/13.2.1/../../../../arm-none-eabi/lib/thumb/v8-m.main+fp/hard\libcr_c.a(__init_alloc.o)
 .debug_ranges  0x00000b80       0x10 D:/Installations/NXP/MCUXpressoIDE_11.10.0_3148/ide/plugins/com.nxp.mcuxpresso.tools.win32_11.10.0.202311280810/tools/bin/../lib/gcc/arm-none-eabi/13.2.1/../../../../arm-none-eabi/lib/thumb/v8-m.main+fp/hard\libcr_c.a(_cr_sbrk.o)
 .debug_ranges  0x00000b90       0x30 D:/Installations/NXP/MCUXpressoIDE_11.10.0_3148/ide/plugins/com.nxp.mcuxpresso.tools.win32_11.10.0.202311280810/tools/bin/../lib/gcc/arm-none-eabi/13.2.1/../../../../arm-none-eabi/lib/thumb/v8-m.main+fp/hard\libcr_c.a(_deferredlazyseek.o)
 .debug_ranges  0x00000bc0       0x10 D:/Installations/NXP/MCUXpressoIDE_11.10.0_3148/ide/plugins/com.nxp.mcuxpresso.tools.win32_11.10.0.202311280810/tools/bin/../lib/gcc/arm-none-eabi/13.2.1/../../../../arm-none-eabi/lib/thumb/v8-m.main+fp/hard\libcr_c.a(_fdopen.o)
 .debug_ranges  0x00000bd0       0x10 D:/Installations/NXP/MCUXpressoIDE_11.10.0_3148/ide/plugins/com.nxp.mcuxpresso.tools.win32_11.10.0.202311280810/tools/bin/../lib/gcc/arm-none-eabi/13.2.1/../../../../arm-none-eabi/lib/thumb/v8-m.main+fp/hard\libcr_c.a(_fflush.o)
 .debug_ranges  0x00000be0       0x10 D:/Installations/NXP/MCUXpressoIDE_11.10.0_3148/ide/plugins/com.nxp.mcuxpresso.tools.win32_11.10.0.202311280810/tools/bin/../lib/gcc/arm-none-eabi/13.2.1/../../../../arm-none-eabi/lib/thumb/v8-m.main+fp/hard\libcr_c.a(_writebuf.o)
 .debug_ranges  0x00000bf0       0x10 D:/Installations/NXP/MCUXpressoIDE_11.10.0_3148/ide/plugins/com.nxp.mcuxpresso.tools.win32_11.10.0.202311280810/tools/bin/../lib/gcc/arm-none-eabi/13.2.1/../../../../arm-none-eabi/lib/thumb/v8-m.main+fp/hard\libcr_c.a(fclose.o)
 .debug_ranges  0x00000c00       0x28 D:/Installations/NXP/MCUXpressoIDE_11.10.0_3148/ide/plugins/com.nxp.mcuxpresso.tools.win32_11.10.0.202311280810/tools/bin/../lib/gcc/arm-none-eabi/13.2.1/../../../../arm-none-eabi/lib/thumb/v8-m.main+fp/hard\libcr_c.a(fflush.o)
 .debug_ranges  0x00000c28       0x10 D:/Installations/NXP/MCUXpressoIDE_11.10.0_3148/ide/plugins/com.nxp.mcuxpresso.tools.win32_11.10.0.202311280810/tools/bin/../lib/gcc/arm-none-eabi/13.2.1/../../../../arm-none-eabi/lib/thumb/v8-m.main+fp/hard\libcr_c.a(fseek.o)
 .debug_ranges  0x00000c38       0x10 D:/Installations/NXP/MCUXpressoIDE_11.10.0_3148/ide/plugins/com.nxp.mcuxpresso.tools.win32_11.10.0.202311280810/tools/bin/../lib/gcc/arm-none-eabi/13.2.1/../../../../arm-none-eabi/lib/thumb/v8-m.main+fp/hard\libcr_c.a(ftell.o)
 .debug_ranges  0x00000c48       0x18 D:/Installations/NXP/MCUXpressoIDE_11.10.0_3148/ide/plugins/com.nxp.mcuxpresso.tools.win32_11.10.0.202311280810/tools/bin/../lib/gcc/arm-none-eabi/13.2.1/../../../../arm-none-eabi/lib/thumb/v8-m.main+fp/hard\libcr_c.a(remove.o)
 .debug_ranges  0x00000c60       0x10 D:/Installations/NXP/MCUXpressoIDE_11.10.0_3148/ide/plugins/com.nxp.mcuxpresso.tools.win32_11.10.0.202311280810/tools/bin/../lib/gcc/arm-none-eabi/13.2.1/../../../../arm-none-eabi/lib/thumb/v8-m.main+fp/hard\libcr_c.a(_cr_check_heap.o)
 .debug_ranges  0x00000c70       0x28 D:/Installations/NXP/MCUXpressoIDE_11.10.0_3148/ide/plugins/com.nxp.mcuxpresso.tools.win32_11.10.0.202311280810/tools/bin/../lib/gcc/arm-none-eabi/13.2.1/../../../../arm-none-eabi/lib/thumb/v8-m.main+fp/hard\libcr_c.a(_do_fflush.o)

.debug_macro    0x00000000    0x179b9
 .debug_macro   0x00000000      0x18d ./utilities/fsl_assert.o
 .debug_macro   0x0000018d      0xb1a ./utilities/fsl_assert.o
 .debug_macro   0x00000ca7       0x10 ./utilities/fsl_assert.o
 .debug_macro   0x00000cb7       0x1c ./utilities/fsl_assert.o
 .debug_macro   0x00000cd3       0x22 ./utilities/fsl_assert.o
 .debug_macro   0x00000cf5      0x12e ./utilities/fsl_assert.o
 .debug_macro   0x00000e23      0x5b3 ./utilities/fsl_assert.o
 .debug_macro   0x000013d6       0x22 ./utilities/fsl_assert.o
 .debug_macro   0x000013f8       0x10 ./utilities/fsl_assert.o
 .debug_macro   0x00001408       0x46 ./utilities/fsl_assert.o
 .debug_macro   0x0000144e       0x1c ./utilities/fsl_assert.o
 .debug_macro   0x0000146a       0x29 ./utilities/fsl_assert.o
 .debug_macro   0x00001493       0xfb ./utilities/fsl_assert.o
 .debug_macro   0x0000158e     0x1685 ./utilities/fsl_assert.o
 .debug_macro   0x00002c13       0x5e ./utilities/fsl_assert.o
 .debug_macro   0x00002c71       0x2e ./utilities/fsl_assert.o
 .debug_macro   0x00002c9f    0x116e8 ./utilities/fsl_assert.o
 .debug_macro   0x00014387      0x4f1 ./utilities/fsl_assert.o
 .debug_macro   0x00014878       0x88 ./utilities/fsl_assert.o
 .debug_macro   0x00014900       0xaf ./utilities/fsl_assert.o
 .debug_macro   0x000149af      0x2ca ./utilities/fsl_assert.o
 .debug_macro   0x00014c79       0x16 ./utilities/fsl_assert.o
 .debug_macro   0x00014c8f      0x11f ./utilities/fsl_assert.o
 .debug_macro   0x00014dae       0x70 ./utilities/fsl_assert.o
 .debug_macro   0x00014e1e       0x47 ./utilities/fsl_assert.o
 .debug_macro   0x00014e65       0x16 ./utilities/fsl_assert.o
 .debug_macro   0x00014e7b       0x6d ./utilities/fsl_assert.o
 .debug_macro   0x00014ee8       0x16 ./utilities/fsl_assert.o
 .debug_macro   0x00014efe       0xd2 ./utilities/fsl_assert.o
 .debug_macro   0x00014fd0       0x1c ./utilities/fsl_assert.o
 .debug_macro   0x00014fec       0x29 ./startup/startup_lpc55s69_cm33_core0.o
 .debug_macro   0x00015015      0x1db ./source/Lab3.o
 .debug_macro   0x000151f0       0xd8 ./source/Lab3.o
 .debug_macro   0x000152c8      0x4a0 ./source/Lab3.o
 .debug_macro   0x00015768       0x10 ./source/Lab3.o
 .debug_macro   0x00015778       0xfe ./source/Lab3.o
 .debug_macro   0x00015876      0x1f0 ./source/Lab3.o
 .debug_macro   0x00015a66       0x64 ./source/Lab3.o
 .debug_macro   0x00015aca       0x16 ./source/Lab3.o
 .debug_macro   0x00015ae0       0x28 ./source/Lab3.o
 .debug_macro   0x00015b08       0x2e ./source/Lab3.o
 .debug_macro   0x00015b36       0x11 ./source/semihost_hardfault.o
 .debug_macro   0x00015b47      0x1db ./drivers/fsl_clock.o
 .debug_macro   0x00015d22      0x304 ./drivers/fsl_clock.o
 .debug_macro   0x00016026      0x13c ./drivers/fsl_common_arm.o
 .debug_macro   0x00016162      0x145 ./drivers/fsl_flexcomm.o
 .debug_macro   0x000162a7       0x10 ./drivers/fsl_flexcomm.o
 .debug_macro   0x000162b7      0x155 ./drivers/fsl_inputmux.o
 .debug_macro   0x0001640c       0x8e ./drivers/fsl_inputmux.o
 .debug_macro   0x0001649a      0x157 ./drivers/fsl_pint.o
 .debug_macro   0x000165f1       0x5e ./drivers/fsl_pint.o
 .debug_macro   0x0001664f      0x410 ./drivers/fsl_power.o
 .debug_macro   0x00016a5f      0x13c ./drivers/fsl_reset.o
 .debug_macro   0x00016b9b       0xc1 ./device/system_LPC55S69_cm33_core0.o
 .debug_macro   0x00016c5c      0x1b7 ./board/board.o
 .debug_macro   0x00016e13      0x4a6 ./board/board.o
 .debug_macro   0x000172b9      0x15c ./board/clock_config.o
 .debug_macro   0x00017415      0x2fe ./board/clock_config.o
 .debug_macro   0x00017713      0x14e ./board/peripherals.o
 .debug_macro   0x00017861      0x158 ./board/pin_mux.o

.debug_line     0x00000000     0x9a01
 .debug_line    0x00000000      0x4a8 ./utilities/fsl_assert.o
 .debug_line    0x000004a8      0x794 ./startup/startup_lpc55s69_cm33_core0.o
 .debug_line    0x00000c3c      0x558 ./source/Lab3.o
 .debug_line    0x00001194       0x59 ./source/semihost_hardfault.o
 .debug_line    0x000011ed     0x17bc ./drivers/fsl_clock.o
 .debug_line    0x000029a9      0x3d6 ./drivers/fsl_common_arm.o
 .debug_line    0x00002d7f      0x609 ./drivers/fsl_flexcomm.o
 .debug_line    0x00003388      0x4bf ./drivers/fsl_inputmux.o
 .debug_line    0x00003847      0xd7b ./drivers/fsl_pint.o
 .debug_line    0x000045c2      0xee6 ./drivers/fsl_power.o
 .debug_line    0x000054a8      0x3da ./drivers/fsl_reset.o
 .debug_line    0x00005882      0x6cb ./device/system_LPC55S69_cm33_core0.o
 .debug_line    0x00005f4d      0x51a ./board/board.o
 .debug_line    0x00006467      0x4b0 ./board/clock_config.o
 .debug_line    0x00006917      0x3cb ./board/peripherals.o
 .debug_line    0x00006ce2      0x462 ./board/pin_mux.o
 .debug_line    0x00007144       0xc4 D:/Installations/NXP/MCUXpressoIDE_11.10.0_3148/ide/plugins/com.nxp.mcuxpresso.tools.win32_11.10.0.202311280810/tools/bin/../lib/gcc/arm-none-eabi/13.2.1/../../../../arm-none-eabi/lib/thumb/v8-m.main+fp/hard\libcr_semihost_nf.a(_cr__main.o)
 .debug_line    0x00007208       0x7b D:/Installations/NXP/MCUXpressoIDE_11.10.0_3148/ide/plugins/com.nxp.mcuxpresso.tools.win32_11.10.0.202311280810/tools/bin/../lib/gcc/arm-none-eabi/13.2.1/../../../../arm-none-eabi/lib/thumb/v8-m.main+fp/hard\libcr_c.a(memset.o)
 .debug_line    0x00007283      0x37d D:/Installations/NXP/MCUXpressoIDE_11.10.0_3148/ide/plugins/com.nxp.mcuxpresso.tools.win32_11.10.0.202311280810/tools/bin/../lib/gcc/arm-none-eabi/13.2.1/../../../../arm-none-eabi/lib/thumb/v8-m.main+fp/hard\libcr_c.a(alloc.o)
 .debug_line    0x00007600       0x4e D:/Installations/NXP/MCUXpressoIDE_11.10.0_3148/ide/plugins/com.nxp.mcuxpresso.tools.win32_11.10.0.202311280810/tools/bin/../lib/gcc/arm-none-eabi/13.2.1/../../../../arm-none-eabi/lib/thumb/v8-m.main+fp/hard\libcr_c.a(errno.o)
 .debug_line    0x0000764e      0x149 D:/Installations/NXP/MCUXpressoIDE_11.10.0_3148/ide/plugins/com.nxp.mcuxpresso.tools.win32_11.10.0.202311280810/tools/bin/../lib/gcc/arm-none-eabi/13.2.1/../../../../arm-none-eabi/lib/thumb/v8-m.main+fp/hard\libcr_c.a(initio.o)
 .debug_line    0x00007797     0x1071 D:/Installations/NXP/MCUXpressoIDE_11.10.0_3148/ide/plugins/com.nxp.mcuxpresso.tools.win32_11.10.0.202311280810/tools/bin/../lib/gcc/arm-none-eabi/13.2.1/../../../../arm-none-eabi/lib/thumb/v8-m.main+fp/hard\libcr_c.a(printf.o)
 .debug_line    0x00008808       0xec D:/Installations/NXP/MCUXpressoIDE_11.10.0_3148/ide/plugins/com.nxp.mcuxpresso.tools.win32_11.10.0.202311280810/tools/bin/../lib/gcc/arm-none-eabi/13.2.1/../../../../arm-none-eabi/lib/thumb/v8-m.main+fp/hard\libcr_c.a(setvbuf.o)
 .debug_line    0x000088f4      0x109 D:/Installations/NXP/MCUXpressoIDE_11.10.0_3148/ide/plugins/com.nxp.mcuxpresso.tools.win32_11.10.0.202311280810/tools/bin/../lib/gcc/arm-none-eabi/13.2.1/../../../../arm-none-eabi/lib/thumb/v8-m.main+fp/hard\libcr_c.a(strlen.o)
 .debug_line    0x000089fd       0x59 D:/Installations/NXP/MCUXpressoIDE_11.10.0_3148/ide/plugins/com.nxp.mcuxpresso.tools.win32_11.10.0.202311280810/tools/bin/../lib/gcc/arm-none-eabi/13.2.1/../../../../arm-none-eabi/lib/thumb/v8-m.main+fp/hard\libcr_c.a(__init_alloc.o)
 .debug_line    0x00008a56       0xfb D:/Installations/NXP/MCUXpressoIDE_11.10.0_3148/ide/plugins/com.nxp.mcuxpresso.tools.win32_11.10.0.202311280810/tools/bin/../lib/gcc/arm-none-eabi/13.2.1/../../../../arm-none-eabi/lib/thumb/v8-m.main+fp/hard\libcr_c.a(_cr_sbrk.o)
 .debug_line    0x00008b51      0x2e9 D:/Installations/NXP/MCUXpressoIDE_11.10.0_3148/ide/plugins/com.nxp.mcuxpresso.tools.win32_11.10.0.202311280810/tools/bin/../lib/gcc/arm-none-eabi/13.2.1/../../../../arm-none-eabi/lib/thumb/v8-m.main+fp/hard\libcr_c.a(_deferredlazyseek.o)
 .debug_line    0x00008e3a      0x11c D:/Installations/NXP/MCUXpressoIDE_11.10.0_3148/ide/plugins/com.nxp.mcuxpresso.tools.win32_11.10.0.202311280810/tools/bin/../lib/gcc/arm-none-eabi/13.2.1/../../../../arm-none-eabi/lib/thumb/v8-m.main+fp/hard\libcr_c.a(_fdopen.o)