05:04:16 **** Build of configuration Debug for project FP_hello_world_cm33_core1 ****
make -r -j8 all 
Building file: ../utilities/fsl_debug_console.c
Building file: ../utilities/fsl_assert.c
Building file: ../utilities/fsl_memcpy.S
Building file: ../utilities/fsl_str.c
Invoking: MCU C Compiler
arm-none-eabi-gcc -std=gnu99 -D__REDLIB__ -DCPU_LPC55S69JBD100_cm33_core1 -DMCMGR_HANDLE_EXCEPTIONS=1 -D__SEMIHOST_HARDFAULT_DISABLE=1 -DMCUXPRESSO_SDK -DMULTICORE_APP=1 -DCPU_LPC55S69JBD100 -DCPU_LPC55S69JBD100_cm33_nodsp -DSDK_DEBUGCONSOLE=0 -DCR_INTEGER_PRINTF -D__MCUXPRESSO -D__USE_CMSIS -DDEBUG -D__MULTICORE_M33SLAVE -I"D:\Classworks\Microprocessor Lab\MPL\FP_hello_world_cm33_core1\source" -I"D:\Classworks\Microprocessor Lab\MPL\FP_hello_world_cm33_core1\utilities" -I"D:\Classworks\Microprocessor Lab\MPL\FP_hello_world_cm33_core1\drivers" -I"D:\Classworks\Microprocessor Lab\MPL\FP_hello_world_cm33_core1\mcmgr" -I"D:\Classworks\Microprocessor Lab\MPL\FP_hello_world_cm33_core1\device" -I"D:\Classworks\Microprocessor Lab\MPL\FP_hello_world_cm33_core1\startup" -I"D:\Classworks\Microprocessor Lab\MPL\FP_hello_world_cm33_core1\component\uart" -I"D:\Classworks\Microprocessor Lab\MPL\FP_hello_world_cm33_core1\component\lists" -I"D:\Classworks\Microprocessor Lab\MPL\FP_hello_world_cm33_core1\CMSIS" -I"D:\Classworks\Microprocessor Lab\MPL\FP_hello_world_cm33_core1\board" -I"D:\Classworks\Microprocessor Lab\MPL\FP_hello_world_cm33_core1\lpcxpresso55s69\multicore_examples\hello_world\cm33_core1" -O0 -fno-common -g3 -gdwarf-4 -mcpu=cortex-m33+nodsp -c -ffunction-sections -fdata-sections -fno-builtin -fmerge-constants -fmacro-prefix-map="../utilities/"= -mcpu=cortex-m33+nodsp -mthumb -D__REDLIB__ -fstack-usage -specs=redlib.specs -MMD -MP -MF"utilities/fsl_debug_console.d" -MT"utilities/fsl_debug_console.o" -MT"utilities/fsl_debug_console.d" -o "utilities/fsl_debug_console.o" "../utilities/fsl_debug_console.c"
Invoking: MCU C Compiler
Invoking: MCU Assembler
arm-none-eabi-gcc -std=gnu99 -D__REDLIB__ -DCPU_LPC55S69JBD100_cm33_core1 -DMCMGR_HANDLE_EXCEPTIONS=1 -D__SEMIHOST_HARDFAULT_DISABLE=1 -DMCUXPRESSO_SDK -DMULTICORE_APP=1 -DCPU_LPC55S69JBD100 -DCPU_LPC55S69JBD100_cm33_nodsp -DSDK_DEBUGCONSOLE=0 -DCR_INTEGER_PRINTF -D__MCUXPRESSO -D__USE_CMSIS -DDEBUG -D__MULTICORE_M33SLAVE -I"D:\Classworks\Microprocessor Lab\MPL\FP_hello_world_cm33_core1\source" -I"D:\Classworks\Microprocessor Lab\MPL\FP_hello_world_cm33_core1\utilities" -I"D:\Classworks\Microprocessor Lab\MPL\FP_hello_world_cm33_core1\drivers" -I"D:\Classworks\Microprocessor Lab\MPL\FP_hello_world_cm33_core1\mcmgr" -I"D:\Classworks\Microprocessor Lab\MPL\FP_hello_world_cm33_core1\device" -I"D:\Classworks\Microprocessor Lab\MPL\FP_hello_world_cm33_core1\startup" -I"D:\Classworks\Microprocessor Lab\MPL\FP_hello_world_cm33_core1\component\uart" -I"D:\Classworks\Microprocessor Lab\MPL\FP_hello_world_cm33_core1\component\lists" -I"D:\Classworks\Microprocessor Lab\MPL\FP_hello_world_cm33_core1\CMSIS" -I"D:\Classworks\Microprocessor Lab\MPL\FP_hello_world_cm33_core1\board" -I"D:\Classworks\Microprocessor Lab\MPL\FP_hello_world_cm33_core1\lpcxpresso55s69\multicore_examples\hello_world\cm33_core1" -O0 -fno-common -g3 -gdwarf-4 -mcpu=cortex-m33+nodsp -c -ffunction-sections -fdata-sections -fno-builtin -fmerge-constants -fmacro-prefix-map="../utilities/"= -mcpu=cortex-m33+nodsp -mthumb -D__REDLIB__ -fstack-usage -specs=redlib.specs -MMD -MP -MF"utilities/fsl_assert.d" -MT"utilities/fsl_assert.o" -MT"utilities/fsl_assert.dInvoking: MCU C Compiler
" -o "utilities/fsl_assert.o" "../utilities/fsl_assert.c"
arm-none-eabi-gcc -c -x assembler-with-cpp -D__REDLIB__ -D__MULTICORE_M33SLAVE -I"D:\Classworks\Microprocessor Lab\MPL\FP_hello_world_cm33_core1\source" -g3 -gdwarf-4 -mcpu=cortex-m33+nodsp -mthumb -D__REDLIB__ -specs=redlib.specs -o "utilities/fsl_memcpy.o" "../utilities/fsl_memcpy.S"
arm-none-eabi-gcc -std=gnu99 -D__REDLIB__ -DCPU_LPC55S69JBD100_cm33_core1 -DMCMGR_HANDLE_EXCEPTIONS=1 -D__SEMIHOST_HARDFAULT_DISABLE=1 -DMCUXPRESSO_SDK -DMULTICORE_APP=1 -DCPU_LPC55S69JBD100 -DCPU_LPC55S69JBD100_cm33_nodsp -DSDK_DEBUGCONSOLE=0 -DCR_INTEGER_PRINTF -D__MCUXPRESSO -D__USE_CMSIS -DDEBUG -D__MULTICORE_M33SLAVE -I"D:\Classworks\Microprocessor Lab\MPL\FP_hello_world_cm33_core1\source" -I"D:\Classworks\Microprocessor Lab\MPL\FP_hello_world_cm33_core1\utilities" -I"D:\Classworks\Microprocessor Lab\MPL\FP_hello_world_cm33_core1\drivers" -I"D:\Classworks\Microprocessor Lab\MPL\FP_hello_world_cm33_core1\mcmgr" -I"D:\Classworks\Microprocessor Lab\MPL\FP_hello_world_cm33_core1\device" -I"D:\Classworks\Microprocessor Lab\MPL\FP_hello_world_cm33_core1\startup" -I"D:\Classworks\Microprocessor Lab\MPL\FP_hello_world_cm33_core1\component\uart" -I"D:\Classworks\Microprocessor Lab\MPL\FP_hello_world_cm33_core1\component\lists" -I"D:\Classworks\Microprocessor Lab\MPL\FP_hello_world_cm33_core1\CMSIS" -I"D:\Classworks\Microprocessor Lab\MPL\FP_hello_world_cm33_core1\board" -I"D:\Classworks\Microprocessor Lab\MPL\FP_hello_world_cm33_core1\lpcxpresso55s69\multicore_examples\hello_world\cm33_core1" -O0 -fno-common -g3 -gdwarf-4 -mcpu=cortex-m33+nodsp -c -ffunction-sections -fdata-sections -fno-builtin -fmerge-constants -fmacro-prefix-map="../utilities/"= -mcpu=cortex-m33+nodsp -mthumb -D__REDLIB__ -fstack-usage -specs=redlib.specs -MMD -MP -MF"utilities/fsl_str.d" -MT"utilities/fsl_str.o" -MT"utilities/fsl_str.d" -o "utilities/fsl_str.o" "../utilities/fsl_str.c"
Building file: ../startup/boot_multicore_slave.c
Building file: ../startup/startup_lpc55s69_cm33_core1.c
Building file: ../source/hello_world_core1.c
Building file: ../source/semihost_hardfault.c
Invoking: MCU C Compiler
arm-none-eabi-gcc -std=gnu99 -D__REDLIB__ -DCPU_LPC55S69JBD100_cm33_core1 -DMCMGR_HANDLE_EXCEPTIONS=1 -D__SEMIHOST_HARDFAULT_DISABLE=1 -DMCUXPRESSO_SDK -DMULTICORE_APP=1 -DCPU_LPC55S69JBD100 -DCPU_LPC55S69JBD100_cm33_nodsp -DSDK_DEBUGCONSOLE=0 -DCR_INTEGER_PRINTF -D__MCUXPRESSO -D__USE_CMSIS -DDEBUG -D__MULTICORE_M33SLAVE -I"D:\Classworks\Microprocessor Lab\MPL\FP_hello_world_cm33_core1\source" -I"D:\Classworks\Microprocessor Lab\MPL\FP_hello_world_cm33_core1\utilities" -I"D:\Classworks\Microprocessor Lab\MPL\FP_hello_world_cm33_core1\drivers" -I"D:\Classworks\Microprocessor Lab\MPL\FP_hello_world_cm33_core1\mcmgr" -I"D:\Classworks\Microprocessor Lab\MPL\FP_hello_world_cm33_core1\device" -I"D:\Classworks\Microprocessor Lab\MPL\FP_hello_world_cm33_core1\startup" -I"D:\Classworks\Microprocessor Lab\MPL\FP_hello_world_cm33_core1\component\uart" -I"D:\Classworks\Microprocessor Lab\MPL\FP_hello_world_cm33_core1\component\lists" -I"D:\Classworks\Microprocessor Lab\MPL\FP_hello_world_cm33_core1\CMSIS" -I"D:\Classworks\Microprocessor Lab\MPL\FP_hello_world_cm33_core1\board" -I"D:\Classworks\Microprocessor Lab\MPL\FP_hello_world_cm33_core1\lpcxpresso55s69\multicore_examples\hello_world\cm33_core1" -O0 -fno-common -g3 -gdwarf-4 -mcpu=cortex-m33+nodsp -c -ffunction-sections -fdata-sections -fno-builtin -fmerge-constants -fmacro-prefix-map="../startup/"= -mcpu=cortex-m33+nodsp -mthumb -D__REDLIB__ -fstack-usage -specs=redlib.specs -MMD -MP -MF"startup/startup_lpc55s69_cm33_core1.d" -MT"startup/startup_lpc55s69_cm33_core1.o" -MT"startup/startup_lpc55s69_cm33_core1.d" -o "startup/startup_lpc55s69_cm33_core1.o" "../startup/startup_lpc55s69_cm33_core1.c"
Invoking: MCU C Compiler
Invoking: MCU C Compiler
Invoking: MCU C Compiler
arm-none-eabi-gcc -std=gnu99 -D__REDLIB__ -DCPU_LPC55S69JBD100_cm33_core1 -DMCMGR_HANDLE_EXCEPTIONS=1 -D__SEMIHOST_HARDFAULT_DISABLE=1 -DMCUXPRESSO_SDK -DMULTICORE_APP=1 -DCPU_LPC55S69JBD100 -DCPU_LPC55S69JBD100_cm33_nodsp -DSDK_DEBUGCONSOLE=0 -DCR_INTEGER_PRINTF -D__MCUXPRESSO -D__USE_CMSIS -DDEBUG -D__MULTICORE_M33SLAVE -I"D:\Classworks\Microprocessor Lab\MPL\FP_hello_world_cm33_core1\source" -I"D:\Classworks\Microprocessor Lab\MPL\FP_hello_world_cm33_core1\utilities" -I"D:\Classworks\Microprocessor Lab\MPL\FP_hello_world_cm33_core1\drivers" -I"D:\Classworks\Microprocessor Lab\MPL\FP_hello_world_cm33_core1\mcmgr" -I"D:\Classworks\Microprocessor Lab\MPL\FP_hello_world_cm33_core1\device" -I"D:\Classworks\Microprocessor Lab\MPL\FP_hello_world_cm33_core1\startup" -I"D:\Classworks\Microprocessor Lab\MPL\FP_hello_world_cm33_core1\component\uart" -I"D:\Classworks\Microprocessor Lab\MPL\FP_hello_world_cm33_core1\component\lists" -I"D:\Classworks\Microprocessor Lab\MPL\FP_hello_world_cm33_core1\CMSIS" -I"D:\Classworks\Microprocessor Lab\MPL\FP_hello_world_cm33_core1\board" -I"D:\Classworks\Microprocessor Lab\MPL\FP_hello_world_cm33_core1\lpcxpresso55s69\multicore_examples\hello_world\cm33_core1" -O0 -fno-common -g3 -gdwarf-4 -mcpu=cortex-m33+nodsp -c -ffunction-sections -fdata-sections -fno-builtin -fmerge-constants -fmacro-prefix-map="../source/"= -mcpu=cortex-m33+nodsp -mthumb -D__REDLIB__ -fstack-usage -specs=redlib.specs -MMD -MP -MF"source/hello_world_core1.d" -MT"source/hello_world_core1.o" -MT"source/hello_world_core1.d" -o "source/hello_world_core1.o" "../source/hello_world_core1.c"
arm-none-eabi-gcc -std=gnu99 -D__REDLIB__ -DCPU_LPC55S69JBD100_cm33_core1 -DMCMGR_HANDLE_EXCEPTIONS=1 -D__SEMIHOST_HARDFAULT_DISABLE=1 -DMCUXPRESSO_SDK -DMULTICORE_APP=1 -DCPU_LPC55S69JBD100 -DCPU_LPC55S69JBD100_cm33_nodsp -DSDK_DEBUGCONSOLE=0 -DCR_INTEGER_PRINTF -D__MCUXPRESSO -D__USE_CMSIS -DDEBUG -D__MULTICORE_M33SLAVE -I"D:\Classworks\Microprocessor Lab\MPL\FP_hello_world_cm33_core1\source" -I"D:\Classworks\Microprocessor Lab\MPL\FP_hello_world_cm33_core1\utilities" -I"D:\Classworks\Microprocessor Lab\MPL\FP_hello_world_cm33_core1\drivers" -I"D:\Classworks\Microprocessor Lab\MPL\FP_hello_world_cm33_core1\mcmgr" -I"D:\Classworks\Microprocessor Lab\MPL\FP_hello_world_cm33_core1\device" -I"D:\Classworks\Microprocessor Lab\MPL\FP_hello_world_cm33_core1\startup" -I"D:\Classworks\Microprocessor Lab\MPL\FP_hello_world_cm33_core1\component\uart" -I"D:\Classworks\Microprocessor Lab\MPL\FP_hello_world_cm33_core1\component\lists" -I"D:\Classworks\Microprocessor Lab\MPL\FP_hello_world_cm33_core1\CMSIS" -I"D:\Classworks\Microprocessor Lab\MPL\FP_hello_world_cm33_core1\board" -I"D:\Classworks\Microprocessor Lab\MPL\FP_hello_world_cm33_core1\lpcxpresso55s69\multicore_examples\hello_world\cm33_core1" -O0 -fno-common -g3 -gdwarf-4 -mcpu=cortex-m33+nodsp -c -ffunction-sections -fdata-sections -fno-builtin -fmerge-constants -fmacro-prefix-map="../startup/"= -mcpu=cortex-m33+nodsp -mthumb -D__REDLIB__ -fstack-usage -specs=redlib.specs -MMD -MP -MF"startup/boot_multicore_slave.d" -MT"startup/boot_multicore_slave.o" -MT"startup/boot_multicore_slave.d" -o "startup/boot_multicore_slave.o" "../startup/boot_multicore_slave.c"
arm-none-eabi-gcc -std=gnu99 -D__REDLIB__ -DCPU_LPC55S69JBD100_cm33_core1 -DMCMGR_HANDLE_EXCEPTIONS=1 -D__SEMIHOST_HARDFAULT_DISABLE=1 -DMCUXPRESSO_SDK -DMULTICORE_APP=1 -DCPU_LPC55S69JBD100 -DCPU_LPC55S69JBD100_cm33_nodsp -DSDK_DEBUGCONSOLE=0 -DCR_INTEGER_PRINTF -D__MCUXPRESSO -D__USE_CMSIS -DDEBUG -D__MULTICORE_M33SLAVE -I"D:\Classworks\Microprocessor Lab\MPL\FP_hello_world_cm33_core1\source" -I"D:\Classworks\Microprocessor Lab\MPL\FP_hello_world_cm33_core1\utilities" -I"D:\Classworks\Microprocessor Lab\MPL\FP_hello_world_cm33_core1\drivers" -I"D:\Classworks\Microprocessor Lab\MPL\FP_hello_world_cm33_core1\mcmgr" -I"D:\Classworks\Microprocessor Lab\MPL\FP_hello_world_cm33_core1\device" -I"D:\Classworks\Microprocessor Lab\MPL\FP_hello_world_cm33_core1\startup" -I"D:\Classworks\Microprocessor Lab\MPL\FP_hello_world_cm33_core1\component\uart" -I"D:\Classworks\Microprocessor Lab\MPL\FP_hello_world_cm33_core1\component\lists" -I"D:\Classworks\Microprocessor Lab\MPL\FP_hello_world_cm33_core1\CMSIS" -I"D:\Classworks\Microprocessor Lab\MPL\FP_hello_world_cm33_core1\board" -I"D:\Classworks\Microprocessor Lab\MPL\FP_hello_world_cm33_core1\lpcxpresso55s69\multicore_examples\hello_world\cm33_core1" -O0 -fno-common -g3 -gdwarf-4 -mcpu=cortex-m33+nodsp -c -ffunction-sections -fdata-sections -fno-builtin -fmerge-constants -fmacro-prefix-map="../source/"= -mcpu=cortex-m33+nodsp -mthumb -D__REDLIB__ -fstack-usage -specs=redlib.specs -MMD -MP -MF"source/semihost_hardfault.d" -MT"source/semihost_hardfault.o" -MT"source/semihost_hardfault.d" -o "source/semihost_hardfault.o" "../source/semihost_hardfault.c"
Finished building: ../source/semihost_hardfault.c
Finished building: ../startup/boot_multicore_slave.c
Finished building: ../utilities/fsl_memcpy.S
 
 
 
Building file: ../mcmgr/mcmgr.c
Building file: ../mcmgr/mcmgr_internal_core_api_lpc55s69.c
Building file: ../drivers/fsl_clock.c
Invoking: MCU C Compiler
Finished building: ../startup/startup_lpc55s69_cm33_core1.c
Invoking: MCU C Compiler
arm-none-eabi-gcc -std=gnu99 -D__REDLIB__ -DCPU_LPC55S69JBD100_cm33_core1 -DMCMGR_HANDLE_EXCEPTIONS=1 -D__SEMIHOST_HARDFAULT_DISABLE=1 -DMCUXPRESSO_SDK -DMULTICORE_APP=1 -DCPU_LPC55S69JBD100 -DCPU_LPC55S69JBD100_cm33_nodsp -DSDK_DEBUGCONSOLE=0 -DCR_INTEGER_PRINTF -D__MCUXPRESSO -D__USE_CMSIS -DDEBUG -D__MULTICORE_M33SLAVE -I"D:\Classworks\Microprocessor Lab\MPL\FP_hello_world_cm33_core1\source" -I"D:\Classworks\Microprocessor Lab\MPL\FP_hello_world_cm33_core1\utilities" -I"D:\Classworks\Microprocessor Lab\MPL\FP_hello_world_cm33_core1\drivers" -I"D:\Classworks\Microprocessor Lab\MPL\FP_hello_world_cm33_core1\mcmgr" -I"D:\Classworks\Microprocessor Lab\MPL\FP_hello_world_cm33_core1\device" -I"D:\Classworks\Microprocessor Lab\MPL\FP_hello_world_cm33_core1\startup" -I"D:\Classworks\Microprocessor Lab\MPL\FP_hello_world_cm33_core1\component\uart" -I"D:\Classworks\Microprocessor Lab\MPL\FP_hello_world_cm33_core1\component\lists" -I"D:\Classworks\Microprocessor Lab\MPL\FP_hello_world_cm33_core1\CMSIS" -I"D:\Classworks\Microprocessor Lab\MPL\FP_hello_world_cm33_core1\board" -I"D:\Classworks\Microprocessor Lab\MPL\FP_hello_world_cm33_core1\lpcxpresso55s69\multicore_examples\hello_world\cm33_core1" -O0 -fno-common -g3 -gdwarf-4 -mcpu=cortex-m33+nodsp -c -ffunction-sections -fdata-sections -fno-builtin -fmerge-constants -fmacro-prefix-map="../mcmgr/"= -mcpu=cortex-m33+nodsp -mthumb -D__REDLIB__ -fstack-usage -specs=redlib.specs -MMD -MP -MF"mcmgr/mcmgr.d" -MT"mcmgr/mcmgr.o" -MT"mcmgr/mcmgr.d" -o "mcmgr/mcmgr.o" "../mcmgr/mcmgr.c"
arm-none-eabi-gcc -std=gnu99 -D__REDLIB__ -DCPU_LPC55S69JBD100_cm33_core1 -DMCMGR_HANDLE_EXCEPTIONS=1 -D__SEMIHOST_HARDFAULT_DISABLE=1 -DMCUXPRESSO_SDK -DMULTICORE_APP=1 -DCPU_LPC55S69JBD100 -DCPU_LPC55S69JBD100_cm33_nodsp -DSDK_DEBUGCONSOLE=0 -DCR_INTEGER_PRINTF -D__MCUXPRESSO -D__USE_CMSIS -DDEBUG -D__MULTICORE_M33SLAVE -I"D:\Classworks\Microprocessor Lab\MPL\FP_hello_world_cm33_core1\source" -I"D:\Classworks\Microprocessor Lab\MPL\FP_hello_world_cm33_core1\utilities" -I"D:\Classworks\Microprocessor Lab\MPL\FP_hello_world_cm33_core1\drivers" -I"D:\Classworks\Microprocessor Lab\MPL\FP_hello_world_cm33_core1\mcmgr" -I"D:\Classworks\Microprocessor Lab\MPL\FP_hello_world_cm33_core1\device" -I"D:\Classworks\Microprocessor Lab\MPL\FP_hello_world_cm33_core1\startup" -I"D:\Classworks\Microprocessor Lab\MPL\FP_hello_world_cm33_core1\component\uart" -I"D:\Classworks\Microprocessor Lab\MPL\FP_hello_world_cm33_core1\component\lists" -I"D:\Classworks\Microprocessor Lab\MPL\FP_hello_world_cm33_core1\CMSIS" -I"D:\Classworks\Microprocessor Lab\MPL\FP_hello_world_cm33_core1\board" -I"D:\Classworks\Microprocessor Lab\MPL\FP_hello_world_cm33_core1\lpcxpresso55s69\multicore_examples\hello_world\cm33_core1" -O0 -fno-common -g3 -gdwarf-4 -mcpu=cortex-m33+nodsp -c -ffunction-sections -fdata-sections -fno-builtin -fmerge-constants -fmacro-prefix-map="../mcmgr/"= -mcpu=cortex-m33+nodsp -mthumb -D__REDLIB__ -fstack-usage -specs=redlib.specs -MMD -MP -MF"mcmgr/mcmgr_internal_core_api_lpc55s69.d" -MT"mcmgr/mcmgr_internal_core_api_lpc55s69.o" -MT"mcmgr/mcmgr_internal_core_api_lpc55s69.d" -o "mcmgr/mcmgr_internal_core_api_lpc55s69.o" "../mcmgr/mcmgr_internal_core_api_lpc55s69.c"
Invoking: MCU C Compiler
arm-none-eabi-gcc -std=gnu99 -D__REDLIB__ -DCPU_LPC55S69JBD100_cm33_core1 -DMCMGR_HANDLE_EXCEPTIONS=1 -D__SEMIHOST_HARDFAULT_DISABLE=1 -DMCUXPRESSO_SDK -DMULTICORE_APP=1 -DCPU_LPC55S69JBD100 -DCPU_LPC55S69JBD100_cm33_nodsp -DSDK_DEBUGCONSOLE=0 -DCR_INTEGER_PRINTF -D__MCUXPRESSO -D__USE_CMSIS -DDEBUG -D__MULTICORE_M33SLAVE -I"D:\Classworks\Microprocessor Lab\MPL\FP_hello_world_cm33_core1\source" -I"D:\Classworks\Microprocessor Lab\MPL\FP_hello_world_cm33_core1\utilities" -I"D:\Classworks\Microprocessor Lab\MPL\FP_hello_world_cm33_core1\drivers" -I"D:\Classworks\Microprocessor Lab\MPL\FP_hello_world_cm33_core1\mcmgr" -I"D:\Classworks\Microprocessor Lab\MPL\FP_hello_world_cm33_core1\device" -I"D:\Classworks\Microprocessor Lab\MPL\FP_hello_world_cm33_core1\startup" -I"D:\Classworks\Microprocessor Lab\MPL\FP_hello_world_cm33_core1\component\uart" -I"D:\Classworks\Microprocessor Lab\MPL\FP_hello_world_cm33_core1\component\lists" -I"D:\Classworks\Microprocessor Lab\MPL\FP_hello_world_cm33_core1\CMSIS" -I"D:\Classworks\Microprocessor Lab\MPL\FP_hello_world_cm33_core1\board" -I"D:\Classworks\Microprocessor Lab\MPL\FP_hello_world_cm33_core1\lpcxpresso55s69\multicore_examples\hello_world\cm33_core1" -O0 -fno-common -g3 -gdwarf-4 -mcpu=cortex-m33+nodsp -c -ffunction-sections -fdata-sections -fno-builtin -fmerge-constants -fmacro-prefix-map="../drivers/"= -mcpu=cortex-m33+nodsp -mthumb -D__REDLIB__ -fstack-usage -specs=redlib.specs -MMD -MP -MF"drivers/fsl_clock.d" -MT"drivers/fsl_clock.o" -MT"drivers/fsl_clock.d" -o "drivers/fsl_clock.o" "../drivers/fsl_clock.c"
 
Finished building: ../utilities/fsl_assert.c
 
Building file: ../drivers/fsl_common.c
Finished building: ../source/hello_world_core1.c
Building file: ../drivers/fsl_common_arm.c
Invoking: MCU C Compiler
arm-none-eabi-gcc -std=gnu99 -D__REDLIB__ -DCPU_LPC55S69JBD100_cm33_core1 -DMCMGR_HANDLE_EXCEPTIONS=1 -D__SEMIHOST_HARDFAULT_DISABLE=1 -DMCUXPRESSO_SDK -DMULTICORE_APP=1 -DCPU_LPC55S69JBD100 -DCPU_LPC55S69JBD100_cm33_nodsp -DSDK_DEBUGCONSOLE=0 -DCR_INTEGER_PRINTF -D__MCUXPRESSO -D__USE_CMSIS -DDEBUG -D__MULTICORE_M33SLAVE -I"D:\Classworks\Microprocessor Lab\MPL\FP_hello_world_cm33_core1\source" -I"D:\Classworks\Microprocessor Lab\MPL\FP_hello_world_cm33_core1\utilities" -I"D:\Classworks\Microprocessor Lab\MPL\FP_hello_world_cm33_core1\drivers" -I"D:\Classworks\Microprocessor Lab\MPL\FP_hello_world_cm33_core1\mcmgr" -I"D:\Classworks\Microprocessor Lab\MPL\FP_hello_world_cm33_core1\device" -I"D:\Classworks\Microprocessor Lab\MPL\FP_hello_world_cm33_core1\startup" -I"D:\Classworks\Microprocessor Lab\MPL\FP_hello_world_cm33_core1\component\uart" -I"D:\Classworks\Microprocessor Lab\MPL\FP_hello_world_cm33_core1\component\lists" -I"D:\Classworks\Microprocessor Lab\MPL\FP_hello_world_cm33_core1\CMSIS" -I"D:\Classworks\Microprocessor Lab\MPL\FP_hello_world_cm33_core1\board" -I"D:\Classworks\Microprocessor Lab\MPL\FP_hello_world_cm33_core1\lpcxpresso55s69\multicore_examples\hello_world\cm33_core1" -O0 -fno-common -g3 -gdwarf-4 -mcpu=cortex-m33+nodsp -c -ffunction-sections -fdata-sections -fno-builtin -fmerge-constants -fmacro-prefix-map="../drivers/"= -mcpu=cortex-m33+nodsp -mthumb -D__REDLIB__ -fstack-usage -specs=redlib.specs -MMD -MP -MF"drivers/fsl_common.d" -MT"drivers/fsl_common.o" -MT"drivers/fsl_common.d" -o "drivers/fsl_common.o" "../drivers/fsl_common.c"
Finished building: ../utilities/fsl_str.c
 
Invoking: MCU C Compiler
arm-none-eabi-gcc -std=gnu99 -D__REDLIB__ -DCPU_LPC55S69JBD100_cm33_core1 -DMCMGR_HANDLE_EXCEPTIONS=1 -D__SEMIHOST_HARDFAULT_DISABLE=1 -DMCUXPRESSO_SDK -DMULTICORE_APP=1 -DCPU_LPC55S69JBD100 -DCPU_LPC55S69JBD100_cm33_nodsp -DSDK_DEBUGCONSOLE=0 -DCR_INTEGER_PRINTF -D__MCUXPRESSO -D__USE_CMSIS -DDEBUG -D__MULTICORE_M33SLAVE -I"D:\Classworks\Microprocessor Lab\MPL\FP_hello_world_cm33_core1\source" -I"D:\Classworks\Microprocessor Lab\MPL\FP_hello_world_cm33_core1\utilities" -I"D:\Classworks\Microprocessor Lab\MPL\FP_hello_world_cm33_core1\drivers" -I"D:\Classworks\Microprocessor Lab\MPL\FP_hello_world_cm33_core1\mcmgr" -I"D:\Classworks\Microprocessor Lab\MPL\FP_hello_world_cm33_core1\device" -I"D:\Classworks\Microprocessor Lab\MPL\FP_hello_world_cm33_core1\startup" -I"D:\Classworks\Microprocessor Lab\MPL\FP_hello_world_cm33_core1\component\uart" -I"D:\Classworks\Microprocessor Lab\MPL\FP_hello_world_cm33_core1\component\lists" -I"D:\Classworks\Microprocessor Lab\MPL\FP_hello_world_cm33_core1\CMSIS" -I"D:\Classworks\Microprocessor Lab\MPL\FP_hello_world_cm33_core1\board" -I"D:\Classworks\Microprocessor Lab\MPL\FP_hello_world_cm33_core1\lpcxpresso55s69\multicore_examples\hello_world\cm33_core1" -O0 -fno-common -g3 -gdwarf-4 -mcpu=cortex-m33+nodsp -c -ffunction-sections -fdata-sections -fno-builtin -fmerge-constants -fmacro-prefix-map="../drivers/"= -mcpu=cortex-m33+nodsp -mthumb -D__REDLIB__ -fstack-usage -specs=redlib.specs -MMD -MP -MF"drivers/fsl_common_arm.d" -MT"drivers/fsl_common_arm.o" -MT"drivers/fsl_common_arm.d" -o "drivers/fsl_common_arm.o" "../drivers/fsl_common_arm.c"
 
Finished building: ../utilities/fsl_debug_console.c
Building file: ../drivers/fsl_flexcomm.c
Building file: ../drivers/fsl_gpio.c
Invoking: MCU C Compiler
 
arm-none-eabi-gcc -std=gnu99 -D__REDLIB__ -DCPU_LPC55S69JBD100_cm33_core1 -DMCMGR_HANDLE_EXCEPTIONS=1 -D__SEMIHOST_HARDFAULT_DISABLE=1 -DMCUXPRESSO_SDK -DMULTICORE_APP=1 -DCPU_LPC55S69JBD100 -DCPU_LPC55S69JBD100_cm33_nodsp -DSDK_DEBUGCONSOLE=0 -DCR_INTEGER_PRINTF -D__MCUXPRESSO -D__USE_CMSIS -DDEBUG -D__MULTICORE_M33SLAVE -I"D:\Classworks\Microprocessor Lab\MPL\FP_hello_world_cm33_core1\source" -I"D:\Classworks\Microprocessor Lab\MPL\FP_hello_world_cm33_core1\utilities" -I"D:\Classworks\Microprocessor Lab\MPL\FP_hello_world_cm33_core1\drivers" -I"D:\Classworks\Microprocessor Lab\MPL\FP_hello_world_cm33_core1\mcmgr" -I"D:\Classworks\Microprocessor Lab\MPL\FP_hello_world_cm33_core1\device" -I"D:\Classworks\Microprocessor Lab\MPL\FP_hello_world_cm33_core1\startup" -I"D:\Classworks\Microprocessor Lab\MPL\FP_hello_world_cm33_core1\component\uart" -I"D:\Classworks\Microprocessor Lab\MPL\FP_hello_world_cm33_core1\component\lists" -I"D:\Classworks\Microprocessor Lab\MPL\FP_hello_world_cm33_core1\CMSIS" -I"D:\Classworks\Microprocessor Lab\MPL\FP_hello_world_cm33_core1\board" -I"D:\Classworks\Microprocessor Lab\MPL\FP_hello_world_cm33_core1\lpcxpresso55s69\multicore_examples\hello_world\cm33_core1" -O0 -fno-common -g3 -gdwarf-4 -mcpu=cortex-m33+nodsp -c -ffunction-sections -fdata-sections -fno-builtin -fmerge-constants -fmacro-prefix-map="../drivers/"= -mcpu=cortex-m33+nodsp -mthumb -D__REDLIB__ -fstack-usage -specs=redlib.specs -MMD -MP -MF"drivers/fsl_flexcomm.d" -MT"drivers/fsl_flexcomm.o" -MT"drivers/fsl_flexcomm.d" -o "drivers/fsl_flexcomm.o" "../drivers/fsl_flexcomm.c"
Invoking: MCU C Compiler
arm-none-eabi-gcc -std=gnu99 -D__REDLIB__ -DCPU_LPC55S69JBD100_cm33_core1 -DMCMGR_HANDLE_EXCEPTIONS=1 -D__SEMIHOST_HARDFAULT_DISABLE=1 -DMCUXPRESSO_SDK -DMULTICORE_APP=1 -DCPU_LPC55S69JBD100 -DCPU_LPC55S69JBD100_cm33_nodsp -DSDK_DEBUGCONSOLE=0 -DCR_INTEGER_PRINTF -D__MCUXPRESSO -D__USE_CMSIS -DDEBUG -D__MULTICORE_M33SLAVE -I"D:\Classworks\Microprocessor Lab\MPL\FP_hello_world_cm33_core1\source" -I"D:\Classworks\Microprocessor Lab\MPL\FP_hello_world_cm33_core1\utilities" -I"D:\Classworks\Microprocessor Lab\MPL\FP_hello_world_cm33_core1\drivers" -I"D:\Classworks\Microprocessor Lab\MPL\FP_hello_world_cm33_core1\mcmgr" -I"D:\Classworks\Microprocessor Lab\MPL\FP_hello_world_cm33_core1\device" -I"D:\Classworks\Microprocessor Lab\MPL\FP_hello_world_cm33_core1\startup" -I"D:\Classworks\Microprocessor Lab\MPL\FP_hello_world_cm33_core1\component\uart" -I"D:\Classworks\Microprocessor Lab\MPL\FP_hello_world_cm33_core1\component\lists" -I"D:\Classworks\Microprocessor Lab\MPL\FP_hello_world_cm33_core1\CMSIS" -I"D:\Classworks\Microprocessor Lab\MPL\FP_hello_world_cm33_core1\board" -I"D:\Classworks\Microprocessor Lab\MPL\FP_hello_world_cm33_core1\lpcxpresso55s69\multicore_examples\hello_world\cm33_core1" -O0 -fno-common -g3 -gdwarf-4 -mcpu=cortex-m33+nodsp -c -ffunction-sections -fdata-sections -fno-builtin -fmerge-constants -fmacro-prefix-map="../drivers/"= -mcpu=cortex-m33+nodsp -mthumb -D__REDLIB__ -fstack-usage -specs=redlib.specs -MMD -MP -MF"drivers/fsl_gpio.d" -MT"drivers/fsl_gpio.o" -MT"drivers/fsl_gpio.d" -o "drivers/fsl_gpio.o" "../drivers/fsl_gpio.c"
Building file: ../drivers/fsl_power.c
Invoking: MCU C Compiler
arm-none-eabi-gcc -std=gnu99 -D__REDLIB__ -DCPU_LPC55S69JBD100_cm33_core1 -DMCMGR_HANDLE_EXCEPTIONS=1 -D__SEMIHOST_HARDFAULT_DISABLE=1 -DMCUXPRESSO_SDK -DMULTICORE_APP=1 -DCPU_LPC55S69JBD100 -DCPU_LPC55S69JBD100_cm33_nodsp -DSDK_DEBUGCONSOLE=0 -DCR_INTEGER_PRINTF -D__MCUXPRESSO -D__USE_CMSIS -DDEBUG -D__MULTICORE_M33SLAVE -I"D:\Classworks\Microprocessor Lab\MPL\FP_hello_world_cm33_core1\source" -I"D:\Classworks\Microprocessor Lab\MPL\FP_hello_world_cm33_core1\utilities" -I"D:\Classworks\Microprocessor Lab\MPL\FP_hello_world_cm33_core1\drivers" -I"D:\Classworks\Microprocessor Lab\MPL\FP_hello_world_cm33_core1\mcmgr" -I"D:\Classworks\Microprocessor Lab\MPL\FP_hello_world_cm33_core1\device" -I"D:\Classworks\Microprocessor Lab\MPL\FP_hello_world_cm33_core1\startup" -I"D:\Classworks\Microprocessor Lab\MPL\FP_hello_world_cm33_core1\component\uart" -I"D:\Classworks\Microprocessor Lab\MPL\FP_hello_world_cm33_core1\component\lists" -I"D:\Classworks\Microprocessor Lab\MPL\FP_hello_world_cm33_core1\CMSIS" -I"D:\Classworks\Microprocessor Lab\MPL\FP_hello_world_cm33_core1\board" -I"D:\Classworks\Microprocessor Lab\MPL\FP_hello_world_cm33_core1\lpcxpresso55s69\multicore_examples\hello_world\cm33_core1" -O0 -fno-common -g3 -gdwarf-4 -mcpu=cortex-m33+nodsp -c -ffunction-sections -fdata-sections -fno-builtin -fmerge-constants -fmacro-prefix-map="../drivers/"= -mcpu=cortex-m33+nodsp -mthumb -D__REDLIB__ -fstack-usage -specs=redlib.specs -MMD -MP -MF"drivers/fsl_power.d" -MT"drivers/fsl_power.o" -MT"drivers/fsl_power.d" -o "drivers/fsl_power.o" "../drivers/fsl_power.c"
Finished building: ../mcmgr/mcmgr.c
 
Building file: ../drivers/fsl_reset.c
Invoking: MCU C Compiler
arm-none-eabi-gcc -std=gnu99 -D__REDLIB__ -DCPU_LPC55S69JBD100_cm33_core1 -DMCMGR_HANDLE_EXCEPTIONS=1 -D__SEMIHOST_HARDFAULT_DISABLE=1 -DMCUXPRESSO_SDK -DMULTICORE_APP=1 -DCPU_LPC55S69JBD100 -DCPU_LPC55S69JBD100_cm33_nodsp -DSDK_DEBUGCONSOLE=0 -DCR_INTEGER_PRINTF -D__MCUXPRESSO -D__USE_CMSIS -DDEBUG -D__MULTICORE_M33SLAVE -I"D:\Classworks\Microprocessor Lab\MPL\FP_hello_world_cm33_core1\source" -I"D:\Classworks\Microprocessor Lab\MPL\FP_hello_world_cm33_core1\utilities" -I"D:\Classworks\Microprocessor Lab\MPL\FP_hello_world_cm33_core1\drivers" -I"D:\Classworks\Microprocessor Lab\MPL\FP_hello_world_cm33_core1\mcmgr" -I"D:\Classworks\Microprocessor Lab\MPL\FP_hello_world_cm33_core1\device" -I"D:\Classworks\Microprocessor Lab\MPL\FP_hello_world_cm33_core1\startup" -I"D:\Classworks\Microprocessor Lab\MPL\FP_hello_world_cm33_core1\component\uart" -I"D:\Classworks\Microprocessor Lab\MPL\FP_hello_world_cm33_core1\component\lists" -I"D:\Classworks\Microprocessor Lab\MPL\FP_hello_world_cm33_core1\CMSIS" -I"D:\Classworks\Microprocessor Lab\MPL\FP_hello_world_cm33_core1\board" -I"D:\Classworks\Microprocessor Lab\MPL\FP_hello_world_cm33_core1\lpcxpresso55s69\multicore_examples\hello_world\cm33_core1" -O0 -fno-common -g3 -gdwarf-4 -mcpu=cortex-m33+nodsp -c -ffunction-sections -fdata-sections -fno-builtin -fmerge-constants -fmacro-prefix-map="../drivers/"= -mcpu=cortex-m33+nodsp -mthumb -D__REDLIB__ -fstack-usage -specs=redlib.specs -MMD -MP -MF"drivers/fsl_reset.d" -MT"drivers/fsl_reset.o" -MT"drivers/fsl_reset.d" -o "drivers/fsl_reset.o" "../drivers/fsl_reset.c"
Finished building: ../mcmgr/mcmgr_internal_core_api_lpc55s69.c
 
Finished building: ../drivers/fsl_common.c
Building file: ../drivers/fsl_usart.c
 
Invoking: MCU C Compiler
Building file: ../device/system_LPC55S69_cm33_core1.c
arm-none-eabi-gcc -std=gnu99 -D__REDLIB__ -DCPU_LPC55S69JBD100_cm33_core1 -DMCMGR_HANDLE_EXCEPTIONS=1 -D__SEMIHOST_HARDFAULT_DISABLE=1 -DMCUXPRESSO_SDK -DMULTICORE_APP=1 -DCPU_LPC55S69JBD100 -DCPU_LPC55S69JBD100_cm33_nodsp -DSDK_DEBUGCONSOLE=0 -DCR_INTEGER_PRINTF -D__MCUXPRESSO -D__USE_CMSIS -DDEBUG -D__MULTICORE_M33SLAVE -I"D:\Classworks\Microprocessor Lab\MPL\FP_hello_world_cm33_core1\source" -I"D:\Classworks\Microprocessor Lab\MPL\FP_hello_world_cm33_core1\utilities" -I"D:\Classworks\Microprocessor Lab\MPL\FP_hello_world_cm33_core1\drivers" -I"D:\Classworks\Microprocessor Lab\MPL\FP_hello_world_cm33_core1\mcmgr" -I"D:\Classworks\Microprocessor Lab\MPL\FP_hello_world_cm33_core1\device" -I"D:\Classworks\Microprocessor Lab\MPL\FP_hello_world_cm33_core1\startup" -I"D:\Classworks\Microprocessor Lab\MPL\FP_hello_world_cm33_core1\component\uart" -I"D:\Classworks\Microprocessor Lab\MPL\FP_hello_world_cm33_core1\component\lists" -I"D:\Classworks\Microprocessor Lab\MPL\FP_hello_world_cm33_core1\CMSIS" -I"D:\Classworks\Microprocessor Lab\MPL\FP_hello_world_cm33_core1\board" -I"D:\Classworks\Microprocessor Lab\MPL\FP_hello_world_cm33_core1\lpcxpresso55s69\multicore_examples\hello_world\cm33_core1" -O0 -fno-common -g3 -gdwarf-4 -mcpu=cortex-m33+nodsp -c -ffunction-sections -fdata-sections -fno-builtin -fmerge-constants -fmacro-prefix-map="../drivers/"= -mcpu=cortex-m33+nodsp -mthumb -D__REDLIB__ -fstack-usage -specs=redlib.specs -MMD -MP -MF"drivers/fsl_usart.d" -MT"drivers/fsl_usart.o" -MT"drivers/fsl_usart.d" -o "drivers/fsl_usart.o" "../drivers/fsl_usart.c"
Invoking: MCU C Compiler
arm-none-eabi-gcc -std=gnu99 -D__REDLIB__ -DCPU_LPC55S69JBD100_cm33_core1 -DMCMGR_HANDLE_EXCEPTIONS=1 -D__SEMIHOST_HARDFAULT_DISABLE=1 -DMCUXPRESSO_SDK -DMULTICORE_APP=1 -DCPU_LPC55S69JBD100 -DCPU_LPC55S69JBD100_cm33_nodsp -DSDK_DEBUGCONSOLE=0 -DCR_INTEGER_PRINTF -D__MCUXPRESSO -D__USE_CMSIS -DDEBUG -D__MULTICORE_M33SLAVE -I"D:\Classworks\Microprocessor Lab\MPL\FP_hello_world_cm33_core1\source" -I"D:\Classworks\Microprocessor Lab\MPL\FP_hello_world_cm33_core1\utilities" -I"D:\Classworks\Microprocessor Lab\MPL\FP_hello_world_cm33_core1\drivers" -I"D:\Classworks\Microprocessor Lab\MPL\FP_hello_world_cm33_core1\mcmgr" -I"D:\Classworks\Microprocessor Lab\MPL\FP_hello_world_cm33_core1\device" -I"D:\Classworks\Microprocessor Lab\MPL\FP_hello_world_cm33_core1\startup" -I"D:\Classworks\Microprocessor Lab\MPL\FP_hello_world_cm33_core1\component\uart" -I"D:\Classworks\Microprocessor Lab\MPL\FP_hello_world_cm33_core1\component\lists" -I"D:\Classworks\Microprocessor Lab\MPL\FP_hello_world_cm33_core1\CMSIS" -I"D:\Classworks\Microprocessor Lab\MPL\FP_hello_world_cm33_core1\board" -I"D:\Classworks\Microprocessor Lab\MPL\FP_hello_world_cm33_core1\lpcxpresso55s69\multicore_examples\hello_world\cm33_core1" -O0 -fno-common -g3 -gdwarf-4 -mcpu=cortex-m33+nodsp -c -ffunction-sections -fdata-sections -fno-builtin -fmerge-constants -fmacro-prefix-map="../device/"= -mcpu=cortex-m33+nodsp -mthumb -D__REDLIB__ -fstack-usage -specs=redlib.specs -MMD -MP -MF"device/system_LPC55S69_cm33_core1.d" -MT"device/system_LPC55S69_cm33_core1.o" -MT"device/system_LPC55S69_cm33_core1.d" -o "device/system_LPC55S69_cm33_core1.o" "../device/system_LPC55S69_cm33_core1.c"
Finished building: ../drivers/fsl_gpio.c
Finished building: ../drivers/fsl_flexcomm.c
Finished building: ../drivers/fsl_clock.c
Finished building: ../drivers/fsl_common_arm.c
 
 
 
 
Building file: ../component/uart/fsl_adapter_usart.c
Building file: ../component/lists/fsl_component_generic_list.c
Building file: ../board/board.c
Building file: ../board/clock_config.c
Invoking: MCU C Compiler
Invoking: MCU C Compiler
arm-none-eabi-gcc -std=gnu99 -D__REDLIB__ -DCPU_LPC55S69JBD100_cm33_core1 -DMCMGR_HANDLE_EXCEPTIONS=1 -D__SEMIHOST_HARDFAULT_DISABLE=1 -DMCUXPRESSO_SDK -DMULTICORE_APP=1 -DCPU_LPC55S69JBD100 -DCPU_LPC55S69JBD100_cm33_nodsp -DSDK_DEBUGCONSOLE=0 -DCR_INTEGER_PRINTF -D__MCUXPRESSO -D__USE_CMSIS -DDEBUG -D__MULTICORE_M33SLAVE -I"D:\Classworks\Microprocessor Lab\MPL\FP_hello_world_cm33_core1\source" -I"D:\Classworks\Microprocessor Lab\MPL\FP_hello_world_cm33_core1\utilities" -I"D:\Classworks\Microprocessor Lab\MPL\FP_hello_world_cm33_core1\drivers" -I"D:\Classworks\Microprocessor Lab\MPL\FP_hello_world_cm33_core1\mcmgr" -I"D:\Classworks\Microprocessor Lab\MPL\FP_hello_world_cm33_core1\device" -I"D:\Classworks\Microprocessor Lab\MPL\FP_hello_world_cm33_core1\startup" -I"D:\Classworks\Microprocessor Lab\MPL\FP_hello_world_cm33_core1\component\uart" -I"D:\Classworks\Microprocessor Lab\MPL\FP_hello_world_cm33_core1\component\lists" -I"D:\Classworks\Microprocessor Lab\MPL\FP_hello_world_cm33_core1\CMSIS" -I"D:\Classworks\Microprocessor Lab\MPL\FP_hello_world_cm33_core1\board" -I"D:\Classworks\Microprocessor Lab\MPL\FP_hello_world_cm33_core1\lpcxpresso55s69\multicore_examples\hello_world\cm33_core1" -O0 -fno-common -g3 -gdwarf-4 -mcpu=cortex-m33+nodsp -c -ffunction-sections -fdata-sections -fno-builtin -fmerge-constants -fmacro-prefix-map="../component/lists/"= -mcpu=cortex-m33+nodsp -mthumb -D__REDLIB__ -fstack-usage -specs=redlib.specs -MMD -MP -MF"component/lists/fsl_component_generic_list.d" -MT"component/lists/fsl_component_generic_list.o" -MT"component/lists/fsl_component_generic_list.d" -o "component/lists/fsl_component_generic_list.o" "../component/lists/fsl_component_generic_list.c"
Invoking: MCU C Compiler
arm-none-eabi-gcc -std=gnu99 -D__REDLIB__ -DCPU_LPC55S69JBD100_cm33_core1 -DMCMGR_HANDLE_EXCEPTIONS=1 -D__SEMIHOST_HARDFAULT_DISABLE=1 -DMCUXPRESSO_SDK -DMULTICORE_APP=1 -DCPU_LPC55S69JBD100 -DCPU_LPC55S69JBD100_cm33_nodsp -DSDK_DEBUGCONSOLE=0 -DCR_INTEGER_PRINTF -D__MCUXPRESSO -D__USE_CMSIS -DDEBUG -D__MULTICORE_M33SLAVE -I"D:\Classworks\Microprocessor Lab\MPL\FP_hello_world_cm33_core1\source" -I"D:\Classworks\Microprocessor Lab\MPL\FP_hello_world_cm33_core1\utilities" -I"D:\Classworks\Microprocessor Lab\MPL\FP_hello_world_cm33_core1\drivers" -I"D:\Classworks\Microprocessor Lab\MPL\FP_hello_world_cm33_core1\mcmgr" -I"D:\Classworks\Microprocessor Lab\MPL\FP_hello_world_cm33_core1\device" -I"D:\Classworks\Microprocessor Lab\MPL\FP_hello_world_cm33_core1\startup" -I"D:\Classworks\Microprocessor Lab\MPL\FP_hello_world_cm33_core1\component\uart" -I"D:\Classworks\Microprocessor Lab\MPL\FP_hello_world_cm33_core1\component\lists" -I"D:\Classworks\Microprocessor Lab\MPL\FP_hello_world_cm33_core1\CMSIS" -I"D:\Classworks\Microprocessor Lab\MPL\FP_hello_world_cm33_core1\board" -I"D:\Classworks\Microprocessor Lab\MPL\FP_hello_world_cm33_core1\lpcxpresso55s69\multicore_examples\hello_world\cm33_core1" -O0 -fno-common -g3 -gdwarf-4 -mcpu=cortex-m33+nodsp -c -ffunction-sections -fdata-sections -fno-builtin -fmerge-constants -fmacro-prefix-map="../component/uart/"= -mcpu=cortex-m33+nodsp -mthumb -D__REDLIB__ -fstack-usage -specs=redlib.specs -MMD -MP -MF"component/uart/fsl_adapter_usart.d" -MT"component/uart/fsl_adapter_usart.o" -MT"component/uart/fsl_adapter_usart.d" -o "component/uart/fsl_adapter_usart.o" "../component/uart/fsl_adapter_usart.c"
arm-none-eabi-gcc -std=gnu99 -D__REDLIB__ -DCPU_LPC55S69JBD100_cm33_core1 -DMCMGR_HANDLE_EXCEPTIONS=1 -D__SEMIHOST_HARDFAULT_DISABLE=1 -DMCUXPRESSO_SDK -DMULTICORE_APP=1 -DCPU_LPC55S69JBD100 -DCPU_LPC55S69JBD100_cm33_nodsp -DSDK_DEBUGCONSOLE=0 -DCR_INTEGER_PRINTF -D__MCUXPRESSO -D__USE_CMSIS -DDEBUG -D__MULTICORE_M33SLAVE -I"D:\Classworks\Microprocessor Lab\MPL\FP_hello_world_cm33_core1\source" -I"D:\Classworks\Microprocessor Lab\MPL\FP_hello_world_cm33_core1\utilities" -I"D:\Classworks\Microprocessor Lab\MPL\FP_hello_world_cm33_core1\drivers" -I"D:\Classworks\Microprocessor Lab\MPL\FP_hello_world_cm33_core1\mcmgr" -I"D:\Classworks\Microprocessor Lab\MPL\FP_hello_world_cm33_core1\device" -I"D:\Classworks\Microprocessor Lab\MPL\FP_hello_world_cm33_core1\startup" -I"D:\Classworks\Microprocessor Lab\MPL\FP_hello_world_cm33_core1\component\uart" -I"D:\Classworks\Microprocessor Lab\MPL\FP_hello_world_cm33_core1\component\lists" -I"D:\Classworks\Microprocessor Lab\MPL\FP_hello_world_cm33_core1\CMSIS" -I"D:\Classworks\Microprocessor Lab\MPL\FP_hello_world_cm33_core1\board" -I"D:\Classworks\Microprocessor Lab\MPL\FP_hello_world_cm33_core1\lpcxpresso55s69\multicore_examples\hello_world\cm33_core1" -O0 -fno-common -g3 -gdwarf-4 -mcpu=cortex-m33+nodsp -c -ffunction-sections -fdata-sections -fno-builtin -fmerge-constants -fmacro-prefix-map="../board/"= -mcpu=cortex-m33+nodsp -mthumb -D__REDLIB__ -fstack-usage -specs=redlib.specs -MMD -MP -MF"board/board.d" -MT"board/board.o" -MT"board/board.d" -o "board/board.o" "../board/board.c"
Finished building: ../drivers/fsl_power.c
Invoking: MCU C Compiler
arm-none-eabi-gcc -std=gnu99 -D__REDLIB__ -DCPU_LPC55S69JBD100_cm33_core1 -DMCMGR_HANDLE_EXCEPTIONS=1 -D__SEMIHOST_HARDFAULT_DISABLE=1 -DMCUXPRESSO_SDK -DMULTICORE_APP=1 -DCPU_LPC55S69JBD100 -DCPU_LPC55S69JBD100_cm33_nodsp -DSDK_DEBUGCONSOLE=0 -DCR_INTEGER_PRINTF -D__MCUXPRESSO -D__USE_CMSIS -DDEBUG -D__MULTICORE_M33SLAVE -I"D:\Classworks\Microprocessor Lab\MPL\FP_hello_world_cm33_core1\source" -I"D:\Classworks\Microprocessor Lab\MPL\FP_hello_world_cm33_core1\utilities" -I"D:\Classworks\Microprocessor Lab\MPL\FP_hello_world_cm33_core1\drivers" -I"D:\Classworks\Microprocessor Lab\MPL\FP_hello_world_cm33_core1\mcmgr" -I"D:\Classworks\Microprocessor Lab\MPL\FP_hello_world_cm33_core1\device" -I"D:\Classworks\Microprocessor Lab\MPL\FP_hello_world_cm33_core1\startup" -I"D:\Classworks\Microprocessor Lab\MPL\FP_hello_world_cm33_core1\component\uart" -I"D:\Classworks\Microprocessor Lab\MPL\FP_hello_world_cm33_core1\component\lists" -I"D:\Classworks\Microprocessor Lab\MPL\FP_hello_world_cm33_core1\CMSIS" -I"D:\Classworks\Microprocessor Lab\MPL\FP_hello_world_cm33_core1\board" -I"D:\Classworks\Microprocessor Lab\MPL\FP_hello_world_cm33_core1\lpcxpresso55s69\multicore_examples\hello_world\cm33_core1" -O0 -fno-common -g3 -gdwarf-4 -mcpu=cortex-m33+nodsp -c -ffunction-sections -fdata-sections -fno-builtin -fmerge-constants -fmacro-prefix-map="../board/"= -mcpu=cortex-m33+nodsp -mthumb -D__REDLIB__ -fstack-usage -specs=redlib.specs -MMD -MP -MF"board/clock_config.d" -MT"board/clock_config.o" -MT"board/clock_config.d" -o "board/clock_config.o" "../board/clock_config.c"
 
Building file: ../board/pin_mux.c
Invoking: MCU C Compiler
arm-none-eabi-gcc -std=gnu99 -D__REDLIB__ -DCPU_LPC55S69JBD100_cm33_core1 -DMCMGR_HANDLE_EXCEPTIONS=1 -D__SEMIHOST_HARDFAULT_DISABLE=1 -DMCUXPRESSO_SDK -DMULTICORE_APP=1 -DCPU_LPC55S69JBD100 -DCPU_LPC55S69JBD100_cm33_nodsp -DSDK_DEBUGCONSOLE=0 -DCR_INTEGER_PRINTF -D__MCUXPRESSO -D__USE_CMSIS -DDEBUG -D__MULTICORE_M33SLAVE -I"D:\Classworks\Microprocessor Lab\MPL\FP_hello_world_cm33_core1\source" -I"D:\Classworks\Microprocessor Lab\MPL\FP_hello_world_cm33_core1\utilities" -I"D:\Classworks\Microprocessor Lab\MPL\FP_hello_world_cm33_core1\drivers" -I"D:\Classworks\Microprocessor Lab\MPL\FP_hello_world_cm33_core1\mcmgr" -I"D:\Classworks\Microprocessor Lab\MPL\FP_hello_world_cm33_core1\device" -I"D:\Classworks\Microprocessor Lab\MPL\FP_hello_world_cm33_core1\startup" -I"D:\Classworks\Microprocessor Lab\MPL\FP_hello_world_cm33_core1\component\uart" -I"D:\Classworks\Microprocessor Lab\MPL\FP_hello_world_cm33_core1\component\lists" -I"D:\Classworks\Microprocessor Lab\MPL\FP_hello_world_cm33_core1\CMSIS" -I"D:\Classworks\Microprocessor Lab\MPL\FP_hello_world_cm33_core1\board" -I"D:\Classworks\Microprocessor Lab\MPL\FP_hello_world_cm33_core1\lpcxpresso55s69\multicore_examples\hello_world\cm33_core1" -O0 -fno-common -g3 -gdwarf-4 -mcpu=cortex-m33+nodsp -c -ffunction-sections -fdata-sections -fno-builtin -fmerge-constants -fmacro-prefix-map="../board/"= -mcpu=cortex-m33+nodsp -mthumb -D__REDLIB__ -fstack-usage -specs=redlib.specs -MMD -MP -MF"board/pin_mux.d" -MT"board/pin_mux.o" -MT"board/pin_mux.d" -o "board/pin_mux.o" "../board/pin_mux.c"
Finished building: ../drivers/fsl_reset.c
 
Finished building: ../device/system_LPC55S69_cm33_core1.c
Finished building: ../drivers/fsl_usart.c
 
 
Finished building: ../component/lists/fsl_component_generic_list.c
 
Finished building: ../component/uart/fsl_adapter_usart.c
Finished building: ../board/board.c
 
 
Finished building: ../board/clock_config.c
 
Finished building: ../board/pin_mux.c
 
Building target: FP_hello_world_cm33_core1.axf
Invoking: MCU Linker
arm-none-eabi-gcc -nostdlib -Xlinker -no-warn-rwx-segments -Xlinker -Map="FP_hello_world_cm33_core1.map" -Xlinker --gc-sections -Xlinker -print-memory-usage -Xlinker --sort-section=alignment -Xlinker --cref -mcpu=cortex-m33+nodsp -mthumb -T FP_hello_world_cm33_core1_Debug.ld -o "FP_hello_world_cm33_core1.axf" ./utilities/fsl_assert.o ./utilities/fsl_debug_console.o ./utilities/fsl_memcpy.o ./utilities/fsl_str.o  ./startup/boot_multicore_slave.o ./startup/startup_lpc55s69_cm33_core1.o  ./source/hello_world_core1.o ./source/semihost_hardfault.o  ./mcmgr/mcmgr.o ./mcmgr/mcmgr_internal_core_api_lpc55s69.o  ./drivers/fsl_clock.o ./drivers/fsl_common.o ./drivers/fsl_common_arm.o ./drivers/fsl_flexcomm.o ./drivers/fsl_gpio.o ./drivers/fsl_power.o ./drivers/fsl_reset.o ./drivers/fsl_usart.o  ./device/system_LPC55S69_cm33_core1.o  ./component/uart/fsl_adapter_usart.o  ./component/lists/fsl_component_generic_list.o  ./board/board.o ./board/clock_config.o ./board/pin_mux.o    && arm-none-eabi-objcopy --target elf32-littlearm --verbose --strip-all --remove-section=.ARM.attributes --redefine-sym __vectors_start__=__vectors_start___core_m33slave --keep-symbol __vectors_start___core_m33slave --redefine-sym _data=__start_data_core_m33slave --keep-symbol __start_data_core_m33slave --redefine-sym _edata=__end_data_core_m33slave --keep-symbol __end_data_core_m33slave --remove-section=".bss*" --remove-section=".noinit*" --rename-section .ARM.exidx=".core_m33slave.ARM.exidx" --rename-section .ARM.extab=".core_m33slave.ARM.extab" --rename-section .text=".core_m33slave" --rename-section .data=".core_m33slave.data" --rename-section .data_RAM2=".core_m33slave.data_RAM2" "FP_hello_world_cm33_core1.axf" "FP_hello_world_cm33_core1.axf.o" && mcux-fixelf "FP_hello_world_cm33_core1.axf.o"
Memory region         Used Size  Region Size  %age Used
            Ram1:       20024 B        68 KB     28.76%
    rpmsg_sh_mem:          0 GB         6 KB      0.00%
copy from `FP_hello_world_cm33_core1.axf' [elf32-littlearm] to `FP_hello_world_cm33_core1.axf.o' [elf32-littlearm]
Finished building target: FP_hello_world_cm33_core1.axf
 
Performing post-build steps
arm-none-eabi-size "FP_hello_world_cm33_core1.axf"; # arm-none-eabi-objcopy -v -O binary "FP_hello_world_cm33_core1.axf" "FP_hello_world_cm33_core1.bin" ; # checksum -p LPC55S69 -d "FP_hello_world_cm33_core1.bin";
   text	   data	    bss	    dec	    hex	filename
  11480	      0	   8544	  20024	   4e38	FP_hello_world_cm33_core1.axf
 
05:04:20 **** Build of configuration Debug for project FP_hello_world_cm33_core0 ****
make -r -j8 all 
Building file: ../utilities/fsl_assert.c
Building file: ../utilities/fsl_debug_console.c
Building file: ../utilities/fsl_memcpy.S
Building file: ../utilities/fsl_str.c
Invoking: MCU C Compiler
arm-none-eabi-gcc -std=gnu99 -D__REDLIB__ -DCPU_LPC55S69JBD100_cm33_core0 -DMCMGR_HANDLE_EXCEPTIONS=1 -D__SEMIHOST_HARDFAULT_DISABLE=1 -DMCUXPRESSO_SDK -DMULTICORE_APP=1 -DCPU_LPC55S69JBD100 -DCPU_LPC55S69JBD100_cm33 -DSDK_DEBUGCONSOLE=0 -DCR_INTEGER_PRINTF -D__MCUXPRESSO -D__USE_CMSIS -DDEBUG -D__MULTICORE_MASTER -D__MULTICORE_MASTER_SLAVE_M33SLAVE -I"D:\Classworks\Microprocessor Lab\MPL\FP_hello_world_cm33_core0\source" -I"D:\Classworks\Microprocessor Lab\MPL\FP_hello_world_cm33_core0\utilities" -I"D:\Classworks\Microprocessor Lab\MPL\FP_hello_world_cm33_core0\drivers" -I"D:\Classworks\Microprocessor Lab\MPL\FP_hello_world_cm33_core0\mcmgr" -I"D:\Classworks\Microprocessor Lab\MPL\FP_hello_world_cm33_core0\device" -I"D:\Classworks\Microprocessor Lab\MPL\FP_hello_world_cm33_core0\startup" -I"D:\Classworks\Microprocessor Lab\MPL\FP_hello_world_cm33_core0\component\uart" -I"D:\Classworks\Microprocessor Lab\MPL\FP_hello_world_cm33_core0\component\lists" -I"D:\Classworks\Microprocessor Lab\MPL\FP_hello_world_cm33_core0\CMSIS" -I"D:\Classworks\Microprocessor Lab\MPL\FP_hello_world_cm33_core0\board" -I"D:\Classworks\Microprocessor Lab\MPL\FP_hello_world_cm33_core0\lpcxpresso55s69\multicore_examples\hello_world\cm33_core0" -O0 -fno-common -g3 -gdwarf-4 -mcpu=cortex-m33 -c -ffunction-sections -fdata-sections -fno-builtin -fmerge-constants -fmacro-prefix-map="../utilities/"= -mcpu=cortex-m33 -mfpu=fpv5-sp-d16 -mfloat-abi=hard -mthumb -D__REDLIB__ -fstack-usage -specs=redlib.specs -MMD -MP -MF"utilities/fsl_assert.d" -MT"utilities/fsl_assert.o" -MT"utilities/fsl_assert.d" -o "utilities/fsl_assert.o" "../utilities/fsl_assert.c"
Invoking: MCU C Compiler
Invoking: MCU Assembler
arm-none-eabi-gcc -std=gnu99 -D__REDLIB__ -DCPU_LPC55S69JBD100_cm33_core0 -DMCMGR_HANDLE_EXCEPTIONS=1 -D__SEMIHOST_HARDFAULT_DISABLE=1 -DMCUXPRESSO_SDK -DMULTICORE_APP=1 -DCPU_LPC55S69JBD100 -DCPU_LPC55S69JBD100_cm33 -DSDK_DEBUGCONSOLE=0 -DCR_INTEGER_PRINTF -D__MCUXPRESSO -D__USE_CMSIS -DDEBUG -D__MULTICORE_MASTER -D__MULTICORE_MASTER_SLAVE_M33SLAVE -I"D:\Classworks\Microprocessor Lab\MPL\FP_hello_world_cm33_core0\source" -I"D:\Classworks\Microprocessor Lab\MPL\FP_hello_world_cm33_core0\utilities" -I"D:\Classworks\Microprocessor Lab\MPL\FP_hello_world_cm33_core0\drivers" -I"D:\Classworks\Microprocessor Lab\MPL\FP_hello_world_cm33_core0\mcmgr" -I"D:\Classworks\Microprocessor Lab\MPL\FP_hello_world_cm33_core0\device" -I"D:\Classworks\Microprocessor Lab\MPL\FP_hello_world_cm33_core0\startup" -I"D:\Classworks\Microprocessor Lab\MPL\FP_hello_world_cm33_core0\component\uart" -I"D:\Classworks\Microprocessor Lab\MPL\FP_hello_world_cm33_core0\component\lists" -I"D:\Classworks\Microprocessor Lab\MPL\FP_hello_world_cm33_core0\CMSIS" -I"D:\Classworks\Microprocessor Lab\MPL\FP_hello_world_cm33_core0\board" -I"D:\Classworks\Microprocessor Lab\MPL\FP_hello_world_cm33_core0\lpcxpresso55s69\multicore_examples\hello_world\cm33_core0" -O0 -fno-common -g3 -gdwarf-4 -mcpu=cortex-m33 -c -ffunction-sections -fdata-sections -fno-builtin -fmerge-constants -fmacro-prefix-map="../utilities/"= -mcpu=cortex-m33 -mfpu=fpv5-sp-d16 -mfloat-abi=hard -mthumb -D__REDLIB__ -fstack-usage -specs=redlib.specs -MMD -MP -MF"utilities/fsl_debug_consoleInvoking: MCU C Compiler
.d" -MT"utilities/fsl_debug_console.o" -MT"utilities/fsl_debug_console.d" -o "utilities/fsl_debug_console.o" "../utilities/fsl_debug_console.c"
arm-none-eabi-gcc -c -x assembler-with-cpp -D__REDLIB__ -D__MULTICORE_MASTER -D__MULTICORE_MASTER_SLAVE_M33SLAVE -I"D:\Classworks\Microprocessor Lab\MPL\FP_hello_world_cm33_core0\source" -g3 -gdwarf-4 -mcpu=cortex-m33 -mfpu=fpv5-sp-d16 -mfloat-abi=hard -mthumb -D__REDLIB__ -specs=redlib.specs -o "utilities/fsl_memcpy.o" "../utilities/fsl_memcpy.S"
arm-none-eabi-gcc -std=gnu99 -D__REDLIB__ -DCPU_LPC55S69JBD100_cm33_core0 -DMCMGR_HANDLE_EXCEPTIONS=1 -D__SEMIHOST_HARDFAULT_DISABLE=1 -DMCUXPRESSO_SDK -DMULTICORE_APP=1 -DCPU_LPC55S69JBD100 -DCPU_LPC55S69JBD100_cm33 -DSDK_DEBUGCONSOLE=0 -DCR_INTEGER_PRINTF -D__MCUXPRESSO -D__USE_CMSIS -DDEBUG -D__MULTICORE_MASTER -D__MULTICORE_MASTER_SLAVE_M33SLAVE -I"D:\Classworks\Microprocessor Lab\MPL\FP_hello_world_cm33_core0\source" -I"D:\Classworks\Microprocessor Lab\MPL\FP_hello_world_cm33_core0\utilities" -I"D:\Classworks\Microprocessor Lab\MPL\FP_hello_world_cm33_core0\drivers" -I"D:\Classworks\Microprocessor Lab\MPL\FP_hello_world_cm33_core0\mcmgr" -I"D:\Classworks\Microprocessor Lab\MPL\FP_hello_world_cm33_core0\device" -I"D:\Classworks\Microprocessor Lab\MPL\FP_hello_world_cm33_core0\startup" -I"D:\Classworks\Microprocessor Lab\MPL\FP_hello_world_cm33_core0\component\uart" -I"D:\Classworks\Microprocessor Lab\MPL\FP_hello_world_cm33_core0\component\lists" -I"D:\Classworks\Microprocessor Lab\MPL\FP_hello_world_cm33_core0\CMSIS" -I"D:\Classworks\Microprocessor Lab\MPL\FP_hello_world_cm33_core0\board" -I"D:\Classworks\Microprocessor Lab\MPL\FP_hello_world_cm33_core0\lpcxpresso55s69\multicore_examples\hello_world\cm33_core0" -O0 -fno-common -g3 -gdwarf-4 -mcpu=cortex-m33 -c -ffunction-sections -fdata-sections -fno-builtin -fmerge-constants -fmacro-prefix-map="../utilities/"= -mcpu=cortex-m33 -mfpu=fpv5-sp-d16 -mfloat-abi=hard -mthumb -D__REDLIB__ -fstack-usage -specs=redlib.specs -MMD -MP -MF"utilities/fsl_str.d" -MT"utilities/fsl_str.o" -MT"utilities/fsl_str.d" -o "utilities/fsl_str.o" "../utilities/fsl_str.c"
Building file: ../startup/boot_multicore_slave.c
Building file: ../startup/startup_lpc55s69_cm33_core0.c
Building file: ../source/hello_world_core0.c
Building file: ../source/semihost_hardfault.c
Invoking: MCU C Compiler
arm-none-eabi-gcc -std=gnu99 -D__REDLIB__ -DCPU_LPC55S69JBD100_cm33_core0 -DMCMGR_HANDLE_EXCEPTIONS=1 -D__SEMIHOST_HARDFAULT_DISABLE=1 -DMCUXPRESSO_SDK -DMULTICORE_APP=1 -DCPU_LPC55S69JBD100 -DCPU_LPC55S69JBD100_cm33 -DSDK_DEBUGCONSOLE=0 -DCR_INTEGER_PRINTF -D__MCUXPRESSO -D__USE_CMSIS -DDEBUG -D__MULTICORE_MASTER -D__MULTICORE_MASTER_SLAVE_M33SLAVE -I"D:\Classworks\Microprocessor Lab\MPL\FP_hello_world_cm33_core0\source" -I"D:\Classworks\Microprocessor Lab\MPL\FP_hello_world_cm33_core0\utilities" -I"D:\Classworks\Microprocessor Lab\MPL\FP_hello_world_cm33_core0\drivers" -I"D:\Classworks\Microprocessor Lab\MPL\FP_hello_world_cm33_core0\mcmgr" -I"D:\Classworks\Microprocessor Lab\MPL\FP_hello_world_cm33_core0\device" -I"D:\Classworks\Microprocessor Lab\MPL\FP_hello_world_cm33_core0\startup" -I"D:\Classworks\Microprocessor Lab\MPL\FP_hello_world_cm33_core0\component\uart" -I"D:\Classworks\Microprocessor Lab\MPL\FP_hello_world_cm33_core0\component\lists" -I"D:\Classworks\Microprocessor Lab\MPL\FP_hello_world_cm33_core0\CMSIS" -I"D:\Classworks\Microprocessor Lab\MPL\FP_hello_world_cm33_core0\board" -I"D:\Classworks\Microprocessor Lab\MPL\FP_hello_world_cm33_core0\lpcxpresso55s69\multicore_examples\hello_world\cm33_core0" -O0 -fno-common -g3 -gdwarf-4 -mcpu=cortex-m33 -c -ffunction-sections -fdata-sections -fno-builtin -fmerge-constants -fmacro-prefix-map="../startup/"= -mcpu=cortex-m33 -mfpu=fpv5-sp-d16 -mfloat-abi=hard -mthumb -D__REDLIB__ -fstack-usage -specs=redlib.specs -MMD -MP -MF"startup/boot_multicore_slave.d" -MT"startup/boot_multicore_slave.o" -MT"startup/boot_multicore_slave.d" -o "startup/boot_multicore_slave.o" "../startup/boot_multicore_slave.c"
Invoking: MCU C Compiler
arm-none-eabi-gcc -std=gnu99 -D__REDLIB__ -DCPU_LPC55S69JBD100_cm33_core0 -DMCMGR_HANDLE_EXCEPTIONS=1 -D__SEMIHOST_HARDFAULT_DISABLE=1 -DMCUXPRESSO_SDK -DMULTICORE_APP=1 -DCPU_LPC55S69JBD100 -DCPU_LPC55S69JBD100_cm33 -DSDK_DEBUGCONSOLE=0 -DCR_INTEGER_PRINTF -D__MCUXPRESSO -D__USE_CMSIS -DDEBUG -D__MULTICORE_MASTER -D__MULTICORE_MASTER_SLAVE_M33SLAVE -I"D:\Classworks\Microprocessor Lab\MPL\FP_hello_world_cm33_core0\source" -I"D:\Classworks\Microprocessor Lab\MPL\FP_hello_world_cm33_core0\utilities" -I"D:\Classworks\Microprocessor Lab\MPL\FP_hello_world_cm33_core0\drivers" -I"D:\Classworks\Microprocessor Lab\MPL\FP_hello_world_cm33_core0\mcmgr" -I"D:\Classworks\Microprocessor Lab\MPL\FP_hello_world_cm33_core0\device" -I"D:\Classworks\Microprocessor Lab\MPL\FP_hello_world_cm33_core0\startup" -I"D:\Classworks\Microprocessor Lab\MPL\FP_hello_world_cm33_core0\component\uart" -I"D:\Classworks\Microprocessor Lab\MPL\FP_hello_world_cm33_core0\component\lists" -I"D:\Classworks\Microprocessor Lab\MPL\FP_hello_world_cm33_core0\CMSIS" -I"D:\Classworks\Microprocessor Lab\MPL\FP_hello_world_cm33_core0\board" -I"D:\Classworks\Microprocessor Lab\MPL\FP_hello_world_cm33_core0\lpcxpresso55s69\multicore_examples\hello_world\cm33_core0" -O0 -fno-common -g3 -gdwarf-4 -mcpu=cortex-m33 -c -ffunction-sections -fdata-sections -fno-builtin -fmerge-constants -fmacro-prefix-map="../startup/"= -mcpu=cortex-m33 -mfpu=fpv5-sp-d16 -mfloat-abi=hard -mthumb -D__REDLIB__ -fstack-usage -specs=redlib.specs -MMD -MP -MF"startup/startup_lpc55s69_cm33_core0.d" -MT"startup/startup_lpc55s69_cm33_core0.o" -MT"startup/startup_lpc55s69_cm33_core0.d" -o "startup/startup_lpc55s69_cm33_core0.o" "../startup/startup_lpc55s69_cm33_core0.c"
Invoking: MCU C Compiler
arm-none-eabi-gcc -std=gnu99 -D__REDLIB__ -DCPU_LPC55S69JBD100_cm33_core0 -DMCMGR_HANDLE_EXCEPTIONS=1 -D__SEMIHOST_HARDFAULT_DISABLE=1 -DMCUXPRESSO_SDK -DMULTICORE_APP=1 -DCPU_LPC55S69JBD100 -DCPU_LPC55S69JBD100_cm33 -DSDK_DEBUGCONSOLE=0 -DCR_INTEGER_PRINTF -D__MCUXPRESSO -D__USE_CMSIS -DDEBUG -D__MULTICORE_MASTER -D__MULTICORE_MASTER_SLAVE_M33SLAVE -I"D:\Classworks\Microprocessor Lab\MPL\FP_hello_world_cm33_core0\source" -I"D:\Classworks\Microprocessor Lab\MPL\FP_hello_world_cm33_core0\utilities" -I"D:\Classworks\Microprocessor Lab\MPL\FP_hello_world_cm33_core0\drivers" -I"D:\Classworks\Microprocessor Lab\MPL\FP_hello_world_cm33_core0\mcmgr" -I"D:\Classworks\Microprocessor Lab\MPL\FP_hello_world_cm33_core0\device" -I"D:\Classworks\Microprocessor Lab\MPL\FP_hello_world_cm33_core0\startup" -I"D:\Classworks\Microprocessor Lab\MPL\FP_hello_world_cm33_core0\component\uart" -I"D:\Classworks\Microprocessor Lab\MPL\FP_hello_world_cm33_core0\component\lists" -I"D:\Classworks\Microprocessor Lab\MPL\FP_hello_world_cm33_core0\CMSIS" -I"D:\Classworks\Microprocessor Lab\MPL\FP_hello_world_cm33_core0\board" -I"D:\Classworks\Microprocessor Lab\MPL\FP_hello_world_cm33_core0\lpcxpresso55s69\multicore_examples\hello_world\cm33_core0" -O0 -fno-common -g3 -gdwarf-4 -mcpu=cortex-m33 -c -ffunction-sections -fdata-sections -fno-builtin -fmerge-constants -fmacro-prefix-map="../source/"= -mcpu=cortex-m33 -mfpu=fpv5-sp-d16 -mfloat-abi=hard -mthumb -D__REDLIB__ -fstack-usage -specs=redlib.specs -MMD -MP -MF"source/hello_world_core0.d" -MT"source/hello_world_core0.o" -MT"source/hello_world_core0.d" -o "source/hello_world_core0.o" "../source/hello_world_core0.c"
Invoking: MCU C Compiler
arm-none-eabi-gcc -std=gnu99 -D__REDLIB__ -DCPU_LPC55S69JBD100_cm33_core0 -DMCMGR_HANDLE_EXCEPTIONS=1 -D__SEMIHOST_HARDFAULT_DISABLE=1 -DMCUXPRESSO_SDK -DMULTICORE_APP=1 -DCPU_LPC55S69JBD100 -DCPU_LPC55S69JBD100_cm33 -DSDK_DEBUGCONSOLE=0 -DCR_INTEGER_PRINTF -D__MCUXPRESSO -D__USE_CMSIS -DDEBUG -D__MULTICORE_MASTER -D__MULTICORE_MASTER_SLAVE_M33SLAVE -I"D:\Classworks\Microprocessor Lab\MPL\FP_hello_world_cm33_core0\source" -I"D:\Classworks\Microprocessor Lab\MPL\FP_hello_world_cm33_core0\utilities" -I"D:\Classworks\Microprocessor Lab\MPL\FP_hello_world_cm33_core0\drivers" -I"D:\Classworks\Microprocessor Lab\MPL\FP_hello_world_cm33_core0\mcmgr" -I"D:\Classworks\Microprocessor Lab\MPL\FP_hello_world_cm33_core0\device" -I"D:\Classworks\Microprocessor Lab\MPL\FP_hello_world_cm33_core0\startup" -I"D:\Classworks\Microprocessor Lab\MPL\FP_hello_world_cm33_core0\component\uart" -I"D:\Classworks\Microprocessor Lab\MPL\FP_hello_world_cm33_core0\component\lists" -I"D:\Classworks\Microprocessor Lab\MPL\FP_hello_world_cm33_core0\CMSIS" -I"D:\Classworks\Microprocessor Lab\MPL\FP_hello_world_cm33_core0\board" -I"D:\Classworks\Microprocessor Lab\MPL\FP_hello_world_cm33_core0\lpcxpresso55s69\multicore_examples\hello_world\cm33_core0" -O0 -fno-common -g3 -gdwarf-4 -mcpu=cortex-m33 -c -ffunction-sections -fdata-sections -fno-builtin -fmerge-constants -fmacro-prefix-map="../source/"= -mcpu=cortex-m33 -mfpu=fpv5-sp-d16 -mfloat-abi=hard -mthumb -D__REDLIB__ -fstack-usage -specs=redlib.specs -MMD -MP -MF"source/semihost_hardfault.d" -MT"source/semihost_hardfault.o" -MT"source/semihost_hardfault.d" -o "source/semihost_hardfault.o" "../source/semihost_hardfault.c"
Finished building: ../utilities/fsl_memcpy.S
 
Finished building: ../startup/boot_multicore_slave.c
Building file: ../mcmgr/mcmgr.c
Invoking: MCU C Compiler
 
arm-none-eabi-gcc -std=gnu99 -D__REDLIB__ -DCPU_LPC55S69JBD100_cm33_core0 -DMCMGR_HANDLE_EXCEPTIONS=1 -D__SEMIHOST_HARDFAULT_DISABLE=1 -DMCUXPRESSO_SDK -DMULTICORE_APP=1 -DCPU_LPC55S69JBD100 -DCPU_LPC55S69JBD100_cm33 -DSDK_DEBUGCONSOLE=0 -DCR_INTEGER_PRINTF -D__MCUXPRESSO -D__USE_CMSIS -DDEBUG -D__MULTICORE_MASTER -D__MULTICORE_MASTER_SLAVE_M33SLAVE -I"D:\Classworks\Microprocessor Lab\MPL\FP_hello_world_cm33_core0\source" -I"D:\Classworks\Microprocessor Lab\MPL\FP_hello_world_cm33_core0\utilities" -I"D:\Classworks\Microprocessor Lab\MPL\FP_hello_world_cm33_core0\drivers" -I"D:\Classworks\Microprocessor Lab\MPL\FP_hello_world_cm33_core0\mcmgr" -I"D:\Classworks\Microprocessor Lab\MPL\FP_hello_world_cm33_core0\device" -I"D:\Classworks\Microprocessor Lab\MPL\FP_hello_world_cm33_core0\startup" -I"D:\Classworks\Microprocessor Lab\MPL\FP_hello_world_cm33_core0\component\uart" -I"D:\Classworks\Microprocessor Lab\MPL\FP_hello_world_cm33_core0\component\lists" -I"D:\Classworks\Microprocessor Lab\MPL\FP_hello_world_cm33_core0\CMSIS" -I"D:\Classworks\Microprocessor Lab\MPL\FP_hello_world_cm33_core0\board" -I"D:\Classworks\Microprocessor Lab\MPL\FP_hello_world_cm33_core0\lpcxpresso55s69\multicore_examples\hello_world\cm33_core0" -O0 -fno-common -g3 -gdwarf-4 -mcpu=cortex-m33 -c -ffunction-sections -fdata-sections -fno-builtin -fmerge-constants -fmacro-prefix-map="../mcmgr/"= -mcpu=cortex-m33 -mfpu=fpv5-sp-d16 -mfloat-abi=hard -mthumb -D__REDLIB__ -fstack-usage -specs=redlib.specs -MMD -MP -MF"mcmgr/mcmgr.d" -MT"mcmgr/mcmgr.o" -MT"mcmgr/mcmgr.d" -o "mcmgr/mcmgr.o" "../mcmgr/mcmgr.c"
Finished building: ../source/semihost_hardfault.c
Building file: ../mcmgr/mcmgr_internal_core_api_lpc55s69.c
 
Invoking: MCU C Compiler
arm-none-eabi-gcc -std=gnu99 -D__REDLIB__ -DCPU_LPC55S69JBD100_cm33_core0 -DMCMGR_HANDLE_EXCEPTIONS=1 -D__SEMIHOST_HARDFAULT_DISABLE=1 -DMCUXPRESSO_SDK -DMULTICORE_APP=1 -DCPU_LPC55S69JBD100 -DCPU_LPC55S69JBD100_cm33 -DSDK_DEBUGCONSOLE=0 -DCR_INTEGER_PRINTF -D__MCUXPRESSO -D__USE_CMSIS -DDEBUG -D__MULTICORE_MASTER -D__MULTICORE_MASTER_SLAVE_M33SLAVE -I"D:\Classworks\Microprocessor Lab\MPL\FP_hello_world_cm33_core0\source" -I"D:\Classworks\Microprocessor Lab\MPL\FP_hello_world_cm33_core0\utilities" -I"D:\Classworks\Microprocessor Lab\MPL\FP_hello_world_cm33_core0\drivers" -I"D:\Classworks\Microprocessor Lab\MPL\FP_hello_world_cm33_core0\mcmgr" -I"D:\Classworks\Microprocessor Lab\MPL\FP_hello_world_cm33_core0\device" -I"D:\Classworks\Microprocessor Lab\MPL\FP_hello_world_cm33_core0\startup" -I"D:\Classworks\Microprocessor Lab\MPL\FP_hello_world_cm33_core0\component\uart" -I"D:\Classworks\Microprocessor Lab\MPL\FP_hello_world_cm33_core0\component\lists" -I"D:\Classworks\Microprocessor Lab\MPL\FP_hello_world_cm33_core0\CMSIS" -I"D:\Classworks\Microprocessor Lab\MPL\FP_hello_world_cm33_core0\board" -I"D:\Classworks\Microprocessor Lab\MPL\FP_hello_world_cm33_core0\lpcxpresso55s69\multicore_examples\hello_world\cm33_core0" -O0 -fno-common -g3 -gdwarf-4 -mcpu=cortex-m33 -c -ffunction-sections -fdata-sections -fno-builtin -fmerge-constants -fmacro-prefix-map="../mcmgr/"= -mcpu=cortex-m33 -mfpu=fpv5-sp-d16 -mfloat-abi=hard -mthumb -D__REDLIB__ -fstack-usage -specs=redlib.specs -MMD -MP -MF"mcmgr/mcmgr_internal_core_api_lpc55s69.d" -MT"mcmgr/mcmgr_internal_core_api_lpc55s69.o" -MT"mcmgr/mcmgr_internal_core_api_lpc55s69.d" -o "mcmgr/mcmgr_internal_core_api_lpc55s69.o" "../mcmgr/mcmgr_internal_core_api_lpc55s69.c"
Building file: ../drivers/fsl_clock.c
Finished building: ../startup/startup_lpc55s69_cm33_core0.c
 
Invoking: MCU C Compiler
Finished building: ../utilities/fsl_assert.c
arm-none-eabi-gcc -std=gnu99 -D__REDLIB__ -DCPU_LPC55S69JBD100_cm33_core0 -DMCMGR_HANDLE_EXCEPTIONS=1 -D__SEMIHOST_HARDFAULT_DISABLE=1 -DMCUXPRESSO_SDK -DMULTICORE_APP=1 -DCPU_LPC55S69JBD100 -DCPU_LPC55S69JBD100_cm33 -DSDK_DEBUGCONSOLE=0 -DCR_INTEGER_PRINTF -D__MCUXPRESSO -D__USE_CMSIS -DDEBUG -D__MULTICORE_MASTER -D__MULTICORE_MASTER_SLAVE_M33SLAVE -I"D:\Classworks\Microprocessor Lab\MPL\FP_hello_world_cm33_core0\source" -I"D:\Classworks\Microprocessor Lab\MPL\FP_hello_world_cm33_core0\utilities" -I"D:\Classworks\Microprocessor Lab\MPL\FP_hello_world_cm33_core0\drivers" -I"D:\Classworks\Microprocessor Lab\MPL\FP_hello_world_cm33_core0\mcmgr" -I"D:\Classworks\Microprocessor Lab\MPL\FP_hello_world_cm33_core0\device" -I"D:\Classworks\Microprocessor Lab\MPL\FP_hello_world_cm33_core0\startup" -I"D:\Classworks\Microprocessor Lab\MPL\FP_hello_world_cm33_core0\component\uart" -I"D:\Classworks\Microprocessor Lab\MPL\FP_hello_world_cm33_core0\component\lists" -I"D:\Classworks\Microprocessor Lab\MPL\FP_hello_world_cm33_core0\CMSIS" -I"D:\Classworks\Microprocessor Lab\MPL\FP_hello_world_cm33_core0\board" -I"D:\Classworks\Microprocessor Lab\MPL\FP_hello_world_cm33_core0\lpcxpresso55s69\multicore_examples\hello_world\cm33_core0" -O0 -fno-common -g3 -gdwarf-4 -mcpu=cortex-m33 -c -ffunction-sections -fdata-sections -fno-builtin -fmerge-constants -fmacro-prefix-map="../drivers/"= -mcpu=cortex-m33 -mfpu=fpv5-sp-d16 -mfloat-abi=hard -mthumb -D__REDLIB__ -fstack-usage -specs=redlib.specs -MMD -MP -MF"drivers/fsl_clock.d" -MT"drivers/fsl_clock.o" -MT"drivers/fsl_clock.d" -o "drivers/fsl_clock.o" "../drivers/fsl_clock.c"
Building file: ../drivers/fsl_common.c
 
Building file: ../drivers/fsl_common_arm.c
Invoking: MCU C Compiler
Invoking: MCU C Compiler
arm-none-eabi-gcc -std=gnu99 -D__REDLIB__ -DCPU_LPC55S69JBD100_cm33_core0 -DMCMGR_HANDLE_EXCEPTIONS=1 -D__SEMIHOST_HARDFAULT_DISABLE=1 -DMCUXPRESSO_SDK -DMULTICORE_APP=1 -DCPU_LPC55S69JBD100 -DCPU_LPC55S69JBD100_cm33 -DSDK_DEBUGCONSOLE=0 -DCR_INTEGER_PRINTF -D__MCUXPRESSO -D__USE_CMSIS -DDEBUG -D__MULTICORE_MASTER -D__MULTICORE_MASTER_SLAVE_M33SLAVE -I"D:\Classworks\Microprocessor Lab\MPL\FP_hello_world_cm33_core0\source" -I"D:\Classworks\Microprocessor Lab\MPL\FP_hello_world_cm33_core0\utilities" -I"D:\Classworks\Microprocessor Lab\MPL\FP_hello_world_cm33_core0\drivers" -I"D:\Classworks\Microprocessor Lab\MPL\FP_hello_world_cm33_core0\mcmgr" -I"D:\Classworks\Microprocessor Lab\MPL\FP_hello_world_cm33_core0\device" -I"D:\Classworks\Microprocessor Lab\MPL\FP_hello_world_cm33_core0\startup" -I"D:\Classworks\Microprocessor Lab\MPL\FP_hello_world_cm33_core0\component\uart" -I"D:\Classworks\Microprocessor Lab\MPL\FP_hello_world_cm33_core0\component\lists" -I"D:\Classworks\Microprocessor Lab\MPL\FP_hello_world_cm33_core0\CMSIS" -I"D:\Classworks\Microprocessor Lab\MPL\FP_hello_world_cm33_core0\board" -I"D:\Classworks\Microprocessor Lab\MPL\FP_hello_world_cm33_core0\lpcxpresso55s69\multicore_examples\hello_world\cm33_core0" -O0 -fno-common -g3 -gdwarf-4 -mcpu=cortex-m33 -c -ffunction-sections -fdata-sections -fno-builtin -fmerge-constants -fmacro-prefix-map="../drivers/"= -mcpu=cortex-m33 -mfpu=fpv5-sp-d16 -mfloat-abi=hard -mthumb -D__REDLIB__ -fstack-usage -specs=redlib.specs -MMD -MP -MF"drivers/fsl_common.d" -MT"drivers/fsl_common.o" -MT"drivers/fsl_common.d" -o "drivers/fsl_common.o" "../drivers/fsl_common.c"
Finished building: ../utilities/fsl_debug_console.c
arm-none-eabi-gcc -std=gnu99 -D__REDLIB__ -DCPU_LPC55S69JBD100_cm33_core0 -DMCMGR_HANDLE_EXCEPTIONS=1 -D__SEMIHOST_HARDFAULT_DISABLE=1 -DMCUXPRESSO_SDK -DMULTICORE_APP=1 -DCPU_LPC55S69JBD100 -DCPU_LPC55S69JBD100_cm33 -DSDK_DEBUGCONSOLE=0 -DCR_INTEGER_PRINTF -D__MCUXPRESSO -D__USE_CMSIS -DDEBUG -D__MULTICORE_MASTER -D__MULTICORE_MASTER_SLAVE_M33SLAVE -I"D:\Classworks\Microprocessor Lab\MPL\FP_hello_world_cm33_core0\source" -I"D:\Classworks\Microprocessor Lab\MPL\FP_hello_world_cm33_core0\utilities" -I"D:\Classworks\Microprocessor Lab\MPL\FP_hello_world_cm33_core0\drivers" -I"D:\Classworks\Microprocessor Lab\MPL\FP_hello_world_cm33_core0\mcmgr" -I"D:\Classworks\Microprocessor Lab\MPL\FP_hello_world_cm33_core0\device" -I"D:\Classworks\Microprocessor Lab\MPL\FP_hello_world_cm33_core0\startup" -I"D:\Classworks\Microprocessor Lab\MPL\FP_hello_world_cm33_core0\component\uart" -I"D:\Classworks\Microprocessor Lab\MPL\FP_hello_world_cm33_core0\component\lists" -I"D:\Classworks\Microprocessor Lab\MPL\FP_hello_world_cm33_core0\CMSIS" -I"D:\Classworks\Microprocessor Lab\MPL\FP_hello_world_cm33_core0\board" -I"D:\Classworks\Microprocessor Lab\MPL\FP_hello_world_cm33_core0\lpcxpresso55s69\multicore_examples\hello_world\cm33_core0" -O0 -fno-common -g3 -gdwarf-4 -mcpu=cortex-m33 -c -ffunction-sections -fdata-sections -fno-builtin -fmerge-constants -fmacro-prefix-map="../drivers/"= -mcpu=cortex-m33 -mfpu=fpv5-sp-d16 -mfloat-abi=hard -mthumb -D__REDLIB__ -fstack-usage -specs=redlib.specs -MMD -MP -MF"drivers/fsl_common_arm.d" -MT"drivers/fsl_common_arm.o" -MT"drivers/fsl_common_arm.d" -o "drivers/fsl_common_arm.o" "../drivers/fsl_common_arm.c"
 
Building file: ../drivers/fsl_flexcomm.c
Finished building: ../utilities/fsl_str.c
Invoking: MCU C Compiler
arm-none-eabi-gcc -std=gnu99 -D__REDLIB__ -DCPU_LPC55S69JBD100_cm33_core0 -DMCMGR_HANDLE_EXCEPTIONS=1 -D__SEMIHOST_HARDFAULT_DISABLE=1 -DMCUXPRESSO_SDK -DMULTICORE_APP=1 -DCPU_LPC55S69JBD100 -DCPU_LPC55S69JBD100_cm33 -DSDK_DEBUGCONSOLE=0 -DCR_INTEGER_PRINTF -D__MCUXPRESSO -D__USE_CMSIS -DDEBUG -D__MULTICORE_MASTER -D__MULTICORE_MASTER_SLAVE_M33SLAVE -I"D:\Classworks\Microprocessor Lab\MPL\FP_hello_world_cm33_core0\source" -I"D:\Classworks\Microprocessor Lab\MPL\FP_hello_world_cm33_core0\utilities" -I"D:\Classworks\Microprocessor Lab\MPL\FP_hello_world_cm33_core0\drivers" -I"D:\Classworks\Microprocessor Lab\MPL\FP_hello_world_cm33_core0\mcmgr" -I"D:\Classworks\Microprocessor Lab\MPL\FP_hello_world_cm33_core0\device" -I"D:\Classworks\Microprocessor Lab\MPL\FP_hello_world_cm33_core0\startup" -I"D:\Classworks\Microprocessor Lab\MPL\FP_hello_world_cm33_core0\component\uart" -I"D:\Classworks\Microprocessor Lab\MPL\FP_hello_world_cm33_core0\component\lists" -I"D:\Classworks\Microprocessor Lab\MPL\FP_hello_world_cm33_core0\CMSIS" -I"D:\Classworks\Microprocessor Lab\MPL\FP_hello_world_cm33_core0\board" -I"D:\Classworks\Microprocessor Lab\MPL\FP_hello_world_cm33_core0\lpcxpresso55s69\multicore_examples\hello_world\cm33_core0" -O0 -fno-common -g3 -gdwarf-4 -mcpu=cortex-m33 -c -ffunction-sections -fdata-sections -fno-builtin -fmerge-constants -fmacro-prefix-map="../drivers/"= -mcpu=cortex-m33 -mfpu=fpv5-sp-d16 -mfloat-abi=hard -mthumb -D__REDLIB__ -fstack-usage -specs=redlib.specs -MMD -MP -MF"drivers/fsl_flexcomm.d" -MT"drivers/fsl_flexcomm.o" -MT"drivers/fsl_flexcomm.d" -o "drivers/fsl_flexcomm.o" "../drivers/fsl_flexcomm.c"
 
Finished building: ../mcmgr/mcmgr.c
Building file: ../drivers/fsl_gpio.c
Finished building: ../source/hello_world_core0.c
 
Invoking: MCU C Compiler
arm-none-eabi-gcc -std=gnu99 -D__REDLIB__ -DCPU_LPC55S69JBD100_cm33_core0 -DMCMGR_HANDLE_EXCEPTIONS=1 -D__SEMIHOST_HARDFAULT_DISABLE=1 -DMCUXPRESSO_SDK -DMULTICORE_APP=1 -DCPU_LPC55S69JBD100 -DCPU_LPC55S69JBD100_cm33 -DSDK_DEBUGCONSOLE=0 -DCR_INTEGER_PRINTF -D__MCUXPRESSO -D__USE_CMSIS -DDEBUG -D__MULTICORE_MASTER -D__MULTICORE_MASTER_SLAVE_M33SLAVE -I"D:\Classworks\Microprocessor Lab\MPL\FP_hello_world_cm33_core0\source" -I"D:\Classworks\Microprocessor Lab\MPL\FP_hello_world_cm33_core0\utilities" -I"D:\Classworks\Microprocessor Lab\MPL\FP_hello_world_cm33_core0\drivers" -I"D:\Classworks\Microprocessor Lab\MPL\FP_hello_world_cm33_core0\mcmgr" -I"D:\Classworks\Microprocessor Lab\MPL\FP_hello_world_cm33_core0\device" -I"D:\Classworks\Microprocessor Lab\MPL\FP_hello_world_cm33_core0\startup" -I"D:\Classworks\Microprocessor Lab\MPL\FP_hello_world_cm33_core0\component\uart" -I"D:\Classworks\Microprocessor Lab\MPL\FP_hello_world_cm33_core0\component\lists" -I"D:\Classworks\Microprocessor Lab\MPL\FP_hello_world_cm33_core0\CMSIS" -I"D:\Classworks\Microprocessor Lab\MPL\FP_hello_world_cm33_core0\board" -I"D:\Classworks\Microprocessor Lab\MPL\FP_hello_world_cm33_core0\lpcxpresso55s69\multicore_examples\hello_world\cm33_core0" -O0 -fno-common -g3 -gdwarf-4 -mcpu=cortex-m33 -c -ffunction-sections -fdata-sections -fno-builtin -fmerge-constants -fmacro-prefix-map="../drivers/"= -mcpu=cortex-m33 -mfpu=fpv5-sp-d16 -mfloat-abi=hard -mthumb -D__REDLIB__ -fstack-usage -specs=redlib.specs -MMD -MP -MF"drivers/fsl_gpio.d" -MT"drivers/fsl_gpio.o" -MT"drivers/fsl_gpio.d" -o "drivers/fsl_gpio.o" "../drivers/fsl_gpio.c"
 
Building file: ../drivers/fsl_power.c
Building file: ../drivers/fsl_reset.c
Invoking: MCU C Compiler
arm-none-eabi-gcc -std=gnu99 -D__REDLIB__ -DCPU_LPC55S69JBD100_cm33_core0 -DMCMGR_HANDLE_EXCEPTIONS=1 -D__SEMIHOST_HARDFAULT_DISABLE=1 -DMCUXPRESSO_SDK -DMULTICORE_APP=1 -DCPU_LPC55S69JBD100 -DCPU_LPC55S69JBD100_cm33 -DSDK_DEBUGCONSOLE=0 -DCR_INTEGER_PRINTF -D__MCUXPRESSO -D__USE_CMSIS -DDEBUG -D__MULTICORE_MASTER -D__MULTICORE_MASTER_SLAVE_M33SLAVE -I"D:\Classworks\Microprocessor Lab\MPL\FP_hello_world_cm33_core0\source" -I"D:\Classworks\Microprocessor Lab\MPL\FP_hello_world_cm33_core0\utilities" -I"D:\Classworks\Microprocessor Lab\MPL\FP_hello_world_cm33_core0\drivers" -I"D:\Classworks\Microprocessor Lab\MPL\FP_hello_world_cm33_core0\mcmgr" -I"D:\Classworks\Microprocessor Lab\MPL\FP_hello_world_cm33_core0\device" -I"D:\Classworks\Microprocessor Lab\MPL\FP_hello_world_cm33_core0\startup" -I"D:\Classworks\Microprocessor Lab\MPL\FP_hello_world_cm33_core0\component\uart" -I"D:\Classworks\Microprocessor Lab\MPL\FP_hello_world_cm33_core0\component\lists" -I"D:\Classworks\Microprocessor Lab\MPL\FP_hello_world_cm33_core0\CMSIS" -I"D:\Classworks\Microprocessor Lab\MPL\FP_hello_world_cm33_core0\board" -I"D:\Classworks\Microprocessor Lab\MPL\FP_hello_world_cm33_core0\lpcxpresso55s69\multicore_examples\hello_world\cm33_core0" -O0 -fno-common -g3 -gdwarf-4 -mcpu=cortex-m33 -c -ffunction-sections -fdata-sections -fno-builtin -fmerge-constants -fmacro-prefix-map="../drivers/"= -mcpu=cortex-m33 -mfpu=fpv5-sp-d16 -mfloat-abi=hard -mthumb -D__REDLIB__ -fstack-usage -specs=redlib.specs -MMD -MP -MF"drivers/fsl_power.d" -MT"drivers/fsl_power.o" -MT"drivers/fsl_power.d" -o "drivers/fsl_power.o" "../drivers/fsl_power.c"
Invoking: MCU C Compiler
arm-none-eabi-gcc -std=gnu99 -D__REDLIB__ -DCPU_LPC55S69JBD100_cm33_core0 -DMCMGR_HANDLE_EXCEPTIONS=1 -D__SEMIHOST_HARDFAULT_DISABLE=1 -DMCUXPRESSO_SDK -DMULTICORE_APP=1 -DCPU_LPC55S69JBD100 -DCPU_LPC55S69JBD100_cm33 -DSDK_DEBUGCONSOLE=0 -DCR_INTEGER_PRINTF -D__MCUXPRESSO -D__USE_CMSIS -DDEBUG -D__MULTICORE_MASTER -D__MULTICORE_MASTER_SLAVE_M33SLAVE -I"D:\Classworks\Microprocessor Lab\MPL\FP_hello_world_cm33_core0\source" -I"D:\Classworks\Microprocessor Lab\MPL\FP_hello_world_cm33_core0\utilities" -I"D:\Classworks\Microprocessor Lab\MPL\FP_hello_world_cm33_core0\drivers" -I"D:\Classworks\Microprocessor Lab\MPL\FP_hello_world_cm33_core0\mcmgr" -I"D:\Classworks\Microprocessor Lab\MPL\FP_hello_world_cm33_core0\device" -I"D:\Classworks\Microprocessor Lab\MPL\FP_hello_world_cm33_core0\startup" -I"D:\Classworks\Microprocessor Lab\MPL\FP_hello_world_cm33_core0\component\uart" -I"D:\Classworks\Microprocessor Lab\MPL\FP_hello_world_cm33_core0\component\lists" -I"D:\Classworks\Microprocessor Lab\MPL\FP_hello_world_cm33_core0\CMSIS" -I"D:\Classworks\Microprocessor Lab\MPL\FP_hello_world_cm33_core0\board" -I"D:\Classworks\Microprocessor Lab\MPL\FP_hello_world_cm33_core0\lpcxpresso55s69\multicore_examples\hello_world\cm33_core0" -O0 -fno-common -g3 -gdwarf-4 -mcpu=cortex-m33 -c -ffunction-sections -fdata-sections -fno-builtin -fmerge-constants -fmacro-prefix-map="../drivers/"= -mcpu=cortex-m33 -mfpu=fpv5-sp-d16 -mfloat-abi=hard -mthumb -D__REDLIB__ -fstack-usage -specs=redlib.specs -MMD -MP -MF"drivers/fsl_reset.d" -MT"drivers/fsl_reset.o" -MT"drivers/fsl_reset.d" -o "drivers/fsl_reset.o" "../drivers/fsl_reset.c"
Finished building: ../mcmgr/mcmgr_internal_core_api_lpc55s69.c
 
Building file: ../drivers/fsl_usart.c
Finished building: ../drivers/fsl_common_arm.c
Invoking: MCU C Compiler
arm-none-eabi-gcc -std=gnu99 -D__REDLIB__ -DCPU_LPC55S69JBD100_cm33_core0 -DMCMGR_HANDLE_EXCEPTIONS=1 -D__SEMIHOST_HARDFAULT_DISABLE=1 -DMCUXPRESSO_SDK -DMULTICORE_APP=1 -DCPU_LPC55S69JBD100 -DCPU_LPC55S69JBD100_cm33 -DSDK_DEBUGCONSOLE=0 -DCR_INTEGER_PRINTF -D__MCUXPRESSO -D__USE_CMSIS -DDEBUG -D__MULTICORE_MASTER -D__MULTICORE_MASTER_SLAVE_M33SLAVE -I"D:\Classworks\Microprocessor Lab\MPL\FP_hello_world_cm33_core0\source" -I"D:\Classworks\Microprocessor Lab\MPL\FP_hello_world_cm33_core0\utilities" -I"D:\Classworks\Microprocessor Lab\MPL\FP_hello_world_cm33_core0\drivers" -I"D:\Classworks\Microprocessor Lab\MPL\FP_hello_world_cm33_core0\mcmgr" -I"D:\Classworks\Microprocessor Lab\MPL\FP_hello_world_cm33_core0\device" -I"D:\Classworks\Microprocessor Lab\MPL\FP_hello_world_cm33_core0\startup" -I"D:\Classworks\Microprocessor Lab\MPL\FP_hello_world_cm33_core0\component\uart" -I"D:\Classworks\Microprocessor Lab\MPL\FP_hello_world_cm33_core0\component\lists" -I"D:\Classworks\Microprocessor Lab\MPL\FP_hello_world_cm33_core0\CMSIS" -I"D:\Classworks\Microprocessor Lab\MPL\FP_hello_world_cm33_core0\board" -I"D:\Classworks\Microprocessor Lab\MPL\FP_hello_world_cm33_core0\lpcxpresso55s69\multicore_examples\hello_world\cm33_core0" -O0 -fno-common -g3 -gdwarf-4 -mcpu=cortex-m33 -c -ffunction-sections -fdata-sections -fno-builtin -fmerge-constants -fmacro-prefix-map="../drivers/"= -mcpu=cortex-m33 -mfpu=fpv5-sp-d16 -mfloat-abi=hard -mthumb -D__REDLIB__ -fstack-usage -specs=redlib.specs -MMD -MP -MF"drivers/fsl_usart.d" -MT"drivers/fsl_usart.o" -MT"drivers/fsl_usart.d" -o "drivers/fsl_usart.o" "../drivers/fsl_usart.c"
 
Finished building: ../drivers/fsl_common.c
Building file: ../device/system_LPC55S69_cm33_core0.c
 
Invoking: MCU C Compiler
arm-none-eabi-gcc -std=gnu99 -D__REDLIB__ -DCPU_LPC55S69JBD100_cm33_core0 -DMCMGR_HANDLE_EXCEPTIONS=1 -D__SEMIHOST_HARDFAULT_DISABLE=1 -DMCUXPRESSO_SDK -DMULTICORE_APP=1 -DCPU_LPC55S69JBD100 -DCPU_LPC55S69JBD100_cm33 -DSDK_DEBUGCONSOLE=0 -DCR_INTEGER_PRINTF -D__MCUXPRESSO -D__USE_CMSIS -DDEBUG -D__MULTICORE_MASTER -D__MULTICORE_MASTER_SLAVE_M33SLAVE -I"D:\Classworks\Microprocessor Lab\MPL\FP_hello_world_cm33_core0\source" -I"D:\Classworks\Microprocessor Lab\MPL\FP_hello_world_cm33_core0\utilities" -I"D:\Classworks\Microprocessor Lab\MPL\FP_hello_world_cm33_core0\drivers" -I"D:\Classworks\Microprocessor Lab\MPL\FP_hello_world_cm33_core0\mcmgr" -I"D:\Classworks\Microprocessor Lab\MPL\FP_hello_world_cm33_core0\device" -I"D:\Classworks\Microprocessor Lab\MPL\FP_hello_world_cm33_core0\startup" -I"D:\Classworks\Microprocessor Lab\MPL\FP_hello_world_cm33_core0\component\uart" -I"D:\Classworks\Microprocessor Lab\MPL\FP_hello_world_cm33_core0\component\lists" -I"D:\Classworks\Microprocessor Lab\MPL\FP_hello_world_cm33_core0\CMSIS" -I"D:\Classworks\Microprocessor Lab\MPL\FP_hello_world_cm33_core0\board" -I"D:\Classworks\Microprocessor Lab\MPL\FP_hello_world_cm33_core0\lpcxpresso55s69\multicore_examples\hello_world\cm33_core0" -O0 -fno-common -g3 -gdwarf-4 -mcpu=cortex-m33 -c -ffunction-sections -fdata-sections -fno-builtin -fmerge-constants -fmacro-prefix-map="../device/"= -mcpu=cortex-m33 -mfpu=fpv5-sp-d16 -mfloat-abi=hard -mthumb -D__REDLIB__ -fstack-usage -specs=redlib.specs -MMD -MP -MF"device/system_LPC55S69_cm33_core0.d" -MT"device/system_LPC55S69_cm33_core0.o" -MT"device/system_LPC55S69_cm33_core0.d" -o "device/system_LPC55S69_cm33_core0.o" "../device/system_LPC55S69_cm33_core0.c"
Building file: ../component/uart/fsl_adapter_usart.c
Invoking: MCU C Compiler
arm-none-eabi-gcc -std=gnu99 -D__REDLIB__ -DCPU_LPC55S69JBD100_cm33_core0 -DMCMGR_HANDLE_EXCEPTIONS=1 -D__SEMIHOST_HARDFAULT_DISABLE=1 -DMCUXPRESSO_SDK -DMULTICORE_APP=1 -DCPU_LPC55S69JBD100 -DCPU_LPC55S69JBD100_cm33 -DSDK_DEBUGCONSOLE=0 -DCR_INTEGER_PRINTF -D__MCUXPRESSO -D__USE_CMSIS -DDEBUG -D__MULTICORE_MASTER -D__MULTICORE_MASTER_SLAVE_M33SLAVE -I"D:\Classworks\Microprocessor Lab\MPL\FP_hello_world_cm33_core0\source" -I"D:\Classworks\Microprocessor Lab\MPL\FP_hello_world_cm33_core0\utilities" -I"D:\Classworks\Microprocessor Lab\MPL\FP_hello_world_cm33_core0\drivers" -I"D:\Classworks\Microprocessor Lab\MPL\FP_hello_world_cm33_core0\mcmgr" -I"D:\Classworks\Microprocessor Lab\MPL\FP_hello_world_cm33_core0\device" -I"D:\Classworks\Microprocessor Lab\MPL\FP_hello_world_cm33_core0\startup" -I"D:\Classworks\Microprocessor Lab\MPL\FP_hello_world_cm33_core0\component\uart" -I"D:\Classworks\Microprocessor Lab\MPL\FP_hello_world_cm33_core0\component\lists" -I"D:\Classworks\Microprocessor Lab\MPL\FP_hello_world_cm33_core0\CMSIS" -I"D:\Classworks\Microprocessor Lab\MPL\FP_hello_world_cm33_core0\board" -I"D:\Classworks\Microprocessor Lab\MPL\FP_hello_world_cm33_core0\lpcxpresso55s69\multicore_examples\hello_world\cm33_core0" -O0 -fno-common -g3 -gdwarf-4 -mcpu=cortex-m33 -c -ffunction-sections -fdata-sections -fno-builtin -fmerge-constants -fmacro-prefix-map="../component/uart/"= -mcpu=cortex-m33 -mfpu=fpv5-sp-d16 -mfloat-abi=hard -mthumb -D__REDLIB__ -fstack-usage -specs=redlib.specs -MMD -MP -MF"component/uart/fsl_adapter_usart.d" -MT"component/uart/fsl_adapter_usart.o" -MT"component/uart/fsl_adapter_usart.d" -o "component/uart/fsl_adapter_usart.o" "../component/uart/fsl_adapter_usart.c"
Finished building: ../drivers/fsl_clock.c
Finished building: ../drivers/fsl_gpio.c
 
Finished building: ../drivers/fsl_flexcomm.c
 
Building file: ../component/lists/fsl_component_generic_list.c
 
Building file: ../board/board.c
Invoking: MCU C Compiler
arm-none-eabi-gcc -std=gnu99 -D__REDLIB__ -DCPU_LPC55S69JBD100_cm33_core0 -DMCMGR_HANDLE_EXCEPTIONS=1 -D__SEMIHOST_HARDFAULT_DISABLE=1 -DMCUXPRESSO_SDK -DMULTICORE_APP=1 -DCPU_LPC55S69JBD100 -DCPU_LPC55S69JBD100_cm33 -DSDK_DEBUGCONSOLE=0 -DCR_INTEGER_PRINTF -D__MCUXPRESSO -D__USE_CMSIS -DDEBUG -D__MULTICORE_MASTER -D__MULTICORE_MASTER_SLAVE_M33SLAVE -I"D:\Classworks\Microprocessor Lab\MPL\FP_hello_world_cm33_core0\source" -I"D:\Classworks\Microprocessor Lab\MPL\FP_hello_world_cm33_core0\utilities" -I"D:\Classworks\Microprocessor Lab\MPL\FP_hello_world_cm33_core0\drivers" -I"D:\Classworks\Microprocessor Lab\MPL\FP_hello_world_cm33_core0\mcmgr" -I"D:\Classworks\Microprocessor Lab\MPL\FP_hello_world_cm33_core0\device" -I"D:\Classworks\Microprocessor Lab\MPL\FP_hello_world_cm33_core0\startup" -I"D:\Classworks\Microprocessor Lab\MPL\FP_hello_world_cm33_core0\component\uart" -I"D:\Classworks\Microprocessor Lab\MPL\FP_hello_world_cm33_core0\component\lists" -I"D:\Classworks\Microprocessor Lab\MPL\FP_hello_world_cm33_core0\CMSIS" -I"D:\Classworks\Microprocessor Lab\MPL\FP_hello_world_cm33_core0\board" -I"D:\Classworks\Microprocessor Lab\MPL\FP_hello_world_cm33_core0\lpcxpresso55s69\multicore_examples\hello_world\cm33_core0" -O0 -fno-common -g3 -gdwarf-4 -mcpu=cortex-m33 -c -ffunction-sections -fdata-sections -fno-builtin -fmerge-constants -fmacro-prefix-map="../component/lists/"= -mcpu=cortex-m33 -mfpu=fpv5-sp-d16 -mfloat-abi=hard -mthumb -D__REDLIB__ -fstack-usage -specs=redlib.specs -MMD -MP -MF"component/lists/fsl_component_generic_list.d" -MT"component/lists/fsl_component_generic_list.o" -MT"component/lists/fsl_component_generic_list.d" -o "component/lists/fsl_component_generic_list.o" "../component/lists/fsl_component_generic_list.c"
Building file: ../board/clock_config.c
Finished building: ../drivers/fsl_reset.c
Invoking: MCU C Compiler
 
arm-none-eabi-gcc -std=gnu99 -D__REDLIB__ -DCPU_LPC55S69JBD100_cm33_core0 -DMCMGR_HANDLE_EXCEPTIONS=1 -D__SEMIHOST_HARDFAULT_DISABLE=1 -DMCUXPRESSO_SDK -DMULTICORE_APP=1 -DCPU_LPC55S69JBD100 -DCPU_LPC55S69JBD100_cm33 -DSDK_DEBUGCONSOLE=0 -DCR_INTEGER_PRINTF -D__MCUXPRESSO -D__USE_CMSIS -DDEBUG -D__MULTICORE_MASTER -D__MULTICORE_MASTER_SLAVE_M33SLAVE -I"D:\Classworks\Microprocessor Lab\MPL\FP_hello_world_cm33_core0\source" -I"D:\Classworks\Microprocessor Lab\MPL\FP_hello_world_cm33_core0\utilities" -I"D:\Classworks\Microprocessor Lab\MPL\FP_hello_world_cm33_core0\drivers" -I"D:\Classworks\Microprocessor Lab\MPL\FP_hello_world_cm33_core0\mcmgr" -I"D:\Classworks\Microprocessor Lab\MPL\FP_hello_world_cm33_core0\device" -I"D:\Classworks\Microprocessor Lab\MPL\FP_hello_world_cm33_core0\startup" -I"D:\Classworks\Microprocessor Lab\MPL\FP_hello_world_cm33_core0\component\uart" -I"D:\Classworks\Microprocessor Lab\MPL\FP_hello_world_cm33_core0\component\lists" -I"D:\Classworks\Microprocessor Lab\MPL\FP_hello_world_cm33_core0\CMSIS" -I"D:\Classworks\Microprocessor Lab\MPL\FP_hello_world_cm33_core0\board" -I"D:\Classworks\Microprocessor Lab\MPL\FP_hello_world_cm33_core0\lpcxpresso55s69\multicore_examples\hello_world\cm33_core0" -O0 -fno-common -g3 -gdwarf-4 -mcpu=cortex-m33 -c -ffunction-sections -fdata-sections -fno-builtin -fmerge-constants -fmacro-prefix-map="../board/"= -mcpu=cortex-m33 -mfpu=fpv5-sp-d16 -mfloat-abi=hard -mthumb -D__REDLIB__ -fstack-usage -specs=redlib.specs -MMD -MP -MF"board/board.d" -MT"board/board.o" -MT"board/board.d" -o "board/board.o" "../board/board.c"
Invoking: MCU C Compiler
Building file: ../board/pin_mux.c
arm-none-eabi-gcc -std=gnu99 -D__REDLIB__ -DCPU_LPC55S69JBD100_cm33_core0 -DMCMGR_HANDLE_EXCEPTIONS=1 -D__SEMIHOST_HARDFAULT_DISABLE=1 -DMCUXPRESSO_SDK -DMULTICORE_APP=1 -DCPU_LPC55S69JBD100 -DCPU_LPC55S69JBD100_cm33 -DSDK_DEBUGCONSOLE=0 -DCR_INTEGER_PRINTF -D__MCUXPRESSO -D__USE_CMSIS -DDEBUG -D__MULTICORE_MASTER -D__MULTICORE_MASTER_SLAVE_M33SLAVE -I"D:\Classworks\Microprocessor Lab\MPL\FP_hello_world_cm33_core0\source" -I"D:\Classworks\Microprocessor Lab\MPL\FP_hello_world_cm33_core0\utilities" -I"D:\Classworks\Microprocessor Lab\MPL\FP_hello_world_cm33_core0\drivers" -I"D:\Classworks\Microprocessor Lab\MPL\FP_hello_world_cm33_core0\mcmgr" -I"D:\Classworks\Microprocessor Lab\MPL\FP_hello_world_cm33_core0\device" -I"D:\Classworks\Microprocessor Lab\MPL\FP_hello_world_cm33_core0\startup" -I"D:\Classworks\Microprocessor Lab\MPL\FP_hello_world_cm33_core0\component\uart" -I"D:\Classworks\Microprocessor Lab\MPL\FP_hello_world_cm33_core0\component\lists" -I"D:\Classworks\Microprocessor Lab\MPL\FP_hello_world_cm33_core0\CMSIS" -I"D:\Classworks\Microprocessor Lab\MPL\FP_hello_world_cm33_core0\board" -I"D:\Classworks\Microprocessor Lab\MPL\FP_hello_world_cm33_core0\lpcxpresso55s69\multicore_examples\hello_world\cm33_core0" -O0 -fno-common -g3 -gdwarf-4 -mcpu=cortex-m33 -c -ffunction-sections -fdata-sections -fno-builtin -fmerge-constants -fmacro-prefix-map="../board/"= -mcpu=cortex-m33 -mfpu=fpv5-sp-d16 -mfloat-abi=hard -mthumb -D__REDLIB__ -fstack-usage -specs=redlib.specs -MMD -MP -MF"board/clock_config.d" -MT"board/clock_config.o" -MT"board/clock_config.d" -o "board/clock_config.o" "../board/clock_config.c"
Invoking: MCU C Compiler
arm-none-eabi-gcc -std=gnu99 -D__REDLIB__ -DCPU_LPC55S69JBD100_cm33_core0 -DMCMGR_HANDLE_EXCEPTIONS=1 -D__SEMIHOST_HARDFAULT_DISABLE=1 -DMCUXPRESSO_SDK -DMULTICORE_APP=1 -DCPU_LPC55S69JBD100 -DCPU_LPC55S69JBD100_cm33 -DSDK_DEBUGCONSOLE=0 -DCR_INTEGER_PRINTF -D__MCUXPRESSO -D__USE_CMSIS -DDEBUG -D__MULTICORE_MASTER -D__MULTICORE_MASTER_SLAVE_M33SLAVE -I"D:\Classworks\Microprocessor Lab\MPL\FP_hello_world_cm33_core0\source" -I"D:\Classworks\Microprocessor Lab\MPL\FP_hello_world_cm33_core0\utilities" -I"D:\Classworks\Microprocessor Lab\MPL\FP_hello_world_cm33_core0\drivers" -I"D:\Classworks\Microprocessor Lab\MPL\FP_hello_world_cm33_core0\mcmgr" -I"D:\Classworks\Microprocessor Lab\MPL\FP_hello_world_cm33_core0\device" -I"D:\Classworks\Microprocessor Lab\MPL\FP_hello_world_cm33_core0\startup" -I"D:\Classworks\Microprocessor Lab\MPL\FP_hello_world_cm33_core0\component\uart" -I"D:\Classworks\Microprocessor Lab\MPL\FP_hello_world_cm33_core0\component\lists" -I"D:\Classworks\Microprocessor Lab\MPL\FP_hello_world_cm33_core0\CMSIS" -I"D:\Classworks\Microprocessor Lab\MPL\FP_hello_world_cm33_core0\board" -I"D:\Classworks\Microprocessor Lab\MPL\FP_hello_world_cm33_core0\lpcxpresso55s69\multicore_examples\hello_world\cm33_core0" -O0 -fno-common -g3 -gdwarf-4 -mcpu=cortex-m33 -c -ffunction-sections -fdata-sections -fno-builtin -fmerge-constants -fmacro-prefix-map="../board/"= -mcpu=cortex-m33 -mfpu=fpv5-sp-d16 -mfloat-abi=hard -mthumb -D__REDLIB__ -fstack-usage -specs=redlib.specs -MMD -MP -MF"board/pin_mux.d" -MT"board/pin_mux.o" -MT"board/pin_mux.d" -o "board/pin_mux.o" "../board/pin_mux.c"
Finished building: ../drivers/fsl_power.c
 
Finished building: ../device/system_LPC55S69_cm33_core0.c
Finished building: ../component/uart/fsl_adapter_usart.c
 
 
Finished building: ../drivers/fsl_usart.c
 
Finished building: ../component/lists/fsl_component_generic_list.c
Finished building: ../board/board.c
 
 
Finished building: ../board/clock_config.c
Finished building: ../board/pin_mux.c
 
 
Building target: FP_hello_world_cm33_core0.axf
Invoking: MCU Linker
arm-none-eabi-gcc -nostdlib -Xlinker -no-warn-rwx-segments -Xlinker -Map="FP_hello_world_cm33_core0.map" -Xlinker --gc-sections -Xlinker -print-memory-usage -Xlinker --sort-section=alignment -Xlinker --cref -mcpu=cortex-m33 -mfpu=fpv5-sp-d16 -mfloat-abi=hard -mthumb -T FP_hello_world_cm33_core0_Debug.ld -o "FP_hello_world_cm33_core0.axf" ./utilities/fsl_assert.o ./utilities/fsl_debug_console.o ./utilities/fsl_memcpy.o ./utilities/fsl_str.o  ./startup/boot_multicore_slave.o ./startup/startup_lpc55s69_cm33_core0.o  ./source/hello_world_core0.o ./source/semihost_hardfault.o  ./mcmgr/mcmgr.o ./mcmgr/mcmgr_internal_core_api_lpc55s69.o  ./drivers/fsl_clock.o ./drivers/fsl_common.o ./drivers/fsl_common_arm.o ./drivers/fsl_flexcomm.o ./drivers/fsl_gpio.o ./drivers/fsl_power.o ./drivers/fsl_reset.o ./drivers/fsl_usart.o  ./device/system_LPC55S69_cm33_core0.o  ./component/uart/fsl_adapter_usart.o  ./component/lists/fsl_component_generic_list.o  ./board/board.o ./board/clock_config.o ./board/pin_mux.o    "D:\Classworks\Microprocessor Lab\MPL\FP_hello_world_cm33_core1\Debug\FP_hello_world_cm33_core1.axf.o"
Memory region         Used Size  Region Size  %age Used
   PROGRAM_FLASH:       25952 B       640 KB      3.96%
            Ram0:        8556 B       198 KB      4.22%
            Ram1:       11480 B        68 KB     16.49%
    rpmsg_sh_mem:          0 GB         6 KB      0.00%
Finished building target: FP_hello_world_cm33_core0.axf
 
Performing post-build steps
arm-none-eabi-size "FP_hello_world_cm33_core0.axf"; # arm-none-eabi-objcopy -v -O binary "FP_hello_world_cm33_core0.axf" "FP_hello_world_cm33_core0.bin" ; # checksum -p LPC55S69 -d "FP_hello_world_cm33_core0.bin";
   text	   data	    bss	    dec	    hex	filename
  25944	      8	   8548	  34500	   86c4	FP_hello_world_cm33_core0.axf
 
05:04:32 **** Incremental Build of configuration Debug for project FP_hello_world_cm33_core1 ****
make -r -j8 all 
make[1]: Nothing to be done for 'main-build'.
Performing post-build steps
arm-none-eabi-size "FP_hello_world_cm33_core1.axf"; # arm-none-eabi-objcopy -v -O binary "FP_hello_world_cm33_core1.axf" "FP_hello_world_cm33_core1.bin" ; # checksum -p LPC55S69 -d "FP_hello_world_cm33_core1.bin";
   text	   data	    bss	    dec	    hex	filename
  11480	      0	   8544	  20024	   4e38	FP_hello_world_cm33_core1.axf
 
05:04:33 **** Incremental Build of configuration Debug for project FP_hello_world_cm33_core0 ****
make -r -j8 all 
make[1]: Nothing to be done for 'main-build'.
Performing post-build steps
arm-none-eabi-size "FP_hello_world_cm33_core0.axf"; # arm-none-eabi-objcopy -v -O binary "FP_hello_world_cm33_core0.axf" "FP_hello_world_cm33_core0.bin" ; # checksum -p LPC55S69 -d "FP_hello_world_cm33_core0.bin";
   text	   data	    bss	    dec	    hex	filename
  25944	      8	   8548	  34500	   86c4	FP_hello_world_cm33_core0.axf
 
05:04:34 **** Incremental Build of configuration Debug for project FP_hello_world_cm33_core0 ****
make -r -j8 all 
make[1]: Nothing to be done for 'main-build'.
Performing post-build steps
arm-none-eabi-size "FP_hello_world_cm33_core0.axf"; # arm-none-eabi-objcopy -v -O binary "FP_hello_world_cm33_core0.axf" "FP_hello_world_cm33_core0.bin" ; # checksum -p LPC55S69 -d "FP_hello_world_cm33_core0.bin";
   text	   data	    bss	    dec	    hex	filename
  25944	      8	   8548	  34500	   86c4	FP_hello_world_cm33_core0.axf
 
