09:41:24 **** Incremental Build of configuration Debug for project Lab3 ****
make -r -j8 all 
Building file: ../source/Lab3.c
Invoking: MCU C Compiler
arm-none-eabi-gcc -D__REDLIB__ -DCPU_LPC55S69JBD100 -DCPU_LPC55S69JBD100_cm33 -DCPU_LPC55S69JBD100_cm33_core0 -DSDK_OS_BAREMETAL -DSERIAL_PORT_TYPE_UART=1 -DSDK_DEBUGCONSOLE=0 -DCR_INTEGER_PRINTF -DPRINTF_FLOAT_ENABLE=0 -D__MCUXPRESSO -D__USE_CMSIS -DDEBUG -I"D:\Classworks\Microprocessor Lab\MPL\Lab3\board" -I"D:\Classworks\Microprocessor Lab\MPL\Lab3\source" -I"D:\Classworks\Microprocessor Lab\MPL\Lab3\utilities" -I"D:\Classworks\Microprocessor Lab\MPL\Lab3\drivers" -I"D:\Classworks\Microprocessor Lab\MPL\Lab3\component\uart" -I"D:\Classworks\Microprocessor Lab\MPL\Lab3\component\serial_manager" -I"D:\Classworks\Microprocessor Lab\MPL\Lab3\device" -I"D:\Classworks\Microprocessor Lab\MPL\Lab3\CMSIS" -I"D:\Classworks\Microprocessor Lab\MPL\Lab3\component\lists" -I"D:\Classworks\Microprocessor Lab\MPL\Lab3\startup" -O0 -fno-common -g3 -gdwarf-4 -Wall -c -ffunction-sections -fdata-sections -fno-builtin -fmerge-constants -fmacro-prefix-map="../source/"= -mcpu=cortex-m33 -mfpu=fpv5-sp-d16 -mfloat-abi=hard -mthumb -D__REDLIB__ -fstack-usage -specs=redlib.specs -MMD -MP -MF"source/Lab3.d" -MT"source/Lab3.o" -MT"source/Lab3.d" -o "source/Lab3.o" "../source/Lab3.c"
Finished building: ../source/Lab3.c
 
Building target: Lab3.axf
Invoking: MCU Linker
arm-none-eabi-gcc -nostdlib -Xlinker -Map="Lab3.map" -Xlinker --gc-sections -Xlinker -print-memory-usage -Xlinker --sort-section=alignment -Xlinker --cref -mcpu=cortex-m33 -mfpu=fpv5-sp-d16 -mfloat-abi=hard -mthumb -T Lab3_Debug.ld -o "Lab3.axf" ./utilities/fsl_assert.o ./utilities/fsl_debug_console.o ./utilities/fsl_str.o  ./startup/boot_multicore_slave.o ./startup/startup_lpc55s69_cm33_core0.o  ./source/Lab3.o ./source/semihost_hardfault.o  ./drivers/fsl_clock.o ./drivers/fsl_common.o ./drivers/fsl_common_arm.o ./drivers/fsl_flexcomm.o ./drivers/fsl_gpio.o ./drivers/fsl_i2c.o ./drivers/fsl_inputmux.o ./drivers/fsl_pint.o ./drivers/fsl_power.o ./drivers/fsl_reset.o ./drivers/fsl_usart.o  ./device/system_LPC55S69_cm33_core0.o  ./component/uart/fsl_adapter_usart.o  ./component/serial_manager/fsl_component_serial_manager.o ./component/serial_manager/fsl_component_serial_port_uart.o  ./component/lists/fsl_component_generic_list.o  ./board/board.o ./board/clock_config.o ./board/peripherals.o ./board/pin_mux.o   
Memory region         Used Size  Region Size  %age Used
   PROGRAM_FLASH:       14228 B       630 KB      2.21%
            SRAM:        8512 B       256 KB      3.25%
           SRAMX:          0 GB        32 KB      0.00%
         USB_RAM:          0 GB        16 KB      0.00%
           SRAM4:          0 GB        16 KB      0.00%
Finished building target: Lab3.axf
 
Performing post-build steps
arm-none-eabi-size "Lab3.axf"; # arm-none-eabi-objcopy -v -O binary "Lab3.axf" "Lab3.bin" ; # checksum -p LPC55S69 -d "Lab3.bin";
   text	   data	    bss	    dec	    hex	filename
  14220	      8	   8504	  22732	   58cc	Lab3.axf
 

09:41:27 Build Finished. 0 errors, 0 warnings. (took 2s.655ms)

